main.c:173:6:delay_1hz	4	static
main.c:181:6:delay_4hz	4	static
main.c:192:6:delayUs	16	static
main.c:197:6:delayMs	24	static
main.c:212:6:assignBlinkParamsCommand	4	static
main.c:221:6:handleBlinkCommand	8	static
main.c:238:6:UART_init	8	static
main.c:254:6:Send	280	static,ignoring_inline_asm
main.c:297:6:HAL_UART_TxCpltCallback	24	static
main.c:313:6:HAL_UART_RxCpltCallback	16	static
main.c:327:9:uart_ready	4	static
main.c:341:6:HAL_RTCEx_WakeUpTimerEventCallback	24	static
main.c:385:6:parseCommand	48	static
main.c:468:6:parseData	4	static
main.c:475:6:parseTime	16	static
main.c:492:6:parseDateTime	24	static
main.c:504:5:parseIntData	16	static
main.c:519:6:parseAlarms	40	static
main.c:574:6:clearCommand	8	static
main.c:581:6:clearData	8	static
main.c:597:6:decodeFrame	32	static
main.c:674:6:downloadFrame	16	static
main.c:745:6:buttonHandler	8	static
main.c:780:6:sendFail	16	static
main.c:794:5:main	32	static
main.c:933:6:SystemClock_Config	160	static
main.c:986:6:Error_Handler	4	static,ignoring_inline_asm
main.c:1005:6:assert_failed	16	static
