main.c:172:6:delay_1hz	4	static
main.c:180:6:delay_4hz	4	static
main.c:191:6:delayUs	16	static
main.c:196:6:delayMs	24	static
main.c:211:6:assignBlinkParamsCommand	4	static
main.c:220:6:handleBlinkCommand	8	static
main.c:237:6:UART_init	8	static
main.c:253:6:Send	280	static,ignoring_inline_asm
main.c:296:6:HAL_UART_TxCpltCallback	24	static
main.c:312:6:HAL_UART_RxCpltCallback	16	static
main.c:326:9:uart_ready	4	static
main.c:338:6:checkNextAlarm	4	static
main.c:343:6:HAL_RTCEx_WakeUpTimerEventCallback	24	static
main.c:378:6:HAL_RTC_AlarmAEventCallback	16	static
main.c:391:6:parseCommand	48	static
main.c:482:6:parseData	4	static
main.c:489:6:parseTime	16	static
main.c:506:6:parseDateTime	24	static
main.c:518:5:parseIntData	16	static
main.c:535:6:clearCommand	8	static
main.c:542:6:clearData	8	static
main.c:558:6:decodeFrame	32	static
main.c:632:6:downloadFrame	16	static
main.c:708:6:buttonHandler	8	static
main.c:743:6:sendFail	16	static
main.c:757:5:main	32	static
main.c:894:6:SystemClock_Config	160	static
main.c:947:6:Error_Handler	4	static,ignoring_inline_asm
main.c:966:6:assert_failed	16	static
