main.c:181:6:delay_1hz	4	static
main.c:189:6:delay_4hz	4	static
main.c:200:6:delayUs	16	static
main.c:205:6:delayMs	24	static
main.c:220:6:assignBlinkParamsCommand	4	static
main.c:229:6:handleBlinkCommand	8	static
main.c:246:6:UART_init	8	static
main.c:262:6:Send	280	static,ignoring_inline_asm
main.c:305:6:HAL_UART_TxCpltCallback	24	static
main.c:321:6:HAL_UART_RxCpltCallback	16	static
main.c:335:9:uart_ready	4	static
main.c:349:6:HAL_RTCEx_WakeUpTimerEventCallback	24	static
main.c:393:6:parseCommand	48	static
main.c:478:6:parseData	4	static
main.c:485:6:parseTime	16	static
main.c:502:6:parseDateTime	24	static
main.c:514:5:parseIntData	16	static
main.c:529:9:parseAlarms	72	static
main.c:714:6:clearCommand	8	static
main.c:721:6:clearData	8	static
main.c:726:6:clearAlarms	8	static
main.c:745:6:decodeFrame	32	static
main.c:823:6:downloadFrame	16	static
main.c:894:6:buttonHandler	8	static
main.c:929:6:sendFail	16	static
main.c:943:5:main	32	static
main.c:1083:6:SystemClock_Config	160	static
main.c:1136:6:Error_Handler	4	static,ignoring_inline_asm
main.c:1155:6:assert_failed	16	static
