main.c:108:6:delay_1hz	4	static
main.c:116:6:delay_4hz	4	static
main.c:127:6:delayUs	16	static
main.c:132:6:delayMs	24	static
main.c:147:6:assignBlinkParamsCommand	4	static
main.c:156:6:handleBlinkCommand	8	static
main.c:175:6:Send	88	static,ignoring_inline_asm
main.c:214:6:HAL_UART_TxCpltCallback	24	static
main.c:230:6:HAL_UART_RxCpltCallback	16	static
main.c:245:9:isRxBuffEmpty	4	static
main.c:256:6:parseCmd	16	static
main.c:293:6:downloadCmd	16	static
main.c:330:6:buttonHandler	8	static
main.c:369:5:main	8	static
main.c:457:6:SystemClock_Config	160	static
main.c:506:6:Error_Handler	4	static,ignoring_inline_asm
main.c:525:6:assert_failed	16	static
