main.c:176:6:delay_1hz	4	static
main.c:184:6:delay_4hz	4	static
main.c:195:6:delayUs	16	static
main.c:200:6:delayMs	24	static
main.c:215:6:assignBlinkParamsCommand	4	static
main.c:224:6:handleBlinkCommand	8	static
main.c:241:6:UART_init	8	static
main.c:257:6:Send	280	static,ignoring_inline_asm
main.c:300:6:HAL_UART_TxCpltCallback	24	static
main.c:316:6:HAL_UART_RxCpltCallback	16	static
main.c:330:9:uart_ready	4	static
main.c:344:6:HAL_RTCEx_WakeUpTimerEventCallback	24	static
main.c:388:6:parseCommand	48	static
main.c:474:6:parseData	4	static
main.c:481:6:parseTime	16	static
main.c:498:6:parseDateTime	24	static
main.c:510:5:parseIntData	16	static
main.c:525:6:parseAlarms	136	static
main.c:677:6:clearCommand	8	static
main.c:684:6:clearData	8	static
main.c:700:6:decodeFrame	32	static
main.c:777:6:downloadFrame	16	static
main.c:848:6:buttonHandler	8	static
main.c:883:6:sendFail	16	static
main.c:897:5:main	32	static
main.c:1037:6:SystemClock_Config	160	static
main.c:1090:6:Error_Handler	4	static,ignoring_inline_asm
main.c:1109:6:assert_failed	16	static
