main.c:152:6:delay_1hz	4	static
main.c:160:6:delay_4hz	4	static
main.c:171:6:delayUs	16	static
main.c:176:6:delayMs	24	static
main.c:191:6:assignBlinkParamsCommand	4	static
main.c:200:6:handleBlinkCommand	8	static
main.c:217:6:UART_init	8	static
main.c:233:6:Send	280	static,ignoring_inline_asm
main.c:276:6:HAL_UART_TxCpltCallback	24	static
main.c:292:6:HAL_UART_RxCpltCallback	16	static
main.c:306:9:uart_ready	4	static
main.c:318:6:checkNextAlarm	4	static
main.c:323:6:HAL_RTCEx_WakeUpTimerEventCallback	24	static
main.c:363:6:parseCommand	16	static
main.c:436:6:parseData	4	static
main.c:441:6:parseTime	16	static
main.c:456:5:parseIntData	16	static
main.c:473:6:clearCommand	8	static
main.c:480:6:clearData	8	static
main.c:491:6:handleSetClockMode	16	static
main.c:505:6:handleShowHour	16	static
main.c:527:6:decodeFrame	32	static
main.c:602:6:downloadFrame	16	static
main.c:677:7:downloadCmd	16	static
main.c:717:6:buttonHandler	8	static
main.c:752:6:sendFail	16	static
main.c:761:6:sendTime	16	static
main.c:771:5:main	32	static
main.c:894:6:SystemClock_Config	160	static
main.c:945:6:Error_Handler	4	static,ignoring_inline_asm
main.c:964:6:assert_failed	16	static
