main.c:150:6:delay_1hz	4	static
main.c:158:6:delay_4hz	4	static
main.c:169:6:delayUs	16	static
main.c:174:6:delayMs	24	static
main.c:189:6:assignBlinkParamsCommand	4	static
main.c:198:6:handleBlinkCommand	8	static
main.c:215:6:UART_init	8	static
main.c:229:6:Send	152	static,ignoring_inline_asm
main.c:270:6:HAL_UART_TxCpltCallback	24	static
main.c:286:6:HAL_UART_RxCpltCallback	16	static
main.c:300:9:uart_ready	4	static
main.c:312:6:HAL_RTCEx_WakeUpTimerEventCallback	24	static
main.c:345:6:parseCommand	16	static
main.c:416:6:parseData	4	static
main.c:421:6:parseTime	16	static
main.c:436:5:parseIntData	16	static
main.c:453:6:clearCommand	8	static
main.c:460:6:clearData	8	static
main.c:469:6:handleSetClockMode	16	static
main.c:486:6:handleShowHour	16	static
main.c:505:6:decodeFrame	32	static
main.c:580:6:downloadFrame	16	static
main.c:640:7:downloadCmd	16	static
main.c:680:6:buttonHandler	8	static
main.c:717:5:main	48	static
main.c:832:6:SystemClock_Config	160	static
main.c:883:6:Error_Handler	4	static,ignoring_inline_asm
main.c:902:6:assert_failed	16	static
