main.c:173:6:delay_1hz	4	static
main.c:181:6:delay_4hz	4	static
main.c:192:6:delayUs	16	static
main.c:197:6:delayMs	24	static
main.c:212:6:assignBlinkParamsCommand	4	static
main.c:221:6:handleBlinkCommand	8	static
main.c:238:6:UART_init	8	static
main.c:254:6:Send	280	static,ignoring_inline_asm
main.c:297:6:HAL_UART_TxCpltCallback	24	static
main.c:313:6:HAL_UART_RxCpltCallback	16	static
main.c:327:9:uart_ready	4	static
main.c:341:6:HAL_RTCEx_WakeUpTimerEventCallback	24	static
main.c:376:6:HAL_RTC_AlarmAEventCallback	16	static
main.c:389:6:parseCommand	56	static
main.c:472:6:parseData	4	static
main.c:479:6:parseTime	16	static
main.c:496:6:parseDateTime	24	static
main.c:508:5:parseIntData	16	static
main.c:525:6:clearCommand	8	static
main.c:532:6:clearData	8	static
main.c:548:6:decodeFrame	32	static
main.c:623:6:downloadFrame	16	static
main.c:701:6:buttonHandler	8	static
main.c:736:6:sendFail	16	static
main.c:750:5:main	32	static
main.c:887:6:SystemClock_Config	160	static
main.c:940:6:Error_Handler	4	static,ignoring_inline_asm
main.c:959:6:assert_failed	16	static
