stm32f3xx_it.c:78:6:NMI_Handler	4	static
stm32f3xx_it.c:93:6:HardFault_Handler	4	static
stm32f3xx_it.c:108:6:MemManage_Handler	4	static
stm32f3xx_it.c:123:6:BusFault_Handler	4	static
stm32f3xx_it.c:138:6:UsageFault_Handler	4	static
stm32f3xx_it.c:153:6:SVC_Handler	4	static
stm32f3xx_it.c:166:6:DebugMon_Handler	4	static
stm32f3xx_it.c:179:6:PendSV_Handler	4	static
stm32f3xx_it.c:192:6:SysTick_Handler	8	static
stm32f3xx_it.c:219:6:RTC_WKUP_IRQHandler	8	static
stm32f3xx_it.c:233:6:I2C1_EV_IRQHandler	8	static
stm32f3xx_it.c:247:6:USART2_IRQHandler	8	static
stm32f3xx_it.c:261:6:EXTI15_10_IRQHandler	8	static
stm32f3xx_it.c:275:6:RTC_Alarm_IRQHandler	8	static
stm32f3xx_it.c:289:6:TIM6_DAC_IRQHandler	8	static
stm32f3xx_it.c:303:6:TIM7_IRQHandler	8	static
