Archive member included to satisfy reference by file (symbol)

f:/stm32cubeide_1.7.0/stm32cubeide/stm32cubeide_1.7.0/stm32cubeide/plugins/com.st.stm32cube.ide.mcu.externaltools.gnu-tools-for-stm32.9-2020-q2-update.win32_2.0.0.202105311346/tools/bin/../lib/gcc/arm-none-eabi/9.3.1/../../../../arm-none-eabi/lib/thumb/v7e-m+fp/hard\libc_nano.a(lib_a-errno.o)
                              ./Core/Src/syscalls.o (__errno)
f:/stm32cubeide_1.7.0/stm32cubeide/stm32cubeide_1.7.0/stm32cubeide/plugins/com.st.stm32cube.ide.mcu.externaltools.gnu-tools-for-stm32.9-2020-q2-update.win32_2.0.0.202105311346/tools/bin/../lib/gcc/arm-none-eabi/9.3.1/../../../../arm-none-eabi/lib/thumb/v7e-m+fp/hard\libc_nano.a(lib_a-exit.o)
                              f:/stm32cubeide_1.7.0/stm32cubeide/stm32cubeide_1.7.0/stm32cubeide/plugins/com.st.stm32cube.ide.mcu.externaltools.gnu-tools-for-stm32.9-2020-q2-update.win32_2.0.0.202105311346/tools/bin/../lib/gcc/arm-none-eabi/9.3.1/../../../../arm-none-eabi/lib/thumb/v7e-m+fp/hard/crt0.o (exit)
f:/stm32cubeide_1.7.0/stm32cubeide/stm32cubeide_1.7.0/stm32cubeide/plugins/com.st.stm32cube.ide.mcu.externaltools.gnu-tools-for-stm32.9-2020-q2-update.win32_2.0.0.202105311346/tools/bin/../lib/gcc/arm-none-eabi/9.3.1/../../../../arm-none-eabi/lib/thumb/v7e-m+fp/hard\libc_nano.a(lib_a-impure.o)
                              f:/stm32cubeide_1.7.0/stm32cubeide/stm32cubeide_1.7.0/stm32cubeide/plugins/com.st.stm32cube.ide.mcu.externaltools.gnu-tools-for-stm32.9-2020-q2-update.win32_2.0.0.202105311346/tools/bin/../lib/gcc/arm-none-eabi/9.3.1/../../../../arm-none-eabi/lib/thumb/v7e-m+fp/hard\libc_nano.a(lib_a-exit.o) (_global_impure_ptr)
f:/stm32cubeide_1.7.0/stm32cubeide/stm32cubeide_1.7.0/stm32cubeide/plugins/com.st.stm32cube.ide.mcu.externaltools.gnu-tools-for-stm32.9-2020-q2-update.win32_2.0.0.202105311346/tools/bin/../lib/gcc/arm-none-eabi/9.3.1/../../../../arm-none-eabi/lib/thumb/v7e-m+fp/hard\libc_nano.a(lib_a-init.o)
                              f:/stm32cubeide_1.7.0/stm32cubeide/stm32cubeide_1.7.0/stm32cubeide/plugins/com.st.stm32cube.ide.mcu.externaltools.gnu-tools-for-stm32.9-2020-q2-update.win32_2.0.0.202105311346/tools/bin/../lib/gcc/arm-none-eabi/9.3.1/../../../../arm-none-eabi/lib/thumb/v7e-m+fp/hard/crt0.o (__libc_init_array)
f:/stm32cubeide_1.7.0/stm32cubeide/stm32cubeide_1.7.0/stm32cubeide/plugins/com.st.stm32cube.ide.mcu.externaltools.gnu-tools-for-stm32.9-2020-q2-update.win32_2.0.0.202105311346/tools/bin/../lib/gcc/arm-none-eabi/9.3.1/../../../../arm-none-eabi/lib/thumb/v7e-m+fp/hard\libc_nano.a(lib_a-memset.o)
                              f:/stm32cubeide_1.7.0/stm32cubeide/stm32cubeide_1.7.0/stm32cubeide/plugins/com.st.stm32cube.ide.mcu.externaltools.gnu-tools-for-stm32.9-2020-q2-update.win32_2.0.0.202105311346/tools/bin/../lib/gcc/arm-none-eabi/9.3.1/../../../../arm-none-eabi/lib/thumb/v7e-m+fp/hard/crt0.o (memset)

Allocating common symbols
Common symbol       size              file

uwTick              0x4               ./Drivers/STM32F3xx_HAL_Driver/Src/stm32f3xx_hal.o
pFlash              0x20              ./Drivers/STM32F3xx_HAL_Driver/Src/stm32f3xx_hal_flash.o
huart2              0x84              ./Core/Src/usart.o

Discarded input sections

 .text          0x0000000000000000        0x0 f:/stm32cubeide_1.7.0/stm32cubeide/stm32cubeide_1.7.0/stm32cubeide/plugins/com.st.stm32cube.ide.mcu.externaltools.gnu-tools-for-stm32.9-2020-q2-update.win32_2.0.0.202105311346/tools/bin/../lib/gcc/arm-none-eabi/9.3.1/thumb/v7e-m+fp/hard/crti.o
 .data          0x0000000000000000        0x0 f:/stm32cubeide_1.7.0/stm32cubeide/stm32cubeide_1.7.0/stm32cubeide/plugins/com.st.stm32cube.ide.mcu.externaltools.gnu-tools-for-stm32.9-2020-q2-update.win32_2.0.0.202105311346/tools/bin/../lib/gcc/arm-none-eabi/9.3.1/thumb/v7e-m+fp/hard/crti.o
 .bss           0x0000000000000000        0x0 f:/stm32cubeide_1.7.0/stm32cubeide/stm32cubeide_1.7.0/stm32cubeide/plugins/com.st.stm32cube.ide.mcu.externaltools.gnu-tools-for-stm32.9-2020-q2-update.win32_2.0.0.202105311346/tools/bin/../lib/gcc/arm-none-eabi/9.3.1/thumb/v7e-m+fp/hard/crti.o
 .data          0x0000000000000000        0x4 f:/stm32cubeide_1.7.0/stm32cubeide/stm32cubeide_1.7.0/stm32cubeide/plugins/com.st.stm32cube.ide.mcu.externaltools.gnu-tools-for-stm32.9-2020-q2-update.win32_2.0.0.202105311346/tools/bin/../lib/gcc/arm-none-eabi/9.3.1/thumb/v7e-m+fp/hard/crtbegin.o
 .text          0x0000000000000000       0x7c f:/stm32cubeide_1.7.0/stm32cubeide/stm32cubeide_1.7.0/stm32cubeide/plugins/com.st.stm32cube.ide.mcu.externaltools.gnu-tools-for-stm32.9-2020-q2-update.win32_2.0.0.202105311346/tools/bin/../lib/gcc/arm-none-eabi/9.3.1/../../../../arm-none-eabi/lib/thumb/v7e-m+fp/hard/crt0.o
[...]
Memory Configuration

Name             Origin             Length             Attributes
CCMRAM           0x0000000010000000 0x0000000000004000 xrw
RAM              0x0000000020000000 0x0000000000010000 xrw
FLASH            0x0000000008000000 0x0000000000080000 xr
*default*        0x0000000000000000 0xffffffffffffffff

Linker script and memory map

LOAD f:/stm32cubeide_1.7.0/stm32cubeide/stm32cubeide_1.7.0/stm32cubeide/plugins/com.st.stm32cube.ide.mcu.externaltools.gnu-tools-for-stm32.9-2020-q2-update.win32_2.0.0.202105311346/tools/bin/../lib/gcc/arm-none-eabi/9.3.1/thumb/v7e-m+fp/hard/crti.o
LOAD f:/stm32cubeide_1.7.0/stm32cubeide/stm32cubeide_1.7.0/stm32cubeide/plugins/com.st.stm32cube.ide.mcu.externaltools.gnu-tools-for-stm32.9-2020-q2-update.win32_2.0.0.202105311346/tools/bin/../lib/gcc/arm-none-eabi/9.3.1/thumb/v7e-m+fp/hard/crtbegin.o
LOAD f:/stm32cubeide_1.7.0/stm32cubeide/stm32cubeide_1.7.0/stm32cubeide/plugins/com.st.stm32cube.ide.mcu.externaltools.gnu-tools-for-stm32.9-2020-q2-update.win32_2.0.0.202105311346/tools/bin/../lib/gcc/arm-none-eabi/9.3.1/../../../../arm-none-eabi/lib/thumb/v7e-m+fp/hard/crt0.o
LOAD ./Core/Src/gpio.o
LOAD ./Core/Src/main.o
LOAD ./Core/Src/stm32f3xx_hal_msp.o
LOAD ./Core/Src/stm32f3xx_it.o
LOAD ./Core/Src/syscalls.o
LOAD ./Core/Src/sysmem.o
LOAD ./Core/Src/system_stm32f3xx.o
LOAD ./Core/Src/usart.o
LOAD ./Core/Startup/startup_stm32f303retx.o
LOAD ./Drivers/STM32F3xx_HAL_Driver/Src/stm32f3xx_hal.o
LOAD ./Drivers/STM32F3xx_HAL_Driver/Src/stm32f3xx_hal_cortex.o
LOAD ./Drivers/STM32F3xx_HAL_Driver/Src/stm32f3xx_hal_dma.o
LOAD ./Drivers/STM32F3xx_HAL_Driver/Src/stm32f3xx_hal_exti.o
LOAD ./Drivers/STM32F3xx_HAL_Driver/Src/stm32f3xx_hal_flash.o
LOAD ./Drivers/STM32F3xx_HAL_Driver/Src/stm32f3xx_hal_flash_ex.o
LOAD ./Drivers/STM32F3xx_HAL_Driver/Src/stm32f3xx_hal_gpio.o
LOAD ./Drivers/STM32F3xx_HAL_Driver/Src/stm32f3xx_hal_i2c.o
LOAD ./Drivers/STM32F3xx_HAL_Driver/Src/stm32f3xx_hal_i2c_ex.o
LOAD ./Drivers/STM32F3xx_HAL_Driver/Src/stm32f3xx_hal_pwr.o
LOAD ./Drivers/STM32F3xx_HAL_Driver/Src/stm32f3xx_hal_pwr_ex.o
LOAD ./Drivers/STM32F3xx_HAL_Driver/Src/stm32f3xx_hal_rcc.o
LOAD ./Drivers/STM32F3xx_HAL_Driver/Src/stm32f3xx_hal_rcc_ex.o
LOAD ./Drivers/STM32F3xx_HAL_Driver/Src/stm32f3xx_hal_tim.o
LOAD ./Drivers/STM32F3xx_HAL_Driver/Src/stm32f3xx_hal_tim_ex.o
LOAD ./Drivers/STM32F3xx_HAL_Driver/Src/stm32f3xx_hal_uart.o
LOAD ./Drivers/STM32F3xx_HAL_Driver/Src/stm32f3xx_hal_uart_ex.o
START GROUP
LOAD f:/stm32cubeide_1.7.0/stm32cubeide/stm32cubeide_1.7.0/stm32cubeide/plugins/com.st.stm32cube.ide.mcu.externaltools.gnu-tools-for-stm32.9-2020-q2-update.win32_2.0.0.202105311346/tools/bin/../lib/gcc/arm-none-eabi/9.3.1/../../../../arm-none-eabi/lib/thumb/v7e-m+fp/hard\libc_nano.a
LOAD f:/stm32cubeide_1.7.0/stm32cubeide/stm32cubeide_1.7.0/stm32cubeide/plugins/com.st.stm32cube.ide.mcu.externaltools.gnu-tools-for-stm32.9-2020-q2-update.win32_2.0.0.202105311346/tools/bin/../lib/gcc/arm-none-eabi/9.3.1/../../../../arm-none-eabi/lib/thumb/v7e-m+fp/hard\libm.a
END GROUP
START GROUP
LOAD f:/stm32cubeide_1.7.0/stm32cubeide/stm32cubeide_1.7.0/stm32cubeide/plugins/com.st.stm32cube.ide.mcu.externaltools.gnu-tools-for-stm32.9-2020-q2-update.win32_2.0.0.202105311346/tools/bin/../lib/gcc/arm-none-eabi/9.3.1/thumb/v7e-m+fp/hard\libgcc.a
LOAD f:/stm32cubeide_1.7.0/stm32cubeide/stm32cubeide_1.7.0/stm32cubeide/plugins/com.st.stm32cube.ide.mcu.externaltools.gnu-tools-for-stm32.9-2020-q2-update.win32_2.0.0.202105311346/tools/bin/../lib/gcc/arm-none-eabi/9.3.1/../../../../arm-none-eabi/lib/thumb/v7e-m+fp/hard\libc_nano.a
END GROUP
START GROUP
LOAD f:/stm32cubeide_1.7.0/stm32cubeide/stm32cubeide_1.7.0/stm32cubeide/plugins/com.st.stm32cube.ide.mcu.externaltools.gnu-tools-for-stm32.9-2020-q2-update.win32_2.0.0.202105311346/tools/bin/../lib/gcc/arm-none-eabi/9.3.1/thumb/v7e-m+fp/hard\libgcc.a
LOAD f:/stm32cubeide_1.7.0/stm32cubeide/stm32cubeide_1.7.0/stm32cubeide/plugins/com.st.stm32cube.ide.mcu.externaltools.gnu-tools-for-stm32.9-2020-q2-update.win32_2.0.0.202105311346/tools/bin/../lib/gcc/arm-none-eabi/9.3.1/../../../../arm-none-eabi/lib/thumb/v7e-m+fp/hard\libc_nano.a
LOAD f:/stm32cubeide_1.7.0/stm32cubeide/stm32cubeide_1.7.0/stm32cubeide/plugins/com.st.stm32cube.ide.mcu.externaltools.gnu-tools-for-stm32.9-2020-q2-update.win32_2.0.0.202105311346/tools/bin/../lib/gcc/arm-none-eabi/9.3.1/../../../../arm-none-eabi/lib/thumb/v7e-m+fp/hard\libnosys.a
END GROUP
START GROUP
LOAD f:/stm32cubeide_1.7.0/stm32cubeide/stm32cubeide_1.7.0/stm32cubeide/plugins/com.st.stm32cube.ide.mcu.externaltools.gnu-tools-for-stm32.9-2020-q2-update.win32_2.0.0.202105311346/tools/bin/../lib/gcc/arm-none-eabi/9.3.1/thumb/v7e-m+fp/hard\libgcc.a
LOAD f:/stm32cubeide_1.7.0/stm32cubeide/stm32cubeide_1.7.0/stm32cubeide/plugins/com.st.stm32cube.ide.mcu.externaltools.gnu-tools-for-stm32.9-2020-q2-update.win32_2.0.0.202105311346/tools/bin/../lib/gcc/arm-none-eabi/9.3.1/../../../../arm-none-eabi/lib/thumb/v7e-m+fp/hard\libc_nano.a
LOAD f:/stm32cubeide_1.7.0/stm32cubeide/stm32cubeide_1.7.0/stm32cubeide/plugins/com.st.stm32cube.ide.mcu.externaltools.gnu-tools-for-stm32.9-2020-q2-update.win32_2.0.0.202105311346/tools/bin/../lib/gcc/arm-none-eabi/9.3.1/../../../../arm-none-eabi/lib/thumb/v7e-m+fp/hard\libnosys.a
END GROUP
LOAD f:/stm32cubeide_1.7.0/stm32cubeide/stm32cubeide_1.7.0/stm32cubeide/plugins/com.st.stm32cube.ide.mcu.externaltools.gnu-tools-for-stm32.9-2020-q2-update.win32_2.0.0.202105311346/tools/bin/../lib/gcc/arm-none-eabi/9.3.1/thumb/v7e-m+fp/hard/crtend.o
LOAD f:/stm32cubeide_1.7.0/stm32cubeide/stm32cubeide_1.7.0/stm32cubeide/plugins/com.st.stm32cube.ide.mcu.externaltools.gnu-tools-for-stm32.9-2020-q2-update.win32_2.0.0.202105311346/tools/bin/../lib/gcc/arm-none-eabi/9.3.1/thumb/v7e-m+fp/hard/crtn.o
                0x0000000020010000                _estack = (ORIGIN (RAM) + LENGTH (RAM))
                0x0000000000000200                _Min_Heap_Size = 0x200
                0x0000000000000400                _Min_Stack_Size = 0x400

.isr_vector     0x0000000008000000      0x194
                0x0000000008000000                . = ALIGN (0x4)
 *(.isr_vector)
 .isr_vector    0x0000000008000000      0x194 ./Core/Startup/startup_stm32f303retx.o
                0x0000000008000000                g_pfnVectors
                0x0000000008000194                . = ALIGN (0x4)

.text           0x0000000008000194     0x37e8
                0x0000000008000194                . = ALIGN (0x4)
 *(.text)
 .text          0x0000000008000194       0x40 f:/stm32cubeide_1.7.0/stm32cubeide/stm32cubeide_1.7.0/stm32cubeide/plugins/com.st.stm32cube.ide.mcu.externaltools.gnu-tools-for-stm32.9-2020-q2-update.win32_2.0.0.202105311346/tools/bin/../lib/gcc/arm-none-eabi/9.3.1/thumb/v7e-m+fp/hard/crtbegin.o
 *(.text*)
 .text.MX_GPIO_Init
                0x00000000080001d4      0x180 ./Core/Src/gpio.o
                0x00000000080001d4                MX_GPIO_Init
 .text.delay_1hz
                0x0000000008000354       0x38 ./Core/Src/main.o
                0x0000000008000354                delay_1hz
 .text.delay_4hz
                0x000000000800038c       0x34 ./Core/Src/main.o
                0x000000000800038c                delay_4hz
 .text.main     0x00000000080003c0       0x90 ./Core/Src/main.o
                0x00000000080003c0                main
 .text.SystemClock_Config
                0x0000000008000450       0xbc ./Core/Src/main.o
                0x0000000008000450                SystemClock_Config
 .text.Error_Handler
                0x000000000800050c        0xa ./Core/Src/main.o
                0x000000000800050c                Error_Handler
 .text.assert_failed
                0x0000000008000516       0x16 ./Core/Src/main.o
                0x0000000008000516                assert_failed
 .text.HAL_MspInit
                0x000000000800052c       0x48 ./Core/Src/stm32f3xx_hal_msp.o
                0x000000000800052c                HAL_MspInit
 .text.NMI_Handler
                0x0000000008000574        0x6 ./Core/Src/stm32f3xx_it.o
                0x0000000008000574                NMI_Handler
 .text.HardFault_Handler
                0x000000000800057a        0x6 ./Core/Src/stm32f3xx_it.o
                0x000000000800057a                HardFault_Handler
 .text.MemManage_Handler
                0x0000000008000580        0x6 ./Core/Src/stm32f3xx_it.o
                0x0000000008000580                MemManage_Handler
 .text.BusFault_Handler
                0x0000000008000586        0x6 ./Core/Src/stm32f3xx_it.o
                0x0000000008000586                BusFault_Handler
 .text.UsageFault_Handler
                0x000000000800058c        0x6 ./Core/Src/stm32f3xx_it.o
                0x000000000800058c                UsageFault_Handler
 .text.SVC_Handler
                0x0000000008000592        0xe ./Core/Src/stm32f3xx_it.o
                0x0000000008000592                SVC_Handler
 .text.DebugMon_Handler
                0x00000000080005a0        0xe ./Core/Src/stm32f3xx_it.o
                0x00000000080005a0                DebugMon_Handler
 .text.PendSV_Handler
                0x00000000080005ae        0xe ./Core/Src/stm32f3xx_it.o
                0x00000000080005ae                PendSV_Handler
 .text.SysTick_Handler
                0x00000000080005bc       0x14 ./Core/Src/stm32f3xx_it.o
                0x00000000080005bc                SysTick_Handler
 .text.SystemInit
                0x00000000080005d0       0x24 ./Core/Src/system_stm32f3xx.o
                0x00000000080005d0                SystemInit
 .text.MX_USART2_UART_Init
                0x00000000080005f4       0x60 ./Core/Src/usart.o
                0x00000000080005f4                MX_USART2_UART_Init
 .text.HAL_UART_MspInit
                0x0000000008000654       0x84 ./Core/Src/usart.o
                0x0000000008000654                HAL_UART_MspInit
 .text.Reset_Handler
                0x00000000080006d8       0x50 ./Core/Startup/startup_stm32f303retx.o
                0x00000000080006d8                Reset_Handler
 .text.Default_Handler
                0x0000000008000728        0x2 ./Core/Startup/startup_stm32f303retx.o
                0x0000000008000728                RTC_Alarm_IRQHandler
                0x0000000008000728                TIM8_TRG_COM_IRQHandler
                0x0000000008000728                TIM8_CC_IRQHandler
                0x0000000008000728                SPI4_IRQHandler
                0x0000000008000728                TIM1_CC_IRQHandler
                0x0000000008000728                USB_HP_IRQHandler
                0x0000000008000728                PVD_IRQHandler
                0x0000000008000728                TAMP_STAMP_IRQHandler
                0x0000000008000728                EXTI3_IRQHandler
                0x0000000008000728                I2C3_ER_IRQHandler
                0x0000000008000728                USB_HP_CAN_TX_IRQHandler
                0x0000000008000728                EXTI0_IRQHandler
                0x0000000008000728                I2C2_EV_IRQHandler
                0x0000000008000728                FPU_IRQHandler
                0x0000000008000728                TIM1_UP_TIM16_IRQHandler
                0x0000000008000728                ADC1_2_IRQHandler
                0x0000000008000728                SPI1_IRQHandler
                0x0000000008000728                CAN_SCE_IRQHandler
                0x0000000008000728                TIM6_DAC_IRQHandler
                0x0000000008000728                TIM8_UP_IRQHandler
                0x0000000008000728                DMA2_Channel2_IRQHandler
                0x0000000008000728                DMA1_Channel4_IRQHandler
                0x0000000008000728                TIM20_TRG_COM_IRQHandler
                0x0000000008000728                USART3_IRQHandler
                0x0000000008000728                DMA1_Channel7_IRQHandler
                0x0000000008000728                UART5_IRQHandler
                0x0000000008000728                ADC3_IRQHandler
                0x0000000008000728                TIM4_IRQHandler
                0x0000000008000728                CAN_RX1_IRQHandler
                0x0000000008000728                DMA2_Channel1_IRQHandler
                0x0000000008000728                I2C1_EV_IRQHandler
                0x0000000008000728                DMA1_Channel6_IRQHandler
                0x0000000008000728                UART4_IRQHandler
                0x0000000008000728                DMA2_Channel4_IRQHandler
                0x0000000008000728                TIM3_IRQHandler
                0x0000000008000728                RCC_IRQHandler
                0x0000000008000728                TIM20_UP_IRQHandler
                0x0000000008000728                DMA1_Channel1_IRQHandler
                0x0000000008000728                Default_Handler
                0x0000000008000728                USBWakeUp_RMP_IRQHandler
                0x0000000008000728                EXTI15_10_IRQHandler
                0x0000000008000728                TIM7_IRQHandler
                0x0000000008000728                I2C3_EV_IRQHandler
                0x0000000008000728                EXTI9_5_IRQHandler
                0x0000000008000728                RTC_WKUP_IRQHandler
                0x0000000008000728                SPI2_IRQHandler
                0x0000000008000728                USB_LP_CAN_RX0_IRQHandler
                0x0000000008000728                DMA2_Channel5_IRQHandler
                0x0000000008000728                DMA1_Channel5_IRQHandler
                0x0000000008000728                USB_LP_IRQHandler
                0x0000000008000728                EXTI4_IRQHandler
                0x0000000008000728                TIM1_TRG_COM_TIM17_IRQHandler
                0x0000000008000728                DMA1_Channel3_IRQHandler
                0x0000000008000728                ADC4_IRQHandler
                0x0000000008000728                WWDG_IRQHandler
                0x0000000008000728                TIM2_IRQHandler
                0x0000000008000728                COMP7_IRQHandler
                0x0000000008000728                COMP1_2_3_IRQHandler
                0x0000000008000728                EXTI1_IRQHandler
                0x0000000008000728                USART2_IRQHandler
                0x0000000008000728                COMP4_5_6_IRQHandler
                0x0000000008000728                TIM20_BRK_IRQHandler
                0x0000000008000728                I2C2_ER_IRQHandler
                0x0000000008000728                DMA1_Channel2_IRQHandler
                0x0000000008000728                TIM8_BRK_IRQHandler
                0x0000000008000728                FLASH_IRQHandler
                0x0000000008000728                TIM20_CC_IRQHandler
                0x0000000008000728                USART1_IRQHandler
                0x0000000008000728                SPI3_IRQHandler
                0x0000000008000728                I2C1_ER_IRQHandler
                0x0000000008000728                FMC_IRQHandler
                0x0000000008000728                USBWakeUp_IRQHandler
                0x0000000008000728                DMA2_Channel3_IRQHandler
                0x0000000008000728                EXTI2_TSC_IRQHandler
                0x0000000008000728                TIM1_BRK_TIM15_IRQHandler
 *fill*         0x000000000800072a        0x2 
 .text.HAL_Init
                0x000000000800072c       0x2c ./Drivers/STM32F3xx_HAL_Driver/Src/stm32f3xx_hal.o
                0x000000000800072c                HAL_Init
 .text.HAL_InitTick
                0x0000000008000758       0x60 ./Drivers/STM32F3xx_HAL_Driver/Src/stm32f3xx_hal.o
                0x0000000008000758                HAL_InitTick
 .text.HAL_IncTick
                0x00000000080007b8       0x28 ./Drivers/STM32F3xx_HAL_Driver/Src/stm32f3xx_hal.o
                0x00000000080007b8                HAL_IncTick
 .text.HAL_GetTick
                0x00000000080007e0       0x18 ./Drivers/STM32F3xx_HAL_Driver/Src/stm32f3xx_hal.o
                0x00000000080007e0                HAL_GetTick
 .text.__NVIC_SetPriorityGrouping
                0x00000000080007f8       0x48 ./Drivers/STM32F3xx_HAL_Driver/Src/stm32f3xx_hal_cortex.o
 .text.__NVIC_GetPriorityGrouping
                0x0000000008000840       0x1c ./Drivers/STM32F3xx_HAL_Driver/Src/stm32f3xx_hal_cortex.o
 .text.__NVIC_SetPriority
                0x000000000800085c       0x54 ./Drivers/STM32F3xx_HAL_Driver/Src/stm32f3xx_hal_cortex.o
 .text.NVIC_EncodePriority
                0x00000000080008b0       0x66 ./Drivers/STM32F3xx_HAL_Driver/Src/stm32f3xx_hal_cortex.o
 *fill*         0x0000000008000916        0x2 
 .text.SysTick_Config
                0x0000000008000918       0x44 ./Drivers/STM32F3xx_HAL_Driver/Src/stm32f3xx_hal_cortex.o
 .text.HAL_NVIC_SetPriorityGrouping
                0x000000000800095c       0x40 ./Drivers/STM32F3xx_HAL_Driver/Src/stm32f3xx_hal_cortex.o
                0x000000000800095c                HAL_NVIC_SetPriorityGrouping
 .text.HAL_NVIC_SetPriority
                0x000000000800099c       0x58 ./Drivers/STM32F3xx_HAL_Driver/Src/stm32f3xx_hal_cortex.o
                0x000000000800099c                HAL_NVIC_SetPriority
 .text.HAL_SYSTICK_Config
                0x00000000080009f4       0x18 ./Drivers/STM32F3xx_HAL_Driver/Src/stm32f3xx_hal_cortex.o
                0x00000000080009f4                HAL_SYSTICK_Config
 .text.HAL_GPIO_Init
                0x0000000008000a0c      0x4d8 ./Drivers/STM32F3xx_HAL_Driver/Src/stm32f3xx_hal_gpio.o
                0x0000000008000a0c                HAL_GPIO_Init
 .text.HAL_GPIO_ReadPin
                0x0000000008000ee4       0x4c ./Drivers/STM32F3xx_HAL_Driver/Src/stm32f3xx_hal_gpio.o
                0x0000000008000ee4                HAL_GPIO_ReadPin
 .text.HAL_GPIO_WritePin
                0x0000000008000f30       0x60 ./Drivers/STM32F3xx_HAL_Driver/Src/stm32f3xx_hal_gpio.o
                0x0000000008000f30                HAL_GPIO_WritePin
 .text.HAL_GPIO_TogglePin
                0x0000000008000f90       0x50 ./Drivers/STM32F3xx_HAL_Driver/Src/stm32f3xx_hal_gpio.o
                0x0000000008000f90                HAL_GPIO_TogglePin
 .text.HAL_RCC_OscConfig
                0x0000000008000fe0     0x10e4 ./Drivers/STM32F3xx_HAL_Driver/Src/stm32f3xx_hal_rcc.o
                0x0000000008000fe0                HAL_RCC_OscConfig
 .text.HAL_RCC_ClockConfig
                0x00000000080020c4      0x440 ./Drivers/STM32F3xx_HAL_Driver/Src/stm32f3xx_hal_rcc.o
                0x00000000080020c4                HAL_RCC_ClockConfig
 .text.HAL_RCC_GetSysClockFreq
                0x0000000008002504       0xd4 ./Drivers/STM32F3xx_HAL_Driver/Src/stm32f3xx_hal_rcc.o
                0x0000000008002504                HAL_RCC_GetSysClockFreq
 .text.HAL_RCC_GetHCLKFreq
                0x00000000080025d8       0x18 ./Drivers/STM32F3xx_HAL_Driver/Src/stm32f3xx_hal_rcc.o
                0x00000000080025d8                HAL_RCC_GetHCLKFreq
 .text.HAL_RCC_GetPCLK1Freq
                0x00000000080025f0       0x44 ./Drivers/STM32F3xx_HAL_Driver/Src/stm32f3xx_hal_rcc.o
                0x00000000080025f0                HAL_RCC_GetPCLK1Freq
 .text.HAL_RCC_GetPCLK2Freq
                0x0000000008002634       0x44 ./Drivers/STM32F3xx_HAL_Driver/Src/stm32f3xx_hal_rcc.o
                0x0000000008002634                HAL_RCC_GetPCLK2Freq
 .text.HAL_RCCEx_PeriphCLKConfig
                0x0000000008002678      0x7f0 ./Drivers/STM32F3xx_HAL_Driver/Src/stm32f3xx_hal_rcc_ex.o
                0x0000000008002678                HAL_RCCEx_PeriphCLKConfig
 .text.HAL_UART_Init
                0x0000000008002e68      0x124 ./Drivers/STM32F3xx_HAL_Driver/Src/stm32f3xx_hal_uart.o
                0x0000000008002e68                HAL_UART_Init
 .text.UART_SetConfig
                0x0000000008002f8c      0x4c8 ./Drivers/STM32F3xx_HAL_Driver/Src/stm32f3xx_hal_uart.o
                0x0000000008002f8c                UART_SetConfig
 .text.UART_AdvFeatureConfig
                0x0000000008003454      0x29c ./Drivers/STM32F3xx_HAL_Driver/Src/stm32f3xx_hal_uart.o
                0x0000000008003454                UART_AdvFeatureConfig
 .text.UART_CheckIdleState
                0x00000000080036f0       0x92 ./Drivers/STM32F3xx_HAL_Driver/Src/stm32f3xx_hal_uart.o
                0x00000000080036f0                UART_CheckIdleState
 .text.UART_WaitOnFlagUntilTimeout
                0x0000000008003782      0x188 ./Drivers/STM32F3xx_HAL_Driver/Src/stm32f3xx_hal_uart.o
                0x0000000008003782                UART_WaitOnFlagUntilTimeout
 *fill*         0x000000000800390a        0x2 
 .text.__libc_init_array
                0x000000000800390c       0x48 f:/stm32cubeide_1.7.0/stm32cubeide/stm32cubeide_1.7.0/stm32cubeide/plugins/com.st.stm32cube.ide.mcu.externaltools.gnu-tools-for-stm32.9-2020-q2-update.win32_2.0.0.202105311346/tools/bin/../lib/gcc/arm-none-eabi/9.3.1/../../../../arm-none-eabi/lib/thumb/v7e-m+fp/hard\libc_nano.a(lib_a-init.o)
                0x000000000800390c                __libc_init_array
 .text.memset   0x0000000008003954       0x10 f:/stm32cubeide_1.7.0/stm32cubeide/stm32cubeide_1.7.0/stm32cubeide/plugins/com.st.stm32cube.ide.mcu.externaltools.gnu-tools-for-stm32.9-2020-q2-update.win32_2.0.0.202105311346/tools/bin/../lib/gcc/arm-none-eabi/9.3.1/../../../../arm-none-eabi/lib/thumb/v7e-m+fp/hard\libc_nano.a(lib_a-memset.o)
                0x0000000008003954                memset
 *(.glue_7)
 .glue_7        0x0000000008003964        0x0 linker stubs
 *(.glue_7t)
 .glue_7t       0x0000000008003964        0x0 linker stubs
 *(.eh_frame)
 .eh_frame      0x0000000008003964        0x0 f:/stm32cubeide_1.7.0/stm32cubeide/stm32cubeide_1.7.0/stm32cubeide/plugins/com.st.stm32cube.ide.mcu.externaltools.gnu-tools-for-stm32.9-2020-q2-update.win32_2.0.0.202105311346/tools/bin/../lib/gcc/arm-none-eabi/9.3.1/thumb/v7e-m+fp/hard/crtbegin.o
 *(.init)
 .init          0x0000000008003964        0x4 f:/stm32cubeide_1.7.0/stm32cubeide/stm32cubeide_1.7.0/stm32cubeide/plugins/com.st.stm32cube.ide.mcu.externaltools.gnu-tools-for-stm32.9-2020-q2-update.win32_2.0.0.202105311346/tools/bin/../lib/gcc/arm-none-eabi/9.3.1/thumb/v7e-m+fp/hard/crti.o
                0x0000000008003964                _init
 .init          0x0000000008003968        0x8 f:/stm32cubeide_1.7.0/stm32cubeide/stm32cubeide_1.7.0/stm32cubeide/plugins/com.st.stm32cube.ide.mcu.externaltools.gnu-tools-for-stm32.9-2020-q2-update.win32_2.0.0.202105311346/tools/bin/../lib/gcc/arm-none-eabi/9.3.1/thumb/v7e-m+fp/hard/crtn.o
 *(.fini)
 .fini          0x0000000008003970        0x4 f:/stm32cubeide_1.7.0/stm32cubeide/stm32cubeide_1.7.0/stm32cubeide/plugins/com.st.stm32cube.ide.mcu.externaltools.gnu-tools-for-stm32.9-2020-q2-update.win32_2.0.0.202105311346/tools/bin/../lib/gcc/arm-none-eabi/9.3.1/thumb/v7e-m+fp/hard/crti.o
                0x0000000008003970                _fini
 .fini          0x0000000008003974        0x8 f:/stm32cubeide_1.7.0/stm32cubeide/stm32cubeide_1.7.0/stm32cubeide/plugins/com.st.stm32cube.ide.mcu.externaltools.gnu-tools-for-stm32.9-2020-q2-update.win32_2.0.0.202105311346/tools/bin/../lib/gcc/arm-none-eabi/9.3.1/thumb/v7e-m+fp/hard/crtn.o
                0x000000000800397c                . = ALIGN (0x4)
                0x000000000800397c                _etext = .

.vfp11_veneer   0x000000000800397c        0x0
 .vfp11_veneer  0x000000000800397c        0x0 linker stubs

.v4_bx          0x000000000800397c        0x0
 .v4_bx         0x000000000800397c        0x0 linker stubs

.iplt           0x000000000800397c        0x0
 .iplt          0x000000000800397c        0x0 f:/stm32cubeide_1.7.0/stm32cubeide/stm32cubeide_1.7.0/stm32cubeide/plugins/com.st.stm32cube.ide.mcu.externaltools.gnu-tools-for-stm32.9-2020-q2-update.win32_2.0.0.202105311346/tools/bin/../lib/gcc/arm-none-eabi/9.3.1/thumb/v7e-m+fp/hard/crtbegin.o

.rodata         0x000000000800397c      0x180
                0x000000000800397c                . = ALIGN (0x4)
 *(.rodata)
 .rodata        0x000000000800397c       0x3b ./Drivers/STM32F3xx_HAL_Driver/Src/stm32f3xx_hal_cortex.o
 *fill*         0x00000000080039b7        0x1 
 .rodata        0x00000000080039b8       0x39 ./Drivers/STM32F3xx_HAL_Driver/Src/stm32f3xx_hal_gpio.o
 *fill*         0x00000000080039f1        0x3 
 .rodata        0x00000000080039f4       0x38 ./Drivers/STM32F3xx_HAL_Driver/Src/stm32f3xx_hal_rcc.o
 .rodata        0x0000000008003a2c       0x5c ./Drivers/STM32F3xx_HAL_Driver/Src/stm32f3xx_hal_rcc_ex.o
 .rodata        0x0000000008003a88       0x39 ./Drivers/STM32F3xx_HAL_Driver/Src/stm32f3xx_hal_uart.o
 *(.rodata*)
 *fill*         0x0000000008003ac1        0x3 
 .rodata.AHBPrescTable
                0x0000000008003ac4       0x10 ./Core/Src/system_stm32f3xx.o
                0x0000000008003ac4                AHBPrescTable
 .rodata.APBPrescTable
                0x0000000008003ad4        0x8 ./Core/Src/system_stm32f3xx.o
                0x0000000008003ad4                APBPrescTable
 .rodata.aPLLMULFactorTable
                0x0000000008003adc       0x10 ./Drivers/STM32F3xx_HAL_Driver/Src/stm32f3xx_hal_rcc.o
                0x0000000008003adc                aPLLMULFactorTable
 .rodata.aPredivFactorTable
                0x0000000008003aec       0x10 ./Drivers/STM32F3xx_HAL_Driver/Src/stm32f3xx_hal_rcc.o
                0x0000000008003aec                aPredivFactorTable
                0x0000000008003afc                . = ALIGN (0x4)

.rel.dyn        0x0000000008003afc        0x0
 .rel.iplt      0x0000000008003afc        0x0 f:/stm32cubeide_1.7.0/stm32cubeide/stm32cubeide_1.7.0/stm32cubeide/plugins/com.st.stm32cube.ide.mcu.externaltools.gnu-tools-for-stm32.9-2020-q2-update.win32_2.0.0.202105311346/tools/bin/../lib/gcc/arm-none-eabi/9.3.1/thumb/v7e-m+fp/hard/crtbegin.o

.ARM.extab      0x0000000008003afc        0x0
                0x0000000008003afc                . = ALIGN (0x4)
 *(.ARM.extab* .gnu.linkonce.armextab.*)
                0x0000000008003afc                . = ALIGN (0x4)

.ARM            0x0000000008003afc        0x0
                0x0000000008003afc                . = ALIGN (0x4)
                0x0000000008003afc                __exidx_start = .
 *(.ARM.exidx*)
                0x0000000008003afc                __exidx_end = .
                0x0000000008003afc                . = ALIGN (0x4)

.preinit_array  0x0000000008003afc        0x0
                0x0000000008003afc                . = ALIGN (0x4)
                0x0000000008003afc                PROVIDE (__preinit_array_start = .)
 *(.preinit_array*)
                0x0000000008003afc                PROVIDE (__preinit_array_end = .)
                0x0000000008003afc                . = ALIGN (0x4)

.init_array     0x0000000008003afc        0x4
                0x0000000008003afc                . = ALIGN (0x4)
                0x0000000008003afc                PROVIDE (__init_array_start = .)
 *(SORT_BY_NAME(.init_array.*))
 *(.init_array*)
 .init_array    0x0000000008003afc        0x4 f:/stm32cubeide_1.7.0/stm32cubeide/stm32cubeide_1.7.0/stm32cubeide/plugins/com.st.stm32cube.ide.mcu.externaltools.gnu-tools-for-stm32.9-2020-q2-update.win32_2.0.0.202105311346/tools/bin/../lib/gcc/arm-none-eabi/9.3.1/thumb/v7e-m+fp/hard/crtbegin.o
                0x0000000008003b00                PROVIDE (__init_array_end = .)
                0x0000000008003b00                . = ALIGN (0x4)

.fini_array     0x0000000008003b00        0x4
                0x0000000008003b00                . = ALIGN (0x4)
                [!provide]                        PROVIDE (__fini_array_start = .)
 *(SORT_BY_NAME(.fini_array.*))
 *(.fini_array*)
 .fini_array    0x0000000008003b00        0x4 f:/stm32cubeide_1.7.0/stm32cubeide/stm32cubeide_1.7.0/stm32cubeide/plugins/com.st.stm32cube.ide.mcu.externaltools.gnu-tools-for-stm32.9-2020-q2-update.win32_2.0.0.202105311346/tools/bin/../lib/gcc/arm-none-eabi/9.3.1/thumb/v7e-m+fp/hard/crtbegin.o
                [!provide]                        PROVIDE (__fini_array_end = .)
                0x0000000008003b04                . = ALIGN (0x4)
                0x0000000008003b04                _sidata = LOADADDR (.data)

.data           0x0000000020000000        0xc load address 0x0000000008003b04
                0x0000000020000000                . = ALIGN (0x4)
                0x0000000020000000                _sdata = .
 *(.data)
 *(.data*)
 .data.SystemCoreClock
                0x0000000020000000        0x4 ./Core/Src/system_stm32f3xx.o
                0x0000000020000000                SystemCoreClock
 .data.uwTickPrio
                0x0000000020000004        0x4 ./Drivers/STM32F3xx_HAL_Driver/Src/stm32f3xx_hal.o
                0x0000000020000004                uwTickPrio
 .data.uwTickFreq
                0x0000000020000008        0x1 ./Drivers/STM32F3xx_HAL_Driver/Src/stm32f3xx_hal.o
                0x0000000020000008                uwTickFreq
 *(.RamFunc)
 *(.RamFunc*)
                0x000000002000000c                . = ALIGN (0x4)
 *fill*         0x0000000020000009        0x3 
                0x000000002000000c                _edata = .
                0x0000000008003b10                _siccmram = LOADADDR (.ccmram)

.igot.plt       0x000000002000000c        0x0 load address 0x0000000008003b10
 .igot.plt      0x000000002000000c        0x0 f:/stm32cubeide_1.7.0/stm32cubeide/stm32cubeide_1.7.0/stm32cubeide/plugins/com.st.stm32cube.ide.mcu.externaltools.gnu-tools-for-stm32.9-2020-q2-update.win32_2.0.0.202105311346/tools/bin/../lib/gcc/arm-none-eabi/9.3.1/thumb/v7e-m+fp/hard/crtbegin.o

.ccmram         0x0000000010000000        0x0 load address 0x0000000008003b10
                0x0000000010000000                . = ALIGN (0x4)
                0x0000000010000000                _sccmram = .
 *(.ccmram)
 *(.ccmram*)
                0x0000000010000000                . = ALIGN (0x4)
                0x0000000010000000                _eccmram = .
                0x0000000010000000                . = ALIGN (0x4)

.bss            0x000000002000000c       0xb0
                0x000000002000000c                _sbss = .
                0x000000002000000c                __bss_start__ = _sbss
 *(.bss)
 .bss           0x000000002000000c       0x1c f:/stm32cubeide_1.7.0/stm32cubeide/stm32cubeide_1.7.0/stm32cubeide/plugins/com.st.stm32cube.ide.mcu.externaltools.gnu-tools-for-stm32.9-2020-q2-update.win32_2.0.0.202105311346/tools/bin/../lib/gcc/arm-none-eabi/9.3.1/thumb/v7e-m+fp/hard/crtbegin.o
 *(.bss*)
 .bss.x1hzTime  0x0000000020000028        0x4 ./Core/Src/main.o
 .bss.x4hzTime  0x000000002000002c        0x4 ./Core/Src/main.o
 .bss.x1hz      0x0000000020000030        0x1 ./Core/Src/main.o
 .bss.x4hz      0x0000000020000031        0x1 ./Core/Src/main.o
 .bss.buttonMode
                0x0000000020000032        0x2 ./Core/Src/main.o
                0x0000000020000032                buttonMode
 *(COMMON)
 COMMON         0x0000000020000034       0x84 ./Core/Src/usart.o
                0x0000000020000034                huart2
 COMMON         0x00000000200000b8        0x4 ./Drivers/STM32F3xx_HAL_Driver/Src/stm32f3xx_hal.o
                0x00000000200000b8                uwTick
                0x00000000200000bc                . = ALIGN (0x4)
                0x00000000200000bc                _ebss = .
                0x00000000200000bc                __bss_end__ = _ebss

._user_heap_stack
                0x00000000200000bc      0x604
                0x00000000200000c0                . = ALIGN (0x8)
 *fill*         0x00000000200000bc        0x4 
                [!provide]                        PROVIDE (end = .)
                0x00000000200000c0                PROVIDE (_end = .)
                0x00000000200002c0                . = (. + _Min_Heap_Size)
 *fill*         0x00000000200000c0      0x200 
                0x00000000200006c0                . = (. + _Min_Stack_Size)
 *fill*         0x00000000200002c0      0x400 
                0x00000000200006c0                . = ALIGN (0x8)

/DISCARD/
 libc.a(*)
 libm.a(*)
 libgcc.a(*)

.ARM.attributes
                0x0000000000000000       0x30
 *(.ARM.attributes)
 .ARM.attributes
                0x0000000000000000       0x1e f:/stm32cubeide_1.7.0/stm32cubeide/stm32cubeide_1.7.0/stm32cubeide/plugins/com.st.stm32cube.ide.mcu.externaltools.gnu-tools-for-stm32.9-2020-q2-update.win32_2.0.0.202105311346/tools/bin/../lib/gcc/arm-none-eabi/9.3.1/thumb/v7e-m+fp/hard/crti.o
 .ARM.attributes
                0x000000000000001e       0x34 f:/stm32cubeide_1.7.0/stm32cubeide/stm32cubeide_1.7.0/stm32cubeide/plugins/com.st.stm32cube.ide.mcu.externaltools.gnu-tools-for-stm32.9-2020-q2-update.win32_2.0.0.202105311346/tools/bin/../lib/gcc/arm-none-eabi/9.3.1/thumb/v7e-m+fp/hard/crtbegin.o
 .ARM.attributes
                0x0000000000000052       0x34 ./Core/Src/gpio.o
 .ARM.attributes
                0x0000000000000086       0x34 ./Core/Src/main.o
 .ARM.attributes
                0x00000000000000ba       0x34 ./Core/Src/stm32f3xx_hal_msp.o
 .ARM.attributes
                0x00000000000000ee       0x34 ./Core/Src/stm32f3xx_it.o
 .ARM.attributes
                0x0000000000000122       0x34 ./Core/Src/system_stm32f3xx.o
 .ARM.attributes
                0x0000000000000156       0x34 ./Core/Src/usart.o
 .ARM.attributes
                0x000000000000018a       0x21 ./Core/Startup/startup_stm32f303retx.o
 .ARM.attributes
                0x00000000000001ab       0x34 ./Drivers/STM32F3xx_HAL_Driver/Src/stm32f3xx_hal.o
 .ARM.attributes
                0x00000000000001df       0x34 ./Drivers/STM32F3xx_HAL_Driver/Src/stm32f3xx_hal_cortex.o
 .ARM.attributes
                0x0000000000000213       0x34 ./Drivers/STM32F3xx_HAL_Driver/Src/stm32f3xx_hal_gpio.o
 .ARM.attributes
                0x0000000000000247       0x34 ./Drivers/STM32F3xx_HAL_Driver/Src/stm32f3xx_hal_rcc.o
 .ARM.attributes
                0x000000000000027b       0x34 ./Drivers/STM32F3xx_HAL_Driver/Src/stm32f3xx_hal_rcc_ex.o
 .ARM.attributes
                0x00000000000002af       0x34 ./Drivers/STM32F3xx_HAL_Driver/Src/stm32f3xx_hal_uart.o
 .ARM.attributes
                0x00000000000002e3       0x34 f:/stm32cubeide_1.7.0/stm32cubeide/stm32cubeide_1.7.0/stm32cubeide/plugins/com.st.stm32cube.ide.mcu.externaltools.gnu-tools-for-stm32.9-2020-q2-update.win32_2.0.0.202105311346/tools/bin/../lib/gcc/arm-none-eabi/9.3.1/../../../../arm-none-eabi/lib/thumb/v7e-m+fp/hard\libc_nano.a(lib_a-init.o)
 .ARM.attributes
                0x0000000000000317       0x34 f:/stm32cubeide_1.7.0/stm32cubeide/stm32cubeide_1.7.0/stm32cubeide/plugins/com.st.stm32cube.ide.mcu.externaltools.gnu-tools-for-stm32.9-2020-q2-update.win32_2.0.0.202105311346/tools/bin/../lib/gcc/arm-none-eabi/9.3.1/../../../../arm-none-eabi/lib/thumb/v7e-m+fp/hard\libc_nano.a(lib_a-memset.o)
 .ARM.attributes
                0x000000000000034b       0x1e f:/stm32cubeide_1.7.0/stm32cubeide/stm32cubeide_1.7.0/stm32cubeide/plugins/com.st.stm32cube.ide.mcu.externaltools.gnu-tools-for-stm32.9-2020-q2-update.win32_2.0.0.202105311346/tools/bin/../lib/gcc/arm-none-eabi/9.3.1/thumb/v7e-m+fp/hard/crtn.o
OUTPUT(lab1.elf elf32-littlearm)
LOAD linker stubs
LOAD f:/stm32cubeide_1.7.0/stm32cubeide/stm32cubeide_1.7.0/stm32cubeide/plugins/com.st.stm32cube.ide.mcu.externaltools.gnu-tools-for-stm32.9-2020-q2-update.win32_2.0.0.202105311346/tools/bin/../lib/gcc/arm-none-eabi/9.3.1/../../../../arm-none-eabi/lib/thumb/v7e-m+fp/hard\libc.a
LOAD f:/stm32cubeide_1.7.0/stm32cubeide/stm32cubeide_1.7.0/stm32cubeide/plugins/com.st.stm32cube.ide.mcu.externaltools.gnu-tools-for-stm32.9-2020-q2-update.win32_2.0.0.202105311346/tools/bin/../lib/gcc/arm-none-eabi/9.3.1/../../../../arm-none-eabi/lib/thumb/v7e-m+fp/hard\libm.a
LOAD f:/stm32cubeide_1.7.0/stm32cubeide/stm32cubeide_1.7.0/stm32cubeide/plugins/com.st.stm32cube.ide.mcu.externaltools.gnu-tools-for-stm32.9-2020-q2-update.win32_2.0.0.202105311346/tools/bin/../lib/gcc/arm-none-eabi/9.3.1/thumb/v7e-m+fp/hard\libgcc.a

.debug_info     0x0000000000000000     0x9a41
 .debug_info    0x0000000000000000      0x442 ./Core/Src/gpio.o
 .debug_info    0x0000000000000442      0xba8 ./Core/Src/main.o
 .debug_info    0x0000000000000fea      0x299 ./Core/Src/stm32f3xx_hal_msp.o
 .debug_info    0x0000000000001283      0x225 ./Core/Src/stm32f3xx_it.o
 .debug_info    0x00000000000014a8      0x49a ./Core/Src/system_stm32f3xx.o
 .debug_info    0x0000000000001942      0x9d2 ./Core/Src/usart.o
 .debug_info    0x0000000000002314       0x22 ./Core/Startup/startup_stm32f303retx.o
 .debug_info    0x0000000000002336      0x86d ./Drivers/STM32F3xx_HAL_Driver/Src/stm32f3xx_hal.o
 .debug_info    0x0000000000002ba3      0xe8c ./Drivers/STM32F3xx_HAL_Driver/Src/stm32f3xx_hal_cortex.o
 .debug_info    0x0000000000003a2f      0x83d ./Drivers/STM32F3xx_HAL_Driver/Src/stm32f3xx_hal_gpio.o
 .debug_info    0x000000000000426c     0x15c6 ./Drivers/STM32F3xx_HAL_Driver/Src/stm32f3xx_hal_rcc.o
 .debug_info    0x0000000000005832      0x716 ./Drivers/STM32F3xx_HAL_Driver/Src/stm32f3xx_hal_rcc_ex.o
 .debug_info    0x0000000000005f48     0x3af9 ./Drivers/STM32F3xx_HAL_Driver/Src/stm32f3xx_hal_uart.o

.debug_abbrev   0x0000000000000000     0x1707
 .debug_abbrev  0x0000000000000000      0x14e ./Core/Src/gpio.o
 .debug_abbrev  0x000000000000014e      0x1f2 ./Core/Src/main.o
 .debug_abbrev  0x0000000000000340      0x11d ./Core/Src/stm32f3xx_hal_msp.o
 .debug_abbrev  0x000000000000045d       0xd2 ./Core/Src/stm32f3xx_it.o
 .debug_abbrev  0x000000000000052f      0x145 ./Core/Src/system_stm32f3xx.o
 .debug_abbrev  0x0000000000000674      0x1bb ./Core/Src/usart.o
 .debug_abbrev  0x000000000000082f       0x12 ./Core/Startup/startup_stm32f303retx.o
 .debug_abbrev  0x0000000000000841      0x1ed ./Drivers/STM32F3xx_HAL_Driver/Src/stm32f3xx_hal.o
 .debug_abbrev  0x0000000000000a2e      0x33c ./Drivers/STM32F3xx_HAL_Driver/Src/stm32f3xx_hal_cortex.o
 .debug_abbrev  0x0000000000000d6a      0x1e8 ./Drivers/STM32F3xx_HAL_Driver/Src/stm32f3xx_hal_gpio.o
 .debug_abbrev  0x0000000000000f52      0x2c4 ./Drivers/STM32F3xx_HAL_Driver/Src/stm32f3xx_hal_rcc.o
 .debug_abbrev  0x0000000000001216      0x23e ./Drivers/STM32F3xx_HAL_Driver/Src/stm32f3xx_hal_rcc_ex.o
 .debug_abbrev  0x0000000000001454      0x2b3 ./Drivers/STM32F3xx_HAL_Driver/Src/stm32f3xx_hal_uart.o

.debug_aranges  0x0000000000000000      0x6a0
 .debug_aranges
                0x0000000000000000       0x20 ./Core/Src/gpio.o
 .debug_aranges
                0x0000000000000020       0x48 ./Core/Src/main.o
 .debug_aranges
                0x0000000000000068       0x20 ./Core/Src/stm32f3xx_hal_msp.o
 .debug_aranges
                0x0000000000000088       0x60 ./Core/Src/stm32f3xx_it.o
 .debug_aranges
                0x00000000000000e8       0x28 ./Core/Src/system_stm32f3xx.o
 .debug_aranges
                0x0000000000000110       0x30 ./Core/Src/usart.o
 .debug_aranges
                0x0000000000000140       0x28 ./Core/Startup/startup_stm32f303retx.o
 .debug_aranges
                0x0000000000000168       0xe0 ./Drivers/STM32F3xx_HAL_Driver/Src/stm32f3xx_hal.o
 .debug_aranges
                0x0000000000000248      0x118 ./Drivers/STM32F3xx_HAL_Driver/Src/stm32f3xx_hal_cortex.o
 .debug_aranges
                0x0000000000000360       0x58 ./Drivers/STM32F3xx_HAL_Driver/Src/stm32f3xx_hal_gpio.o
 .debug_aranges
                0x00000000000003b8       0x88 ./Drivers/STM32F3xx_HAL_Driver/Src/stm32f3xx_hal_rcc.o
 .debug_aranges
                0x0000000000000440       0x38 ./Drivers/STM32F3xx_HAL_Driver/Src/stm32f3xx_hal_rcc_ex.o
 .debug_aranges
                0x0000000000000478      0x228 ./Drivers/STM32F3xx_HAL_Driver/Src/stm32f3xx_hal_uart.o

.debug_ranges   0x0000000000000000      0x608
 .debug_ranges  0x0000000000000000       0x10 ./Core/Src/gpio.o
 .debug_ranges  0x0000000000000010       0x38 ./Core/Src/main.o
 .debug_ranges  0x0000000000000048       0x10 ./Core/Src/stm32f3xx_hal_msp.o
 .debug_ranges  0x0000000000000058       0x50 ./Core/Src/stm32f3xx_it.o
 .debug_ranges  0x00000000000000a8       0x18 ./Core/Src/system_stm32f3xx.o
 .debug_ranges  0x00000000000000c0       0x20 ./Core/Src/usart.o
 .debug_ranges  0x00000000000000e0       0x20 ./Core/Startup/startup_stm32f303retx.o
 .debug_ranges  0x0000000000000100       0xd0 ./Drivers/STM32F3xx_HAL_Driver/Src/stm32f3xx_hal.o
 .debug_ranges  0x00000000000001d0      0x108 ./Drivers/STM32F3xx_HAL_Driver/Src/stm32f3xx_hal_cortex.o
 .debug_ranges  0x00000000000002d8       0x48 ./Drivers/STM32F3xx_HAL_Driver/Src/stm32f3xx_hal_gpio.o
 .debug_ranges  0x0000000000000320       0x78 ./Drivers/STM32F3xx_HAL_Driver/Src/stm32f3xx_hal_rcc.o
 .debug_ranges  0x0000000000000398       0x28 ./Drivers/STM32F3xx_HAL_Driver/Src/stm32f3xx_hal_rcc_ex.o
 .debug_ranges  0x00000000000003c0      0x248 ./Drivers/STM32F3xx_HAL_Driver/Src/stm32f3xx_hal_uart.o

.debug_macro    0x0000000000000000    0x1f0e4
 .debug_macro   0x0000000000000000      0x1dc ./Core/Src/gpio.o
 .debug_macro   0x00000000000001dc      0xaa8 ./Core/Src/gpio.o
 .debug_macro   0x0000000000000c84      0x158 ./Core/Src/gpio.o
 .debug_macro   0x0000000000000ddc       0x2e ./Core/Src/gpio.o
 .debug_macro   0x0000000000000e0a       0x28 ./Core/Src/gpio.o
 .debug_macro   0x0000000000000e32       0x22 ./Core/Src/gpio.o
 .debug_macro   0x0000000000000e54       0x8e ./Core/Src/gpio.o
 .debug_macro   0x0000000000000ee2       0x51 ./Core/Src/gpio.o
 .debug_macro   0x0000000000000f33      0x103 ./Core/Src/gpio.o
 .debug_macro   0x0000000000001036       0x6a ./Core/Src/gpio.o
 .debug_macro   0x00000000000010a0      0x1df ./Core/Src/gpio.o
 .debug_macro   0x000000000000127f       0x1c ./Core/Src/gpio.o
 .debug_macro   0x000000000000129b       0x22 ./Core/Src/gpio.o
 .debug_macro   0x00000000000012bd       0xdf ./Core/Src/gpio.o
 .debug_macro   0x000000000000139c     0x102d ./Core/Src/gpio.o
 .debug_macro   0x00000000000023c9      0x11f ./Core/Src/gpio.o
 .debug_macro   0x00000000000024e8    0x1535a ./Core/Src/gpio.o
 .debug_macro   0x0000000000017842       0x6d ./Core/Src/gpio.o
 .debug_macro   0x00000000000178af     0x3540 ./Core/Src/gpio.o
 .debug_macro   0x000000000001adef      0x174 ./Core/Src/gpio.o
 .debug_macro   0x000000000001af63       0x55 ./Core/Src/gpio.o
 .debug_macro   0x000000000001afb8      0x954 ./Core/Src/gpio.o
 .debug_macro   0x000000000001b90c      0x84a ./Core/Src/gpio.o
 .debug_macro   0x000000000001c156      0x1b6 ./Core/Src/gpio.o
 .debug_macro   0x000000000001c30c      0x23a ./Core/Src/gpio.o
 .debug_macro   0x000000000001c546      0x1ea ./Core/Src/gpio.o
 .debug_macro   0x000000000001c730      0x1bc ./Core/Src/gpio.o
 .debug_macro   0x000000000001c8ec       0x30 ./Core/Src/gpio.o
 .debug_macro   0x000000000001c91c       0x3c ./Core/Src/gpio.o
 .debug_macro   0x000000000001c958      0x236 ./Core/Src/gpio.o
 .debug_macro   0x000000000001cb8e       0xc5 ./Core/Src/gpio.o
 .debug_macro   0x000000000001cc53      0x21d ./Core/Src/gpio.o
 .debug_macro   0x000000000001ce70      0x22c ./Core/Src/gpio.o
 .debug_macro   0x000000000001d09c       0x5b ./Core/Src/gpio.o
 .debug_macro   0x000000000001d0f7       0xa5 ./Core/Src/gpio.o
 .debug_macro   0x000000000001d19c       0x81 ./Core/Src/gpio.o
 .debug_macro   0x000000000001d21d       0xd3 ./Core/Src/gpio.o
 .debug_macro   0x000000000001d2f0      0x5a5 ./Core/Src/gpio.o
 .debug_macro   0x000000000001d895       0x44 ./Core/Src/gpio.o
 .debug_macro   0x000000000001d8d9      0x347 ./Core/Src/gpio.o
 .debug_macro   0x000000000001dc20       0x64 ./Core/Src/gpio.o
 .debug_macro   0x000000000001dc84      0x1f3 ./Core/Src/main.o
 .debug_macro   0x000000000001de77       0x22 ./Core/Src/main.o
 .debug_macro   0x000000000001de99      0x1d2 ./Core/Src/stm32f3xx_hal_msp.o
 .debug_macro   0x000000000001e06b      0x1dc ./Core/Src/stm32f3xx_it.o
 .debug_macro   0x000000000001e247      0x1c3 ./Core/Src/system_stm32f3xx.o
 .debug_macro   0x000000000001e40a      0x1dc ./Core/Src/usart.o
 .debug_macro   0x000000000001e5e6      0x1e7 ./Drivers/STM32F3xx_HAL_Driver/Src/stm32f3xx_hal.o
 .debug_macro   0x000000000001e7cd      0x1c3 ./Drivers/STM32F3xx_HAL_Driver/Src/stm32f3xx_hal_cortex.o
 .debug_macro   0x000000000001e990      0x1ca ./Drivers/STM32F3xx_HAL_Driver/Src/stm32f3xx_hal_gpio.o
 .debug_macro   0x000000000001eb5a      0x1e7 ./Drivers/STM32F3xx_HAL_Driver/Src/stm32f3xx_hal_rcc.o
 .debug_macro   0x000000000001ed41      0x1c3 ./Drivers/STM32F3xx_HAL_Driver/Src/stm32f3xx_hal_rcc_ex.o
 .debug_macro   0x000000000001ef04      0x1e0 ./Drivers/STM32F3xx_HAL_Driver/Src/stm32f3xx_hal_uart.o

.debug_line     0x0000000000000000     0xbe88
 .debug_line    0x0000000000000000      0x8de ./Core/Src/gpio.o
 .debug_line    0x00000000000008de      0x9b5 ./Core/Src/main.o
 .debug_line    0x0000000000001293      0x88f ./Core/Src/stm32f3xx_hal_msp.o
 .debug_line    0x0000000000001b22      0x954 ./Core/Src/stm32f3xx_it.o
 .debug_line    0x0000000000002476      0x909 ./Core/Src/system_stm32f3xx.o
 .debug_line    0x0000000000002d7f      0x8fd ./Core/Src/usart.o
 .debug_line    0x000000000000367c       0x88 ./Core/Startup/startup_stm32f303retx.o
 .debug_line    0x0000000000003704      0xb4d ./Drivers/STM32F3xx_HAL_Driver/Src/stm32f3xx_hal.o
 .debug_line    0x0000000000004251      0xf9f ./Drivers/STM32F3xx_HAL_Driver/Src/stm32f3xx_hal_cortex.o
 .debug_line    0x00000000000051f0      0xe52 ./Drivers/STM32F3xx_HAL_Driver/Src/stm32f3xx_hal_gpio.o
 .debug_line    0x0000000000006042     0x1770 ./Drivers/STM32F3xx_HAL_Driver/Src/stm32f3xx_hal_rcc.o
 .debug_line    0x00000000000077b2     0x121e ./Drivers/STM32F3xx_HAL_Driver/Src/stm32f3xx_hal_rcc_ex.o
 .debug_line    0x00000000000089d0     0x34b8 ./Drivers/STM32F3xx_HAL_Driver/Src/stm32f3xx_hal_uart.o

.debug_str      0x0000000000000000    0xbc18a
 .debug_str     0x0000000000000000    0xb9f65 ./Core/Src/gpio.o
                                      0xba604 (size before relaxing)
 .debug_str     0x00000000000b9f65      0x791 ./Core/Src/main.o
                                      0xbad18 (size before relaxing)
 .debug_str     0x00000000000ba6f6       0x2c ./Core/Src/stm32f3xx_hal_msp.o
                                      0xba567 (size before relaxing)
 .debug_str     0x00000000000ba722       0xbd ./Core/Src/stm32f3xx_it.o
                                      0xba59e (size before relaxing)
 .debug_str     0x00000000000ba7df       0xbd ./Core/Src/system_stm32f3xx.o
                                      0xba49a (size before relaxing)
 .debug_str     0x00000000000ba89c       0x57 ./Core/Src/usart.o
                                      0xbaa34 (size before relaxing)
 .debug_str     0x00000000000ba8f3       0x36 ./Core/Startup/startup_stm32f303retx.o
                                         0x4d (size before relaxing)
 .debug_str     0x00000000000ba929      0x67e ./Drivers/STM32F3xx_HAL_Driver/Src/stm32f3xx_hal.o
                                      0xbaca1 (size before relaxing)
 .debug_str     0x00000000000bafa7      0x3b1 ./Drivers/STM32F3xx_HAL_Driver/Src/stm32f3xx_hal_cortex.o
                                      0xbadc3 (size before relaxing)
 .debug_str     0x00000000000bb358      0x1c3 ./Drivers/STM32F3xx_HAL_Driver/Src/stm32f3xx_hal_gpio.o
                                      0xba6bd (size before relaxing)
 .debug_str     0x00000000000bb51b      0x303 ./Drivers/STM32F3xx_HAL_Driver/Src/stm32f3xx_hal_rcc.o
                                      0xba90c (size before relaxing)
 .debug_str     0x00000000000bb81e       0xd8 ./Drivers/STM32F3xx_HAL_Driver/Src/stm32f3xx_hal_rcc_ex.o
                                      0xba756 (size before relaxing)
 .debug_str     0x00000000000bb8f6      0x894 ./Drivers/STM32F3xx_HAL_Driver/Src/stm32f3xx_hal_uart.o
                                      0xbb118 (size before relaxing)

.comment        0x0000000000000000       0x53
 .comment       0x0000000000000000       0x53 ./Core/Src/gpio.o
                                         0x54 (size before relaxing)
 .comment       0x0000000000000053       0x54 ./Core/Src/main.o
 .comment       0x0000000000000053       0x54 ./Core/Src/stm32f3xx_hal_msp.o
 .comment       0x0000000000000053       0x54 ./Core/Src/stm32f3xx_it.o
 .comment       0x0000000000000053       0x54 ./Core/Src/system_stm32f3xx.o
 .comment       0x0000000000000053       0x54 ./Core/Src/usart.o
 .comment       0x0000000000000053       0x54 ./Drivers/STM32F3xx_HAL_Driver/Src/stm32f3xx_hal.o
 .comment       0x0000000000000053       0x54 ./Drivers/STM32F3xx_HAL_Driver/Src/stm32f3xx_hal_cortex.o
 .comment       0x0000000000000053       0x54 ./Drivers/STM32F3xx_HAL_Driver/Src/stm32f3xx_hal_gpio.o
 .comment       0x0000000000000053       0x54 ./Drivers/STM32F3xx_HAL_Driver/Src/stm32f3xx_hal_rcc.o
 .comment       0x0000000000000053       0x54 ./Drivers/STM32F3xx_HAL_Driver/Src/stm32f3xx_hal_rcc_ex.o
 .comment       0x0000000000000053       0x54 ./Drivers/STM32F3xx_HAL_Driver/Src/stm32f3xx_hal_uart.o

.debug_frame    0x0000000000000000     0x18fc
 .debug_frame   0x0000000000000000       0x34 ./Core/Src/gpio.o
 .debug_frame   0x0000000000000034       0xd4 ./Core/Src/main.o
 .debug_frame   0x0000000000000108       0x34 ./Core/Src/stm32f3xx_hal_msp.o
 .debug_frame   0x000000000000013c      0x104 ./Core/Src/stm32f3xx_it.o
 .debug_frame   0x0000000000000240       0x58 ./Core/Src/system_stm32f3xx.o
 .debug_frame   0x0000000000000298       0x74 ./Core/Src/usart.o
 .debug_frame   0x000000000000030c      0x334 ./Drivers/STM32F3xx_HAL_Driver/Src/stm32f3xx_hal.o
 .debug_frame   0x0000000000000640      0x494 ./Drivers/STM32F3xx_HAL_Driver/Src/stm32f3xx_hal_cortex.o
 .debug_frame   0x0000000000000ad4      0x13c ./Drivers/STM32F3xx_HAL_Driver/Src/stm32f3xx_hal_gpio.o
 .debug_frame   0x0000000000000c10      0x20c ./Drivers/STM32F3xx_HAL_Driver/Src/stm32f3xx_hal_rcc.o
 .debug_frame   0x0000000000000e1c       0xb4 ./Drivers/STM32F3xx_HAL_Driver/Src/stm32f3xx_hal_rcc_ex.o
 .debug_frame   0x0000000000000ed0      0x9e0 ./Drivers/STM32F3xx_HAL_Driver/Src/stm32f3xx_hal_uart.o
 .debug_frame   0x00000000000018b0       0x2c f:/stm32cubeide_1.7.0/stm32cubeide/stm32cubeide_1.7.0/stm32cubeide/plugins/com.st.stm32cube.ide.mcu.externaltools.gnu-tools-for-stm32.9-2020-q2-update.win32_2.0.0.202105311346/tools/bin/../lib/gcc/arm-none-eabi/9.3.1/../../../../arm-none-eabi/lib/thumb/v7e-m+fp/hard\libc_nano.a(lib_a-init.o)
 .debug_frame   0x00000000000018dc       0x20 f:/stm32cubeide_1.7.0/stm32cubeide/stm32cubeide_1.7.0/stm32cubeide/plugins/com.st.stm32cube.ide.mcu.externaltools.gnu-tools-for-stm32.9-2020-q2-update.win32_2.0.0.202105311346/tools/bin/../lib/gcc/arm-none-eabi/9.3.1/../../../../arm-none-eabi/lib/thumb/v7e-m+fp/hard\libc_nano.a(lib_a-memset.o)
