Archive member included to satisfy reference by file (symbol)

f:/stm32cubeide_1.7.0/stm32cubeide/stm32cubeide_1.7.0/stm32cubeide/plugins/com.st.stm32cube.ide.mcu.externaltools.gnu-tools-for-stm32.9-2020-q2-update.win32_2.0.0.202105311346/tools/bin/../lib/gcc/arm-none-eabi/9.3.1/../../../../arm-none-eabi/lib/thumb/v7e-m+fp/hard\libc_nano.a(lib_a-errno.o)
                              ./Core/Src/syscalls.o (__errno)
f:/stm32cubeide_1.7.0/stm32cubeide/stm32cubeide_1.7.0/stm32cubeide/plugins/com.st.stm32cube.ide.mcu.externaltools.gnu-tools-for-stm32.9-2020-q2-update.win32_2.0.0.202105311346/tools/bin/../lib/gcc/arm-none-eabi/9.3.1/../../../../arm-none-eabi/lib/thumb/v7e-m+fp/hard\libc_nano.a(lib_a-exit.o)
                              f:/stm32cubeide_1.7.0/stm32cubeide/stm32cubeide_1.7.0/stm32cubeide/plugins/com.st.stm32cube.ide.mcu.externaltools.gnu-tools-for-stm32.9-2020-q2-update.win32_2.0.0.202105311346/tools/bin/../lib/gcc/arm-none-eabi/9.3.1/../../../../arm-none-eabi/lib/thumb/v7e-m+fp/hard/crt0.o (exit)
f:/stm32cubeide_1.7.0/stm32cubeide/stm32cubeide_1.7.0/stm32cubeide/plugins/com.st.stm32cube.ide.mcu.externaltools.gnu-tools-for-stm32.9-2020-q2-update.win32_2.0.0.202105311346/tools/bin/../lib/gcc/arm-none-eabi/9.3.1/../../../../arm-none-eabi/lib/thumb/v7e-m+fp/hard\libc_nano.a(lib_a-impure.o)
                              f:/stm32cubeide_1.7.0/stm32cubeide/stm32cubeide_1.7.0/stm32cubeide/plugins/com.st.stm32cube.ide.mcu.externaltools.gnu-tools-for-stm32.9-2020-q2-update.win32_2.0.0.202105311346/tools/bin/../lib/gcc/arm-none-eabi/9.3.1/../../../../arm-none-eabi/lib/thumb/v7e-m+fp/hard\libc_nano.a(lib_a-exit.o) (_global_impure_ptr)
f:/stm32cubeide_1.7.0/stm32cubeide/stm32cubeide_1.7.0/stm32cubeide/plugins/com.st.stm32cube.ide.mcu.externaltools.gnu-tools-for-stm32.9-2020-q2-update.win32_2.0.0.202105311346/tools/bin/../lib/gcc/arm-none-eabi/9.3.1/../../../../arm-none-eabi/lib/thumb/v7e-m+fp/hard\libc_nano.a(lib_a-init.o)
                              f:/stm32cubeide_1.7.0/stm32cubeide/stm32cubeide_1.7.0/stm32cubeide/plugins/com.st.stm32cube.ide.mcu.externaltools.gnu-tools-for-stm32.9-2020-q2-update.win32_2.0.0.202105311346/tools/bin/../lib/gcc/arm-none-eabi/9.3.1/../../../../arm-none-eabi/lib/thumb/v7e-m+fp/hard/crt0.o (__libc_init_array)
f:/stm32cubeide_1.7.0/stm32cubeide/stm32cubeide_1.7.0/stm32cubeide/plugins/com.st.stm32cube.ide.mcu.externaltools.gnu-tools-for-stm32.9-2020-q2-update.win32_2.0.0.202105311346/tools/bin/../lib/gcc/arm-none-eabi/9.3.1/../../../../arm-none-eabi/lib/thumb/v7e-m+fp/hard\libc_nano.a(lib_a-memset.o)
                              f:/stm32cubeide_1.7.0/stm32cubeide/stm32cubeide_1.7.0/stm32cubeide/plugins/com.st.stm32cube.ide.mcu.externaltools.gnu-tools-for-stm32.9-2020-q2-update.win32_2.0.0.202105311346/tools/bin/../lib/gcc/arm-none-eabi/9.3.1/../../../../arm-none-eabi/lib/thumb/v7e-m+fp/hard/crt0.o (memset)
f:/stm32cubeide_1.7.0/stm32cubeide/stm32cubeide_1.7.0/stm32cubeide/plugins/com.st.stm32cube.ide.mcu.externaltools.gnu-tools-for-stm32.9-2020-q2-update.win32_2.0.0.202105311346/tools/bin/../lib/gcc/arm-none-eabi/9.3.1/../../../../arm-none-eabi/lib/thumb/v7e-m+fp/hard\libc_nano.a(lib_a-printf.o)
                              ./Core/Src/clock.o (printf)
f:/stm32cubeide_1.7.0/stm32cubeide/stm32cubeide_1.7.0/stm32cubeide/plugins/com.st.stm32cube.ide.mcu.externaltools.gnu-tools-for-stm32.9-2020-q2-update.win32_2.0.0.202105311346/tools/bin/../lib/gcc/arm-none-eabi/9.3.1/../../../../arm-none-eabi/lib/thumb/v7e-m+fp/hard\libc_nano.a(lib_a-sscanf.o)
                              ./Core/Src/main.o (sscanf)
f:/stm32cubeide_1.7.0/stm32cubeide/stm32cubeide_1.7.0/stm32cubeide/plugins/com.st.stm32cube.ide.mcu.externaltools.gnu-tools-for-stm32.9-2020-q2-update.win32_2.0.0.202105311346/tools/bin/../lib/gcc/arm-none-eabi/9.3.1/../../../../arm-none-eabi/lib/thumb/v7e-m+fp/hard\libc_nano.a(lib_a-stdio.o)
                              f:/stm32cubeide_1.7.0/stm32cubeide/stm32cubeide_1.7.0/stm32cubeide/plugins/com.st.stm32cube.ide.mcu.externaltools.gnu-tools-for-stm32.9-2020-q2-update.win32_2.0.0.202105311346/tools/bin/../lib/gcc/arm-none-eabi/9.3.1/../../../../arm-none-eabi/lib/thumb/v7e-m+fp/hard\libc_nano.a(lib_a-sscanf.o) (__seofread)
f:/stm32cubeide_1.7.0/stm32cubeide/stm32cubeide_1.7.0/stm32cubeide/plugins/com.st.stm32cube.ide.mcu.externaltools.gnu-tools-for-stm32.9-2020-q2-update.win32_2.0.0.202105311346/tools/bin/../lib/gcc/arm-none-eabi/9.3.1/../../../../arm-none-eabi/lib/thumb/v7e-m+fp/hard\libc_nano.a(lib_a-strcmp.o)
                              ./Core/Src/main.o (strcmp)
f:/stm32cubeide_1.7.0/stm32cubeide/stm32cubeide_1.7.0/stm32cubeide/plugins/com.st.stm32cube.ide.mcu.externaltools.gnu-tools-for-stm32.9-2020-q2-update.win32_2.0.0.202105311346/tools/bin/../lib/gcc/arm-none-eabi/9.3.1/../../../../arm-none-eabi/lib/thumb/v7e-m+fp/hard\libc_nano.a(lib_a-strlen.o)
                              ./Core/Src/main.o (strlen)
[...]
Memory Configuration

Name             Origin             Length             Attributes
CCMRAM           0x0000000010000000 0x0000000000004000 xrw
RAM              0x0000000020000000 0x0000000000010000 xrw
FLASH            0x0000000008000000 0x0000000000080000 xr
*default*        0x0000000000000000 0xffffffffffffffff

Linker script and memory map

LOAD f:/stm32cubeide_1.7.0/stm32cubeide/stm32cubeide_1.7.0/stm32cubeide/plugins/com.st.stm32cube.ide.mcu.externaltools.gnu-tools-for-stm32.9-2020-q2-update.win32_2.0.0.202105311346/tools/bin/../lib/gcc/arm-none-eabi/9.3.1/thumb/v7e-m+fp/hard/crti.o
LOAD f:/stm32cubeide_1.7.0/stm32cubeide/stm32cubeide_1.7.0/stm32cubeide/plugins/com.st.stm32cube.ide.mcu.externaltools.gnu-tools-for-stm32.9-2020-q2-update.win32_2.0.0.202105311346/tools/bin/../lib/gcc/arm-none-eabi/9.3.1/thumb/v7e-m+fp/hard/crtbegin.o
LOAD f:/stm32cubeide_1.7.0/stm32cubeide/stm32cubeide_1.7.0/stm32cubeide/plugins/com.st.stm32cube.ide.mcu.externaltools.gnu-tools-for-stm32.9-2020-q2-update.win32_2.0.0.202105311346/tools/bin/../lib/gcc/arm-none-eabi/9.3.1/../../../../arm-none-eabi/lib/thumb/v7e-m+fp/hard/crt0.o
LOAD ./Core/Src/clock.o
LOAD ./Core/Src/flash.o
LOAD ./Core/Src/gpio.o
LOAD ./Core/Src/handlers.o
LOAD ./Core/Src/i2c.o
LOAD ./Core/Src/main.o
LOAD ./Core/Src/rtc.o
LOAD ./Core/Src/stm32f3xx_hal_msp.o
LOAD ./Core/Src/stm32f3xx_it.o
LOAD ./Core/Src/syscalls.o
LOAD ./Core/Src/sysmem.o
LOAD ./Core/Src/system_stm32f3xx.o
LOAD ./Core/Src/tim.o
LOAD ./Core/Src/usart.o
LOAD ./Core/Startup/startup_stm32f303retx.o
LOAD ./Drivers/STM32F3xx_HAL_Driver/Src/stm32f3xx_hal.o
LOAD ./Drivers/STM32F3xx_HAL_Driver/Src/stm32f3xx_hal_cortex.o
LOAD ./Drivers/STM32F3xx_HAL_Driver/Src/stm32f3xx_hal_dma.o
LOAD ./Drivers/STM32F3xx_HAL_Driver/Src/stm32f3xx_hal_exti.o
LOAD ./Drivers/STM32F3xx_HAL_Driver/Src/stm32f3xx_hal_flash.o
LOAD ./Drivers/STM32F3xx_HAL_Driver/Src/stm32f3xx_hal_flash_ex.o
LOAD ./Drivers/STM32F3xx_HAL_Driver/Src/stm32f3xx_hal_gpio.o
LOAD ./Drivers/STM32F3xx_HAL_Driver/Src/stm32f3xx_hal_i2c.o
LOAD ./Drivers/STM32F3xx_HAL_Driver/Src/stm32f3xx_hal_i2c_ex.o
LOAD ./Drivers/STM32F3xx_HAL_Driver/Src/stm32f3xx_hal_pwr.o
LOAD ./Drivers/STM32F3xx_HAL_Driver/Src/stm32f3xx_hal_pwr_ex.o
LOAD ./Drivers/STM32F3xx_HAL_Driver/Src/stm32f3xx_hal_rcc.o
LOAD ./Drivers/STM32F3xx_HAL_Driver/Src/stm32f3xx_hal_rcc_ex.o
LOAD ./Drivers/STM32F3xx_HAL_Driver/Src/stm32f3xx_hal_rtc.o
LOAD ./Drivers/STM32F3xx_HAL_Driver/Src/stm32f3xx_hal_rtc_ex.o
LOAD ./Drivers/STM32F3xx_HAL_Driver/Src/stm32f3xx_hal_tim.o
LOAD ./Drivers/STM32F3xx_HAL_Driver/Src/stm32f3xx_hal_tim_ex.o
LOAD ./Drivers/STM32F3xx_HAL_Driver/Src/stm32f3xx_hal_uart.o
LOAD ./Drivers/STM32F3xx_HAL_Driver/Src/stm32f3xx_hal_uart_ex.o
START GROUP
LOAD f:/stm32cubeide_1.7.0/stm32cubeide/stm32cubeide_1.7.0/stm32cubeide/plugins/com.st.stm32cube.ide.mcu.externaltools.gnu-tools-for-stm32.9-2020-q2-update.win32_2.0.0.202105311346/tools/bin/../lib/gcc/arm-none-eabi/9.3.1/../../../../arm-none-eabi/lib/thumb/v7e-m+fp/hard\libc_nano.a
LOAD f:/stm32cubeide_1.7.0/stm32cubeide/stm32cubeide_1.7.0/stm32cubeide/plugins/com.st.stm32cube.ide.mcu.externaltools.gnu-tools-for-stm32.9-2020-q2-update.win32_2.0.0.202105311346/tools/bin/../lib/gcc/arm-none-eabi/9.3.1/../../../../arm-none-eabi/lib/thumb/v7e-m+fp/hard\libm.a
END GROUP
START GROUP
LOAD f:/stm32cubeide_1.7.0/stm32cubeide/stm32cubeide_1.7.0/stm32cubeide/plugins/com.st.stm32cube.ide.mcu.externaltools.gnu-tools-for-stm32.9-2020-q2-update.win32_2.0.0.202105311346/tools/bin/../lib/gcc/arm-none-eabi/9.3.1/thumb/v7e-m+fp/hard\libgcc.a
LOAD f:/stm32cubeide_1.7.0/stm32cubeide/stm32cubeide_1.7.0/stm32cubeide/plugins/com.st.stm32cube.ide.mcu.externaltools.gnu-tools-for-stm32.9-2020-q2-update.win32_2.0.0.202105311346/tools/bin/../lib/gcc/arm-none-eabi/9.3.1/../../../../arm-none-eabi/lib/thumb/v7e-m+fp/hard\libc_nano.a
END GROUP
START GROUP
LOAD f:/stm32cubeide_1.7.0/stm32cubeide/stm32cubeide_1.7.0/stm32cubeide/plugins/com.st.stm32cube.ide.mcu.externaltools.gnu-tools-for-stm32.9-2020-q2-update.win32_2.0.0.202105311346/tools/bin/../lib/gcc/arm-none-eabi/9.3.1/thumb/v7e-m+fp/hard\libgcc.a
LOAD f:/stm32cubeide_1.7.0/stm32cubeide/stm32cubeide_1.7.0/stm32cubeide/plugins/com.st.stm32cube.ide.mcu.externaltools.gnu-tools-for-stm32.9-2020-q2-update.win32_2.0.0.202105311346/tools/bin/../lib/gcc/arm-none-eabi/9.3.1/../../../../arm-none-eabi/lib/thumb/v7e-m+fp/hard\libc_nano.a
LOAD f:/stm32cubeide_1.7.0/stm32cubeide/stm32cubeide_1.7.0/stm32cubeide/plugins/com.st.stm32cube.ide.mcu.externaltools.gnu-tools-for-stm32.9-2020-q2-update.win32_2.0.0.202105311346/tools/bin/../lib/gcc/arm-none-eabi/9.3.1/../../../../arm-none-eabi/lib/thumb/v7e-m+fp/hard\libnosys.a
END GROUP
START GROUP
LOAD f:/stm32cubeide_1.7.0/stm32cubeide/stm32cubeide_1.7.0/stm32cubeide/plugins/com.st.stm32cube.ide.mcu.externaltools.gnu-tools-for-stm32.9-2020-q2-update.win32_2.0.0.202105311346/tools/bin/../lib/gcc/arm-none-eabi/9.3.1/thumb/v7e-m+fp/hard\libgcc.a
LOAD f:/stm32cubeide_1.7.0/stm32cubeide/stm32cubeide_1.7.0/stm32cubeide/plugins/com.st.stm32cube.ide.mcu.externaltools.gnu-tools-for-stm32.9-2020-q2-update.win32_2.0.0.202105311346/tools/bin/../lib/gcc/arm-none-eabi/9.3.1/../../../../arm-none-eabi/lib/thumb/v7e-m+fp/hard\libc_nano.a
LOAD f:/stm32cubeide_1.7.0/stm32cubeide/stm32cubeide_1.7.0/stm32cubeide/plugins/com.st.stm32cube.ide.mcu.externaltools.gnu-tools-for-stm32.9-2020-q2-update.win32_2.0.0.202105311346/tools/bin/../lib/gcc/arm-none-eabi/9.3.1/../../../../arm-none-eabi/lib/thumb/v7e-m+fp/hard\libnosys.a
END GROUP
LOAD f:/stm32cubeide_1.7.0/stm32cubeide/stm32cubeide_1.7.0/stm32cubeide/plugins/com.st.stm32cube.ide.mcu.externaltools.gnu-tools-for-stm32.9-2020-q2-update.win32_2.0.0.202105311346/tools/bin/../lib/gcc/arm-none-eabi/9.3.1/thumb/v7e-m+fp/hard/crtend.o
LOAD f:/stm32cubeide_1.7.0/stm32cubeide/stm32cubeide_1.7.0/stm32cubeide/plugins/com.st.stm32cube.ide.mcu.externaltools.gnu-tools-for-stm32.9-2020-q2-update.win32_2.0.0.202105311346/tools/bin/../lib/gcc/arm-none-eabi/9.3.1/thumb/v7e-m+fp/hard/crtn.o
                0x0000000020010000                _estack = (ORIGIN (RAM) + LENGTH (RAM))
                0x0000000000000200                _Min_Heap_Size = 0x200
                0x0000000000000400                _Min_Stack_Size = 0x400

.isr_vector     0x0000000008000000      0x194
                0x0000000008000000                . = ALIGN (0x4)
 *(.isr_vector)
 .isr_vector    0x0000000008000000      0x194 ./Core/Startup/startup_stm32f303retx.o
                0x0000000008000000                g_pfnVectors
                0x0000000008000194                . = ALIGN (0x4)

.text           0x00000000080001a0     0xb998
                0x00000000080001a0                . = ALIGN (0x4)
 *(.text)
 .text          0x00000000080001a0       0x40 f:/stm32cubeide_1.7.0/stm32cubeide/stm32cubeide_1.7.0/stm32cubeide/plugins/com.st.stm32cube.ide.mcu.externaltools.gnu-tools-for-stm32.9-2020-q2-update.win32_2.0.0.202105311346/tools/bin/../lib/gcc/arm-none-eabi/9.3.1/thumb/v7e-m+fp/hard/crtbegin.o
 .text          0x00000000080001e0       0x14 f:/stm32cubeide_1.7.0/stm32cubeide/stm32cubeide_1.7.0/stm32cubeide/plugins/com.st.stm32cube.ide.mcu.externaltools.gnu-tools-for-stm32.9-2020-q2-update.win32_2.0.0.202105311346/tools/bin/../lib/gcc/arm-none-eabi/9.3.1/../../../../arm-none-eabi/lib/thumb/v7e-m+fp/hard\libc_nano.a(lib_a-strcmp.o)
                0x00000000080001e0                strcmp
 .text          0x00000000080001f4       0x10 f:/stm32cubeide_1.7.0/stm32cubeide/stm32cubeide_1.7.0/stm32cubeide/plugins/com.st.stm32cube.ide.mcu.externaltools.gnu-tools-for-stm32.9-2020-q2-update.win32_2.0.0.202105311346/tools/bin/../lib/gcc/arm-none-eabi/9.3.1/../../../../arm-none-eabi/lib/thumb/v7e-m+fp/hard\libc_nano.a(lib_a-strlen.o)
                0x00000000080001f4                strlen
 *fill*         0x0000000008000204        0xc 
 .text          0x0000000008000210       0xa0 f:/stm32cubeide_1.7.0/stm32cubeide/stm32cubeide_1.7.0/stm32cubeide/plugins/com.st.stm32cube.ide.mcu.externaltools.gnu-tools-for-stm32.9-2020-q2-update.win32_2.0.0.202105311346/tools/bin/../lib/gcc/arm-none-eabi/9.3.1/../../../../arm-none-eabi/lib/thumb/v7e-m+fp/hard\libc_nano.a(lib_a-memchr.o)
                0x0000000008000210                memchr
 *(.text*)
 .text.splitNumber
                0x00000000080002b0       0xa0 ./Core/Src/clock.o
                0x00000000080002b0                splitNumber
 .text.convertToBinary
                0x0000000008000350       0x6c ./Core/Src/clock.o
                0x0000000008000350                convertToBinary
 .text.setTime  0x00000000080003bc       0x6c ./Core/Src/clock.o
                0x00000000080003bc                setTime
 .text.displayHour
                0x0000000008000428      0x1b8 ./Core/Src/clock.o
                0x0000000008000428                displayHour
 .text.resetPins
                0x00000000080005e0       0xe8 ./Core/Src/clock.o
                0x00000000080005e0                resetPins
 .text.getNumOfDaysInMonth
                0x00000000080006c8       0x6c ./Core/Src/clock.o
                0x00000000080006c8                getNumOfDaysInMonth
 .text.FLASH_init
                0x0000000008000734       0x2c ./Core/Src/flash.o
                0x0000000008000734                FLASH_init
 .text.HAL_I2C_MemTxCpltCallback
                0x0000000008000760       0x14 ./Core/Src/flash.o
                0x0000000008000760                HAL_I2C_MemTxCpltCallback
 .text.Flash_flush
                0x0000000008000774       0x48 ./Core/Src/flash.o
                0x0000000008000774                Flash_flush
 .text.Flash_write
                0x00000000080007bc       0x80 ./Core/Src/flash.o
                0x00000000080007bc                Flash_write
 .text.Flash_read
                0x000000000800083c       0x54 ./Core/Src/flash.o
                0x000000000800083c                Flash_read
 .text.Flash_getFreeSpace
                0x0000000008000890       0x48 ./Core/Src/flash.o
                0x0000000008000890                Flash_getFreeSpace
 .text.MX_GPIO_Init
                0x00000000080008d8      0x1cc ./Core/Src/gpio.o
                0x00000000080008d8                MX_GPIO_Init
 .text.handleSetClockMode
                0x0000000008000aa4       0x6c ./Core/Src/handlers.o
                0x0000000008000aa4                handleSetClockMode
 .text.handleShowHour
                0x0000000008000b10       0x4c ./Core/Src/handlers.o
                0x0000000008000b10                handleShowHour
 .text.handleSetAlarm
                0x0000000008000b5c      0x11c ./Core/Src/handlers.o
                0x0000000008000b5c                handleSetAlarm
 .text.handleResetAlarms
                0x0000000008000c78       0x18 ./Core/Src/handlers.o
                0x0000000008000c78                handleResetAlarms
 .text.MX_I2C1_Init
                0x0000000008000c90       0x80 ./Core/Src/i2c.o
                0x0000000008000c90                MX_I2C1_Init
 .text.HAL_I2C_MspInit
                0x0000000008000d10       0x98 ./Core/Src/i2c.o
                0x0000000008000d10                HAL_I2C_MspInit
 .text.delay_1hz
                0x0000000008000da8       0x38 ./Core/Src/main.o
                0x0000000008000da8                delay_1hz
 .text.delay_4hz
                0x0000000008000de0       0x38 ./Core/Src/main.o
                0x0000000008000de0                delay_4hz
 .text.delayUs  0x0000000008000e18       0x38 ./Core/Src/main.o
                0x0000000008000e18                delayUs
 .text.delayMs  0x0000000008000e50       0x30 ./Core/Src/main.o
                0x0000000008000e50                delayMs
 .text.handleBlinkCommand
                0x0000000008000e80       0x78 ./Core/Src/main.o
                0x0000000008000e80                handleBlinkCommand
 .text.UART_init
                0x0000000008000ef8       0x50 ./Core/Src/main.o
                0x0000000008000ef8                UART_init
 .text.Send     0x0000000008000f48      0x120 ./Core/Src/main.o
                0x0000000008000f48                Send
 .text.HAL_UART_TxCpltCallback
                0x0000000008001068       0x6c ./Core/Src/main.o
                0x0000000008001068                HAL_UART_TxCpltCallback
 .text.HAL_UART_RxCpltCallback
                0x00000000080010d4       0x60 ./Core/Src/main.o
                0x00000000080010d4                HAL_UART_RxCpltCallback
 .text.uart_ready
                0x0000000008001134       0x2c ./Core/Src/main.o
                0x0000000008001134                uart_ready
 .text.HAL_RTCEx_WakeUpTimerEventCallback
                0x0000000008001160       0x58 ./Core/Src/main.o
                0x0000000008001160                HAL_RTCEx_WakeUpTimerEventCallback
 .text.HAL_RTC_AlarmAEventCallback
                0x00000000080011b8       0x20 ./Core/Src/main.o
                0x00000000080011b8                HAL_RTC_AlarmAEventCallback
 .text.parseCommand
                0x00000000080011d8      0x1c8 ./Core/Src/main.o
                0x00000000080011d8                parseCommand
 .text.parseTime
                0x00000000080013a0       0x5c ./Core/Src/main.o
                0x00000000080013a0                parseTime
 .text.parseDateTime
                0x00000000080013fc       0x4c ./Core/Src/main.o
                0x00000000080013fc                parseDateTime
 .text.parseIntData
                0x0000000008001448       0x38 ./Core/Src/main.o
                0x0000000008001448                parseIntData
 .text.clearCommand
                0x0000000008001480       0x20 ./Core/Src/main.o
                0x0000000008001480                clearCommand
 .text.clearData
                0x00000000080014a0       0x20 ./Core/Src/main.o
                0x00000000080014a0                clearData
 .text.decodeFrame
                0x00000000080014c0      0x170 ./Core/Src/main.o
                0x00000000080014c0                decodeFrame
 .text.downloadFrame
                0x0000000008001630       0xf8 ./Core/Src/main.o
                0x0000000008001630                downloadFrame
 .text.buttonHandler
                0x0000000008001728       0x8c ./Core/Src/main.o
                0x0000000008001728                buttonHandler
 .text.sendFail
                0x00000000080017b4       0x20 ./Core/Src/main.o
                0x00000000080017b4                sendFail
 .text.main     0x00000000080017d4      0x158 ./Core/Src/main.o
                0x00000000080017d4                main
 .text.SystemClock_Config
                0x000000000800192c       0xd0 ./Core/Src/main.o
                0x000000000800192c                SystemClock_Config
 .text.Error_Handler
                0x00000000080019fc        0xa ./Core/Src/main.o
                0x00000000080019fc                Error_Handler
 .text.assert_failed
                0x0000000008001a06       0x16 ./Core/Src/main.o
                0x0000000008001a06                assert_failed
 .text.MX_RTC_Init
                0x0000000008001a1c       0x8c ./Core/Src/rtc.o
                0x0000000008001a1c                MX_RTC_Init
 .text.HAL_RTC_MspInit
                0x0000000008001aa8       0x68 ./Core/Src/rtc.o
                0x0000000008001aa8                HAL_RTC_MspInit
 .text.HAL_MspInit
                0x0000000008001b10       0x48 ./Core/Src/stm32f3xx_hal_msp.o
                0x0000000008001b10                HAL_MspInit
 .text.NMI_Handler
                0x0000000008001b58        0x6 ./Core/Src/stm32f3xx_it.o
                0x0000000008001b58                NMI_Handler
 .text.HardFault_Handler
                0x0000000008001b5e        0x6 ./Core/Src/stm32f3xx_it.o
                0x0000000008001b5e                HardFault_Handler
 .text.MemManage_Handler
                0x0000000008001b64        0x6 ./Core/Src/stm32f3xx_it.o
                0x0000000008001b64                MemManage_Handler
 .text.BusFault_Handler
                0x0000000008001b6a        0x6 ./Core/Src/stm32f3xx_it.o
                0x0000000008001b6a                BusFault_Handler
 .text.UsageFault_Handler
                0x0000000008001b70        0x6 ./Core/Src/stm32f3xx_it.o
                0x0000000008001b70                UsageFault_Handler
 .text.SVC_Handler
                0x0000000008001b76        0xe ./Core/Src/stm32f3xx_it.o
                0x0000000008001b76                SVC_Handler
 .text.DebugMon_Handler
                0x0000000008001b84        0xe ./Core/Src/stm32f3xx_it.o
                0x0000000008001b84                DebugMon_Handler
 .text.PendSV_Handler
                0x0000000008001b92        0xe ./Core/Src/stm32f3xx_it.o
                0x0000000008001b92                PendSV_Handler
 .text.SysTick_Handler
                0x0000000008001ba0       0x34 ./Core/Src/stm32f3xx_it.o
                0x0000000008001ba0                SysTick_Handler
 .text.RTC_WKUP_IRQHandler
                0x0000000008001bd4       0x14 ./Core/Src/stm32f3xx_it.o
                0x0000000008001bd4                RTC_WKUP_IRQHandler
 .text.I2C1_EV_IRQHandler
                0x0000000008001be8       0x14 ./Core/Src/stm32f3xx_it.o
                0x0000000008001be8                I2C1_EV_IRQHandler
 .text.USART2_IRQHandler
                0x0000000008001bfc       0x14 ./Core/Src/stm32f3xx_it.o
                0x0000000008001bfc                USART2_IRQHandler
 .text.EXTI15_10_IRQHandler
                0x0000000008001c10       0x10 ./Core/Src/stm32f3xx_it.o
                0x0000000008001c10                EXTI15_10_IRQHandler
 .text.RTC_Alarm_IRQHandler
                0x0000000008001c20       0x14 ./Core/Src/stm32f3xx_it.o
                0x0000000008001c20                RTC_Alarm_IRQHandler
 .text.TIM6_DAC_IRQHandler
                0x0000000008001c34       0x14 ./Core/Src/stm32f3xx_it.o
                0x0000000008001c34                TIM6_DAC_IRQHandler
 .text.TIM7_IRQHandler
                0x0000000008001c48       0x14 ./Core/Src/stm32f3xx_it.o
                0x0000000008001c48                TIM7_IRQHandler
 .text._read    0x0000000008001c5c       0x3a ./Core/Src/syscalls.o
                0x0000000008001c5c                _read
 .text._write   0x0000000008001c96       0x38 ./Core/Src/syscalls.o
                0x0000000008001c96                _write
 .text._close   0x0000000008001cce       0x18 ./Core/Src/syscalls.o
                0x0000000008001cce                _close
 .text._fstat   0x0000000008001ce6       0x20 ./Core/Src/syscalls.o
                0x0000000008001ce6                _fstat
 .text._isatty  0x0000000008001d06       0x16 ./Core/Src/syscalls.o
                0x0000000008001d06                _isatty
 .text._lseek   0x0000000008001d1c       0x1a ./Core/Src/syscalls.o
                0x0000000008001d1c                _lseek
 *fill*         0x0000000008001d36        0x2 
 .text._sbrk    0x0000000008001d38       0x6c ./Core/Src/sysmem.o
                0x0000000008001d38                _sbrk
 .text.SystemInit
                0x0000000008001da4       0x24 ./Core/Src/system_stm32f3xx.o
                0x0000000008001da4                SystemInit
 .text.MX_TIM6_Init
                0x0000000008001dc8       0x70 ./Core/Src/tim.o
                0x0000000008001dc8                MX_TIM6_Init
 .text.MX_TIM7_Init
                0x0000000008001e38       0x6c ./Core/Src/tim.o
                0x0000000008001e38                MX_TIM7_Init
 .text.HAL_TIM_Base_MspInit
                0x0000000008001ea4       0x84 ./Core/Src/tim.o
                0x0000000008001ea4                HAL_TIM_Base_MspInit
 .text.MX_USART2_UART_Init
                0x0000000008001f28       0x60 ./Core/Src/usart.o
                0x0000000008001f28                MX_USART2_UART_Init
 .text.HAL_UART_MspInit
                0x0000000008001f88       0x94 ./Core/Src/usart.o
                0x0000000008001f88                HAL_UART_MspInit
 .text.Reset_Handler
                0x000000000800201c       0x50 ./Core/Startup/startup_stm32f303retx.o
                0x000000000800201c                Reset_Handler
 .text.Default_Handler
                0x000000000800206c        0x2 ./Core/Startup/startup_stm32f303retx.o
                0x000000000800206c                TIM8_TRG_COM_IRQHandler
                0x000000000800206c                TIM8_CC_IRQHandler
                0x000000000800206c                SPI4_IRQHandler
                0x000000000800206c                TIM1_CC_IRQHandler
                0x000000000800206c                USB_HP_IRQHandler
                0x000000000800206c                PVD_IRQHandler
                0x000000000800206c                TAMP_STAMP_IRQHandler
                0x000000000800206c                EXTI3_IRQHandler
                0x000000000800206c                I2C3_ER_IRQHandler
                0x000000000800206c                USB_HP_CAN_TX_IRQHandler
                0x000000000800206c                EXTI0_IRQHandler
                0x000000000800206c                I2C2_EV_IRQHandler
                0x000000000800206c                FPU_IRQHandler
                0x000000000800206c                TIM1_UP_TIM16_IRQHandler
                0x000000000800206c                ADC1_2_IRQHandler
                0x000000000800206c                SPI1_IRQHandler
                0x000000000800206c                CAN_SCE_IRQHandler
                0x000000000800206c                TIM8_UP_IRQHandler
                0x000000000800206c                DMA2_Channel2_IRQHandler
                0x000000000800206c                DMA1_Channel4_IRQHandler
                0x000000000800206c                TIM20_TRG_COM_IRQHandler
                0x000000000800206c                USART3_IRQHandler
                0x000000000800206c                DMA1_Channel7_IRQHandler
                0x000000000800206c                UART5_IRQHandler
                0x000000000800206c                ADC3_IRQHandler
                0x000000000800206c                TIM4_IRQHandler
                0x000000000800206c                CAN_RX1_IRQHandler
                0x000000000800206c                DMA2_Channel1_IRQHandler
                0x000000000800206c                DMA1_Channel6_IRQHandler
                0x000000000800206c                UART4_IRQHandler
                0x000000000800206c                DMA2_Channel4_IRQHandler
                0x000000000800206c                TIM3_IRQHandler
                0x000000000800206c                RCC_IRQHandler
                0x000000000800206c                TIM20_UP_IRQHandler
                0x000000000800206c                DMA1_Channel1_IRQHandler
                0x000000000800206c                Default_Handler
                0x000000000800206c                USBWakeUp_RMP_IRQHandler
                0x000000000800206c                I2C3_EV_IRQHandler
                0x000000000800206c                EXTI9_5_IRQHandler
                0x000000000800206c                SPI2_IRQHandler
                0x000000000800206c                USB_LP_CAN_RX0_IRQHandler
                0x000000000800206c                DMA2_Channel5_IRQHandler
                0x000000000800206c                DMA1_Channel5_IRQHandler
                0x000000000800206c                USB_LP_IRQHandler
                0x000000000800206c                EXTI4_IRQHandler
                0x000000000800206c                TIM1_TRG_COM_TIM17_IRQHandler
                0x000000000800206c                DMA1_Channel3_IRQHandler
                0x000000000800206c                ADC4_IRQHandler
                0x000000000800206c                WWDG_IRQHandler
                0x000000000800206c                TIM2_IRQHandler
                0x000000000800206c                COMP7_IRQHandler
                0x000000000800206c                COMP1_2_3_IRQHandler
                0x000000000800206c                EXTI1_IRQHandler
                0x000000000800206c                COMP4_5_6_IRQHandler
                0x000000000800206c                TIM20_BRK_IRQHandler
                0x000000000800206c                I2C2_ER_IRQHandler
                0x000000000800206c                DMA1_Channel2_IRQHandler
                0x000000000800206c                TIM8_BRK_IRQHandler
                0x000000000800206c                FLASH_IRQHandler
                0x000000000800206c                TIM20_CC_IRQHandler
                0x000000000800206c                USART1_IRQHandler
                0x000000000800206c                SPI3_IRQHandler
                0x000000000800206c                I2C1_ER_IRQHandler
                0x000000000800206c                FMC_IRQHandler
                0x000000000800206c                USBWakeUp_IRQHandler
                0x000000000800206c                DMA2_Channel3_IRQHandler
                0x000000000800206c                EXTI2_TSC_IRQHandler
                0x000000000800206c                TIM1_BRK_TIM15_IRQHandler
 *fill*         0x000000000800206e        0x2 
 .text.HAL_Init
                0x0000000008002070       0x2c ./Drivers/STM32F3xx_HAL_Driver/Src/stm32f3xx_hal.o
                0x0000000008002070                HAL_Init
 .text.HAL_InitTick
                0x000000000800209c       0x60 ./Drivers/STM32F3xx_HAL_Driver/Src/stm32f3xx_hal.o
                0x000000000800209c                HAL_InitTick
 .text.HAL_IncTick
                0x00000000080020fc       0x28 ./Drivers/STM32F3xx_HAL_Driver/Src/stm32f3xx_hal.o
                0x00000000080020fc                HAL_IncTick
 .text.HAL_GetTick
                0x0000000008002124       0x18 ./Drivers/STM32F3xx_HAL_Driver/Src/stm32f3xx_hal.o
                0x0000000008002124                HAL_GetTick
 .text.HAL_Delay
                0x000000000800213c       0x48 ./Drivers/STM32F3xx_HAL_Driver/Src/stm32f3xx_hal.o
                0x000000000800213c                HAL_Delay
 .text.__NVIC_SetPriorityGrouping
                0x0000000008002184       0x48 ./Drivers/STM32F3xx_HAL_Driver/Src/stm32f3xx_hal_cortex.o
 .text.__NVIC_GetPriorityGrouping
                0x00000000080021cc       0x1c ./Drivers/STM32F3xx_HAL_Driver/Src/stm32f3xx_hal_cortex.o
 .text.__NVIC_EnableIRQ
                0x00000000080021e8       0x3c ./Drivers/STM32F3xx_HAL_Driver/Src/stm32f3xx_hal_cortex.o
 .text.__NVIC_SetPriority
                0x0000000008002224       0x54 ./Drivers/STM32F3xx_HAL_Driver/Src/stm32f3xx_hal_cortex.o
 .text.NVIC_EncodePriority
                0x0000000008002278       0x66 ./Drivers/STM32F3xx_HAL_Driver/Src/stm32f3xx_hal_cortex.o
 *fill*         0x00000000080022de        0x2 
 .text.SysTick_Config
                0x00000000080022e0       0x44 ./Drivers/STM32F3xx_HAL_Driver/Src/stm32f3xx_hal_cortex.o
 .text.HAL_NVIC_SetPriorityGrouping
                0x0000000008002324       0x40 ./Drivers/STM32F3xx_HAL_Driver/Src/stm32f3xx_hal_cortex.o
                0x0000000008002324                HAL_NVIC_SetPriorityGrouping
 .text.HAL_NVIC_SetPriority
                0x0000000008002364       0x58 ./Drivers/STM32F3xx_HAL_Driver/Src/stm32f3xx_hal_cortex.o
                0x0000000008002364                HAL_NVIC_SetPriority
 .text.HAL_NVIC_EnableIRQ
                0x00000000080023bc       0x30 ./Drivers/STM32F3xx_HAL_Driver/Src/stm32f3xx_hal_cortex.o
                0x00000000080023bc                HAL_NVIC_EnableIRQ
 .text.HAL_SYSTICK_Config
                0x00000000080023ec       0x18 ./Drivers/STM32F3xx_HAL_Driver/Src/stm32f3xx_hal_cortex.o
                0x00000000080023ec                HAL_SYSTICK_Config
 .text.HAL_DMA_Abort
                0x0000000008002404       0x72 ./Drivers/STM32F3xx_HAL_Driver/Src/stm32f3xx_hal_dma.o
                0x0000000008002404                HAL_DMA_Abort
 .text.HAL_DMA_Abort_IT
                0x0000000008002476       0x7c ./Drivers/STM32F3xx_HAL_Driver/Src/stm32f3xx_hal_dma.o
                0x0000000008002476                HAL_DMA_Abort_IT
 .text.HAL_DMA_GetState
                0x00000000080024f2       0x1a ./Drivers/STM32F3xx_HAL_Driver/Src/stm32f3xx_hal_dma.o
                0x00000000080024f2                HAL_DMA_GetState
 .text.HAL_GPIO_Init
                0x000000000800250c      0x4d8 ./Drivers/STM32F3xx_HAL_Driver/Src/stm32f3xx_hal_gpio.o
                0x000000000800250c                HAL_GPIO_Init
 .text.HAL_GPIO_ReadPin
                0x00000000080029e4       0x4c ./Drivers/STM32F3xx_HAL_Driver/Src/stm32f3xx_hal_gpio.o
                0x00000000080029e4                HAL_GPIO_ReadPin
 .text.HAL_GPIO_WritePin
                0x0000000008002a30       0x60 ./Drivers/STM32F3xx_HAL_Driver/Src/stm32f3xx_hal_gpio.o
                0x0000000008002a30                HAL_GPIO_WritePin
 .text.HAL_GPIO_TogglePin
                0x0000000008002a90       0x50 ./Drivers/STM32F3xx_HAL_Driver/Src/stm32f3xx_hal_gpio.o
                0x0000000008002a90                HAL_GPIO_TogglePin
 .text.HAL_GPIO_EXTI_IRQHandler
                0x0000000008002ae0       0x30 ./Drivers/STM32F3xx_HAL_Driver/Src/stm32f3xx_hal_gpio.o
                0x0000000008002ae0                HAL_GPIO_EXTI_IRQHandler
 .text.HAL_GPIO_EXTI_Callback
                0x0000000008002b10       0x16 ./Drivers/STM32F3xx_HAL_Driver/Src/stm32f3xx_hal_gpio.o
                0x0000000008002b10                HAL_GPIO_EXTI_Callback
 *fill*         0x0000000008002b26        0x2 
 .text.HAL_I2C_Init
                0x0000000008002b28      0x234 ./Drivers/STM32F3xx_HAL_Driver/Src/stm32f3xx_hal_i2c.o
                0x0000000008002b28                HAL_I2C_Init
 .text.HAL_I2C_Mem_Read
                0x0000000008002d5c      0x250 ./Drivers/STM32F3xx_HAL_Driver/Src/stm32f3xx_hal_i2c.o
                0x0000000008002d5c                HAL_I2C_Mem_Read
 .text.HAL_I2C_Mem_Write_IT
                0x0000000008002fac      0x140 ./Drivers/STM32F3xx_HAL_Driver/Src/stm32f3xx_hal_i2c.o
                0x0000000008002fac                HAL_I2C_Mem_Write_IT
 .text.HAL_I2C_EV_IRQHandler
                0x00000000080030ec       0x34 ./Drivers/STM32F3xx_HAL_Driver/Src/stm32f3xx_hal_i2c.o
                0x00000000080030ec                HAL_I2C_EV_IRQHandler
 .text.HAL_I2C_MasterTxCpltCallback
                0x0000000008003120       0x14 ./Drivers/STM32F3xx_HAL_Driver/Src/stm32f3xx_hal_i2c.o
                0x0000000008003120                HAL_I2C_MasterTxCpltCallback
 .text.HAL_I2C_MasterRxCpltCallback
                0x0000000008003134       0x14 ./Drivers/STM32F3xx_HAL_Driver/Src/stm32f3xx_hal_i2c.o
                0x0000000008003134                HAL_I2C_MasterRxCpltCallback
 .text.HAL_I2C_SlaveTxCpltCallback
                0x0000000008003148       0x14 ./Drivers/STM32F3xx_HAL_Driver/Src/stm32f3xx_hal_i2c.o
                0x0000000008003148                HAL_I2C_SlaveTxCpltCallback
 .text.HAL_I2C_SlaveRxCpltCallback
                0x000000000800315c       0x14 ./Drivers/STM32F3xx_HAL_Driver/Src/stm32f3xx_hal_i2c.o
                0x000000000800315c                HAL_I2C_SlaveRxCpltCallback
 .text.HAL_I2C_AddrCallback
                0x0000000008003170       0x1c ./Drivers/STM32F3xx_HAL_Driver/Src/stm32f3xx_hal_i2c.o
                0x0000000008003170                HAL_I2C_AddrCallback
 .text.HAL_I2C_ListenCpltCallback
                0x000000000800318c       0x14 ./Drivers/STM32F3xx_HAL_Driver/Src/stm32f3xx_hal_i2c.o
                0x000000000800318c                HAL_I2C_ListenCpltCallback
 .text.HAL_I2C_MemRxCpltCallback
                0x00000000080031a0       0x14 ./Drivers/STM32F3xx_HAL_Driver/Src/stm32f3xx_hal_i2c.o
                0x00000000080031a0                HAL_I2C_MemRxCpltCallback
 .text.HAL_I2C_ErrorCallback
                0x00000000080031b4       0x14 ./Drivers/STM32F3xx_HAL_Driver/Src/stm32f3xx_hal_i2c.o
                0x00000000080031b4                HAL_I2C_ErrorCallback
 .text.HAL_I2C_AbortCpltCallback
                0x00000000080031c8       0x14 ./Drivers/STM32F3xx_HAL_Driver/Src/stm32f3xx_hal_i2c.o
                0x00000000080031c8                HAL_I2C_AbortCpltCallback
 .text.I2C_Master_ISR_IT
                0x00000000080031dc      0x250 ./Drivers/STM32F3xx_HAL_Driver/Src/stm32f3xx_hal_i2c.o
 .text.I2C_Slave_ISR_IT
                0x000000000800342c      0x206 ./Drivers/STM32F3xx_HAL_Driver/Src/stm32f3xx_hal_i2c.o
 .text.I2C_Master_ISR_DMA
                0x0000000008003632      0x1e6 ./Drivers/STM32F3xx_HAL_Driver/Src/stm32f3xx_hal_i2c.o
 .text.I2C_Slave_ISR_DMA
                0x0000000008003818      0x1c0 ./Drivers/STM32F3xx_HAL_Driver/Src/stm32f3xx_hal_i2c.o
 .text.I2C_RequestMemoryWrite
                0x00000000080039d8       0xa8 ./Drivers/STM32F3xx_HAL_Driver/Src/stm32f3xx_hal_i2c.o
 .text.I2C_RequestMemoryRead
                0x0000000008003a80       0xa8 ./Drivers/STM32F3xx_HAL_Driver/Src/stm32f3xx_hal_i2c.o
 .text.I2C_ITAddrCplt
                0x0000000008003b28      0x108 ./Drivers/STM32F3xx_HAL_Driver/Src/stm32f3xx_hal_i2c.o
 .text.I2C_ITMasterSeqCplt
                0x0000000008003c30       0x7a ./Drivers/STM32F3xx_HAL_Driver/Src/stm32f3xx_hal_i2c.o
 .text.I2C_ITSlaveSeqCplt
                0x0000000008003caa       0xbc ./Drivers/STM32F3xx_HAL_Driver/Src/stm32f3xx_hal_i2c.o
 *fill*         0x0000000008003d66        0x2 
 .text.I2C_ITMasterCplt
                0x0000000008003d68      0x194 ./Drivers/STM32F3xx_HAL_Driver/Src/stm32f3xx_hal_i2c.o
 .text.I2C_ITSlaveCplt
                0x0000000008003efc      0x214 ./Drivers/STM32F3xx_HAL_Driver/Src/stm32f3xx_hal_i2c.o
 .text.I2C_ITListenCplt
                0x0000000008004110       0xac ./Drivers/STM32F3xx_HAL_Driver/Src/stm32f3xx_hal_i2c.o
 .text.I2C_ITError
                0x00000000080041bc      0x1a0 ./Drivers/STM32F3xx_HAL_Driver/Src/stm32f3xx_hal_i2c.o
 .text.I2C_TreatErrorCallback
                0x000000000800435c       0x4e ./Drivers/STM32F3xx_HAL_Driver/Src/stm32f3xx_hal_i2c.o
 .text.I2C_Flush_TXDR
                0x00000000080043aa       0x48 ./Drivers/STM32F3xx_HAL_Driver/Src/stm32f3xx_hal_i2c.o
 .text.I2C_DMAAbort
                0x00000000080043f2       0x3c ./Drivers/STM32F3xx_HAL_Driver/Src/stm32f3xx_hal_i2c.o
 .text.I2C_WaitOnFlagUntilTimeout
                0x000000000800442e       0x80 ./Drivers/STM32F3xx_HAL_Driver/Src/stm32f3xx_hal_i2c.o
 .text.I2C_WaitOnTXISFlagUntilTimeout
                0x00000000080044ae       0x80 ./Drivers/STM32F3xx_HAL_Driver/Src/stm32f3xx_hal_i2c.o
 .text.I2C_WaitOnSTOPFlagUntilTimeout
                0x000000000800452e       0x78 ./Drivers/STM32F3xx_HAL_Driver/Src/stm32f3xx_hal_i2c.o
 *fill*         0x00000000080045a6        0x2 
 .text.I2C_IsAcknowledgeFailed
                0x00000000080045a8       0xec ./Drivers/STM32F3xx_HAL_Driver/Src/stm32f3xx_hal_i2c.o
 .text.I2C_TransferConfig
                0x0000000008004694       0xe4 ./Drivers/STM32F3xx_HAL_Driver/Src/stm32f3xx_hal_i2c.o
 .text.I2C_Enable_IRQ
                0x0000000008004778       0xc8 ./Drivers/STM32F3xx_HAL_Driver/Src/stm32f3xx_hal_i2c.o
 .text.I2C_Disable_IRQ
                0x0000000008004840       0xbc ./Drivers/STM32F3xx_HAL_Driver/Src/stm32f3xx_hal_i2c.o
 .text.HAL_I2CEx_ConfigAnalogFilter
                0x00000000080048fc       0xe0 ./Drivers/STM32F3xx_HAL_Driver/Src/stm32f3xx_hal_i2c_ex.o
                0x00000000080048fc                HAL_I2CEx_ConfigAnalogFilter
 .text.HAL_I2CEx_ConfigDigitalFilter
                0x00000000080049dc       0xd8 ./Drivers/STM32F3xx_HAL_Driver/Src/stm32f3xx_hal_i2c_ex.o
                0x00000000080049dc                HAL_I2CEx_ConfigDigitalFilter
 .text.HAL_RCC_OscConfig
                0x0000000008004ab4     0x10e4 ./Drivers/STM32F3xx_HAL_Driver/Src/stm32f3xx_hal_rcc.o
                0x0000000008004ab4                HAL_RCC_OscConfig
 .text.HAL_RCC_ClockConfig
                0x0000000008005b98      0x440 ./Drivers/STM32F3xx_HAL_Driver/Src/stm32f3xx_hal_rcc.o
                0x0000000008005b98                HAL_RCC_ClockConfig
 .text.HAL_RCC_GetSysClockFreq
                0x0000000008005fd8       0xd4 ./Drivers/STM32F3xx_HAL_Driver/Src/stm32f3xx_hal_rcc.o
                0x0000000008005fd8                HAL_RCC_GetSysClockFreq
 .text.HAL_RCC_GetHCLKFreq
                0x00000000080060ac       0x18 ./Drivers/STM32F3xx_HAL_Driver/Src/stm32f3xx_hal_rcc.o
                0x00000000080060ac                HAL_RCC_GetHCLKFreq
 .text.HAL_RCC_GetPCLK1Freq
                0x00000000080060c4       0x44 ./Drivers/STM32F3xx_HAL_Driver/Src/stm32f3xx_hal_rcc.o
                0x00000000080060c4                HAL_RCC_GetPCLK1Freq
 .text.HAL_RCC_GetPCLK2Freq
                0x0000000008006108       0x44 ./Drivers/STM32F3xx_HAL_Driver/Src/stm32f3xx_hal_rcc.o
                0x0000000008006108                HAL_RCC_GetPCLK2Freq
 .text.HAL_RCCEx_PeriphCLKConfig
                0x000000000800614c      0x7f0 ./Drivers/STM32F3xx_HAL_Driver/Src/stm32f3xx_hal_rcc_ex.o
                0x000000000800614c                HAL_RCCEx_PeriphCLKConfig
 .text.HAL_RTC_Init
                0x000000000800693c      0x1e8 ./Drivers/STM32F3xx_HAL_Driver/Src/stm32f3xx_hal_rtc.o
                0x000000000800693c                HAL_RTC_Init
 .text.HAL_RTC_SetTime
                0x0000000008006b24      0x2d8 ./Drivers/STM32F3xx_HAL_Driver/Src/stm32f3xx_hal_rtc.o
                0x0000000008006b24                HAL_RTC_SetTime
 .text.HAL_RTC_GetTime
                0x0000000008006dfc       0xd8 ./Drivers/STM32F3xx_HAL_Driver/Src/stm32f3xx_hal_rtc.o
                0x0000000008006dfc                HAL_RTC_GetTime
 .text.HAL_RTC_SetDate
                0x0000000008006ed4      0x260 ./Drivers/STM32F3xx_HAL_Driver/Src/stm32f3xx_hal_rtc.o
                0x0000000008006ed4                HAL_RTC_SetDate
 .text.HAL_RTC_GetDate
                0x0000000008007134       0xb8 ./Drivers/STM32F3xx_HAL_Driver/Src/stm32f3xx_hal_rtc.o
                0x0000000008007134                HAL_RTC_GetDate
 .text.HAL_RTC_SetAlarm_IT
                0x00000000080071ec      0x5d8 ./Drivers/STM32F3xx_HAL_Driver/Src/stm32f3xx_hal_rtc.o
                0x00000000080071ec                HAL_RTC_SetAlarm_IT
 .text.HAL_RTC_AlarmIRQHandler
                0x00000000080077c4       0x8c ./Drivers/STM32F3xx_HAL_Driver/Src/stm32f3xx_hal_rtc.o
                0x00000000080077c4                HAL_RTC_AlarmIRQHandler
 .text.HAL_RTC_WaitForSynchro
                0x0000000008007850       0x50 ./Drivers/STM32F3xx_HAL_Driver/Src/stm32f3xx_hal_rtc.o
                0x0000000008007850                HAL_RTC_WaitForSynchro
 .text.RTC_EnterInitMode
                0x00000000080078a0       0x58 ./Drivers/STM32F3xx_HAL_Driver/Src/stm32f3xx_hal_rtc.o
                0x00000000080078a0                RTC_EnterInitMode
 .text.RTC_ByteToBcd2
                0x00000000080078f8       0x3c ./Drivers/STM32F3xx_HAL_Driver/Src/stm32f3xx_hal_rtc.o
                0x00000000080078f8                RTC_ByteToBcd2
 .text.RTC_Bcd2ToByte
                0x0000000008007934       0x3c ./Drivers/STM32F3xx_HAL_Driver/Src/stm32f3xx_hal_rtc.o
                0x0000000008007934                RTC_Bcd2ToByte
 .text.HAL_RTCEx_SetWakeUpTimer_IT
                0x0000000008007970      0x1ac ./Drivers/STM32F3xx_HAL_Driver/Src/stm32f3xx_hal_rtc_ex.o
                0x0000000008007970                HAL_RTCEx_SetWakeUpTimer_IT
 .text.HAL_RTCEx_DeactivateWakeUpTimer
                0x0000000008007b1c       0xb0 ./Drivers/STM32F3xx_HAL_Driver/Src/stm32f3xx_hal_rtc_ex.o
                0x0000000008007b1c                HAL_RTCEx_DeactivateWakeUpTimer
 .text.HAL_RTCEx_WakeUpTimerIRQHandler
                0x0000000008007bcc       0x48 ./Drivers/STM32F3xx_HAL_Driver/Src/stm32f3xx_hal_rtc_ex.o
                0x0000000008007bcc                HAL_RTCEx_WakeUpTimerIRQHandler
 .text.HAL_RTCEx_AlarmBEventCallback
                0x0000000008007c14       0x14 ./Drivers/STM32F3xx_HAL_Driver/Src/stm32f3xx_hal_rtc_ex.o
                0x0000000008007c14                HAL_RTCEx_AlarmBEventCallback
 .text.HAL_TIM_Base_Init
                0x0000000008007c28      0x1c4 ./Drivers/STM32F3xx_HAL_Driver/Src/stm32f3xx_hal_tim.o
                0x0000000008007c28                HAL_TIM_Base_Init
 .text.HAL_TIM_Base_Start
                0x0000000008007dec      0x158 ./Drivers/STM32F3xx_HAL_Driver/Src/stm32f3xx_hal_tim.o
                0x0000000008007dec                HAL_TIM_Base_Start
 .text.HAL_TIM_IRQHandler
                0x0000000008007f44      0x23e ./Drivers/STM32F3xx_HAL_Driver/Src/stm32f3xx_hal_tim.o
                0x0000000008007f44                HAL_TIM_IRQHandler
 .text.HAL_TIM_PeriodElapsedCallback
                0x0000000008008182       0x14 ./Drivers/STM32F3xx_HAL_Driver/Src/stm32f3xx_hal_tim.o
                0x0000000008008182                HAL_TIM_PeriodElapsedCallback
 .text.HAL_TIM_OC_DelayElapsedCallback
                0x0000000008008196       0x14 ./Drivers/STM32F3xx_HAL_Driver/Src/stm32f3xx_hal_tim.o
                0x0000000008008196                HAL_TIM_OC_DelayElapsedCallback
 .text.HAL_TIM_IC_CaptureCallback
                0x00000000080081aa       0x14 ./Drivers/STM32F3xx_HAL_Driver/Src/stm32f3xx_hal_tim.o
                0x00000000080081aa                HAL_TIM_IC_CaptureCallback
 .text.HAL_TIM_PWM_PulseFinishedCallback
                0x00000000080081be       0x14 ./Drivers/STM32F3xx_HAL_Driver/Src/stm32f3xx_hal_tim.o
                0x00000000080081be                HAL_TIM_PWM_PulseFinishedCallback
 .text.HAL_TIM_TriggerCallback
                0x00000000080081d2       0x14 ./Drivers/STM32F3xx_HAL_Driver/Src/stm32f3xx_hal_tim.o
                0x00000000080081d2                HAL_TIM_TriggerCallback
 *fill*         0x00000000080081e6        0x2 
 .text.TIM_Base_SetConfig
                0x00000000080081e8      0x13c ./Drivers/STM32F3xx_HAL_Driver/Src/stm32f3xx_hal_tim.o
                0x00000000080081e8                TIM_Base_SetConfig
 .text.HAL_TIMEx_MasterConfigSynchronization
                0x0000000008008324      0x29c ./Drivers/STM32F3xx_HAL_Driver/Src/stm32f3xx_hal_tim_ex.o
                0x0000000008008324                HAL_TIMEx_MasterConfigSynchronization
 .text.HAL_TIMEx_CommutCallback
                0x00000000080085c0       0x14 ./Drivers/STM32F3xx_HAL_Driver/Src/stm32f3xx_hal_tim_ex.o
                0x00000000080085c0                HAL_TIMEx_CommutCallback
 .text.HAL_TIMEx_BreakCallback
                0x00000000080085d4       0x14 ./Drivers/STM32F3xx_HAL_Driver/Src/stm32f3xx_hal_tim_ex.o
                0x00000000080085d4                HAL_TIMEx_BreakCallback
 .text.HAL_TIMEx_Break2Callback
                0x00000000080085e8       0x14 ./Drivers/STM32F3xx_HAL_Driver/Src/stm32f3xx_hal_tim_ex.o
                0x00000000080085e8                HAL_TIMEx_Break2Callback
 .text.HAL_UART_Init
                0x00000000080085fc      0x124 ./Drivers/STM32F3xx_HAL_Driver/Src/stm32f3xx_hal_uart.o
                0x00000000080085fc                HAL_UART_Init
 .text.HAL_UART_Transmit_IT
                0x0000000008008720       0xdc ./Drivers/STM32F3xx_HAL_Driver/Src/stm32f3xx_hal_uart.o
                0x0000000008008720                HAL_UART_Transmit_IT
 .text.HAL_UART_Receive_IT
                0x00000000080087fc       0x9c ./Drivers/STM32F3xx_HAL_Driver/Src/stm32f3xx_hal_uart.o
                0x00000000080087fc                HAL_UART_Receive_IT
 .text.HAL_UART_IRQHandler
                0x0000000008008898      0x5bc ./Drivers/STM32F3xx_HAL_Driver/Src/stm32f3xx_hal_uart.o
                0x0000000008008898                HAL_UART_IRQHandler
 .text.HAL_UART_ErrorCallback
                0x0000000008008e54       0x14 ./Drivers/STM32F3xx_HAL_Driver/Src/stm32f3xx_hal_uart.o
                0x0000000008008e54                HAL_UART_ErrorCallback
 .text.HAL_UARTEx_RxEventCallback
                0x0000000008008e68       0x18 ./Drivers/STM32F3xx_HAL_Driver/Src/stm32f3xx_hal_uart.o
                0x0000000008008e68                HAL_UARTEx_RxEventCallback
 .text.UART_SetConfig
                0x0000000008008e80      0x4c8 ./Drivers/STM32F3xx_HAL_Driver/Src/stm32f3xx_hal_uart.o
                0x0000000008008e80                UART_SetConfig
 .text.UART_AdvFeatureConfig
                0x0000000008009348      0x29c ./Drivers/STM32F3xx_HAL_Driver/Src/stm32f3xx_hal_uart.o
                0x0000000008009348                UART_AdvFeatureConfig
 .text.UART_CheckIdleState
                0x00000000080095e4       0x92 ./Drivers/STM32F3xx_HAL_Driver/Src/stm32f3xx_hal_uart.o
                0x00000000080095e4                UART_CheckIdleState
 .text.UART_WaitOnFlagUntilTimeout
                0x0000000008009676      0x188 ./Drivers/STM32F3xx_HAL_Driver/Src/stm32f3xx_hal_uart.o
                0x0000000008009676                UART_WaitOnFlagUntilTimeout
 *fill*         0x00000000080097fe        0x2 
 .text.UART_Start_Receive_IT
                0x0000000008009800      0x158 ./Drivers/STM32F3xx_HAL_Driver/Src/stm32f3xx_hal_uart.o
                0x0000000008009800                UART_Start_Receive_IT
 .text.UART_EndRxTransfer
                0x0000000008009958       0xc6 ./Drivers/STM32F3xx_HAL_Driver/Src/stm32f3xx_hal_uart.o
 .text.UART_DMAAbortOnError
                0x0000000008009a1e       0x2c ./Drivers/STM32F3xx_HAL_Driver/Src/stm32f3xx_hal_uart.o
 .text.UART_TxISR_8BIT
                0x0000000008009a4a       0xb8 ./Drivers/STM32F3xx_HAL_Driver/Src/stm32f3xx_hal_uart.o
 .text.UART_TxISR_16BIT
                0x0000000008009b02       0xc0 ./Drivers/STM32F3xx_HAL_Driver/Src/stm32f3xx_hal_uart.o
 .text.UART_EndTransmit_IT
                0x0000000008009bc2       0x54 ./Drivers/STM32F3xx_HAL_Driver/Src/stm32f3xx_hal_uart.o
 .text.UART_RxISR_8BIT
                0x0000000008009c16      0x15c ./Drivers/STM32F3xx_HAL_Driver/Src/stm32f3xx_hal_uart.o
 .text.UART_RxISR_16BIT
                0x0000000008009d72      0x15c ./Drivers/STM32F3xx_HAL_Driver/Src/stm32f3xx_hal_uart.o
 .text.HAL_UARTEx_WakeupCallback
                0x0000000008009ece       0x14 ./Drivers/STM32F3xx_HAL_Driver/Src/stm32f3xx_hal_uart_ex.o
                0x0000000008009ece                HAL_UARTEx_WakeupCallback
 *fill*         0x0000000008009ee2        0x2 
 .text.__errno  0x0000000008009ee4        0xc f:/stm32cubeide_1.7.0/stm32cubeide/stm32cubeide_1.7.0/stm32cubeide/plugins/com.st.stm32cube.ide.mcu.externaltools.gnu-tools-for-stm32.9-2020-q2-update.win32_2.0.0.202105311346/tools/bin/../lib/gcc/arm-none-eabi/9.3.1/../../../../arm-none-eabi/lib/thumb/v7e-m+fp/hard\libc_nano.a(lib_a-errno.o)
                0x0000000008009ee4                __errno
 .text.__libc_init_array
                0x0000000008009ef0       0x48 f:/stm32cubeide_1.7.0/stm32cubeide/stm32cubeide_1.7.0/stm32cubeide/plugins/com.st.stm32cube.ide.mcu.externaltools.gnu-tools-for-stm32.9-2020-q2-update.win32_2.0.0.202105311346/tools/bin/../lib/gcc/arm-none-eabi/9.3.1/../../../../arm-none-eabi/lib/thumb/v7e-m+fp/hard\libc_nano.a(lib_a-init.o)
                0x0000000008009ef0                __libc_init_array
 .text.memset   0x0000000008009f38       0x10 f:/stm32cubeide_1.7.0/stm32cubeide/stm32cubeide_1.7.0/stm32cubeide/plugins/com.st.stm32cube.ide.mcu.externaltools.gnu-tools-for-stm32.9-2020-q2-update.win32_2.0.0.202105311346/tools/bin/../lib/gcc/arm-none-eabi/9.3.1/../../../../arm-none-eabi/lib/thumb/v7e-m+fp/hard\libc_nano.a(lib_a-memset.o)
                0x0000000008009f38                memset
 .text.printf   0x0000000008009f48       0x30 f:/stm32cubeide_1.7.0/stm32cubeide/stm32cubeide_1.7.0/stm32cubeide/plugins/com.st.stm32cube.ide.mcu.externaltools.gnu-tools-for-stm32.9-2020-q2-update.win32_2.0.0.202105311346/tools/bin/../lib/gcc/arm-none-eabi/9.3.1/../../../../arm-none-eabi/lib/thumb/v7e-m+fp/hard\libc_nano.a(lib_a-printf.o)
                0x0000000008009f48                iprintf
                0x0000000008009f48                printf
 .text.sscanf   0x0000000008009f78       0x58 f:/stm32cubeide_1.7.0/stm32cubeide/stm32cubeide_1.7.0/stm32cubeide/plugins/com.st.stm32cube.ide.mcu.externaltools.gnu-tools-for-stm32.9-2020-q2-update.win32_2.0.0.202105311346/tools/bin/../lib/gcc/arm-none-eabi/9.3.1/../../../../arm-none-eabi/lib/thumb/v7e-m+fp/hard\libc_nano.a(lib_a-sscanf.o)
                0x0000000008009f78                siscanf
                0x0000000008009f78                sscanf
 .text.__sread  0x0000000008009fd0       0x22 f:/stm32cubeide_1.7.0/stm32cubeide/stm32cubeide_1.7.0/stm32cubeide/plugins/com.st.stm32cube.ide.mcu.externaltools.gnu-tools-for-stm32.9-2020-q2-update.win32_2.0.0.202105311346/tools/bin/../lib/gcc/arm-none-eabi/9.3.1/../../../../arm-none-eabi/lib/thumb/v7e-m+fp/hard\libc_nano.a(lib_a-stdio.o)
                0x0000000008009fd0                __sread
 .text.__seofread
                0x0000000008009ff2        0x4 f:/stm32cubeide_1.7.0/stm32cubeide/stm32cubeide_1.7.0/stm32cubeide/plugins/com.st.stm32cube.ide.mcu.externaltools.gnu-tools-for-stm32.9-2020-q2-update.win32_2.0.0.202105311346/tools/bin/../lib/gcc/arm-none-eabi/9.3.1/../../../../arm-none-eabi/lib/thumb/v7e-m+fp/hard\libc_nano.a(lib_a-stdio.o)
                0x0000000008009ff2                __seofread
 .text.__swrite
                0x0000000008009ff6       0x38 f:/stm32cubeide_1.7.0/stm32cubeide/stm32cubeide_1.7.0/stm32cubeide/plugins/com.st.stm32cube.ide.mcu.externaltools.gnu-tools-for-stm32.9-2020-q2-update.win32_2.0.0.202105311346/tools/bin/../lib/gcc/arm-none-eabi/9.3.1/../../../../arm-none-eabi/lib/thumb/v7e-m+fp/hard\libc_nano.a(lib_a-stdio.o)
                0x0000000008009ff6                __swrite
 .text.__sseek  0x000000000800a02e       0x24 f:/stm32cubeide_1.7.0/stm32cubeide/stm32cubeide_1.7.0/stm32cubeide/plugins/com.st.stm32cube.ide.mcu.externaltools.gnu-tools-for-stm32.9-2020-q2-update.win32_2.0.0.202105311346/tools/bin/../lib/gcc/arm-none-eabi/9.3.1/../../../../arm-none-eabi/lib/thumb/v7e-m+fp/hard\libc_nano.a(lib_a-stdio.o)
                0x000000000800a02e                __sseek
 .text.__sclose
                0x000000000800a052        0x8 f:/stm32cubeide_1.7.0/stm32cubeide/stm32cubeide_1.7.0/stm32cubeide/plugins/com.st.stm32cube.ide.mcu.externaltools.gnu-tools-for-stm32.9-2020-q2-update.win32_2.0.0.202105311346/tools/bin/../lib/gcc/arm-none-eabi/9.3.1/../../../../arm-none-eabi/lib/thumb/v7e-m+fp/hard\libc_nano.a(lib_a-stdio.o)
                0x000000000800a052                __sclose
 *fill*         0x000000000800a05a        0x2 
 .text._vsprintf_r
                0x000000000800a05c       0x2c f:/stm32cubeide_1.7.0/stm32cubeide/stm32cubeide_1.7.0/stm32cubeide/plugins/com.st.stm32cube.ide.mcu.externaltools.gnu-tools-for-stm32.9-2020-q2-update.win32_2.0.0.202105311346/tools/bin/../lib/gcc/arm-none-eabi/9.3.1/../../../../arm-none-eabi/lib/thumb/v7e-m+fp/hard\libc_nano.a(lib_a-vsprintf.o)
                0x000000000800a05c                _vsprintf_r
                0x000000000800a05c                _vsiprintf_r
 .text.vsprintf
                0x000000000800a088       0x14 f:/stm32cubeide_1.7.0/stm32cubeide/stm32cubeide_1.7.0/stm32cubeide/plugins/com.st.stm32cube.ide.mcu.externaltools.gnu-tools-for-stm32.9-2020-q2-update.win32_2.0.0.202105311346/tools/bin/../lib/gcc/arm-none-eabi/9.3.1/../../../../arm-none-eabi/lib/thumb/v7e-m+fp/hard\libc_nano.a(lib_a-vsprintf.o)
                0x000000000800a088                vsiprintf
                0x000000000800a088                vsprintf
 .text._write_r
                0x000000000800a09c       0x24 f:/stm32cubeide_1.7.0/stm32cubeide/stm32cubeide_1.7.0/stm32cubeide/plugins/com.st.stm32cube.ide.mcu.externaltools.gnu-tools-for-stm32.9-2020-q2-update.win32_2.0.0.202105311346/tools/bin/../lib/gcc/arm-none-eabi/9.3.1/../../../../arm-none-eabi/lib/thumb/v7e-m+fp/hard\libc_nano.a(lib_a-writer.o)
                0x000000000800a09c                _write_r
 .text._close_r
                0x000000000800a0c0       0x20 f:/stm32cubeide_1.7.0/stm32cubeide/stm32cubeide_1.7.0/stm32cubeide/plugins/com.st.stm32cube.ide.mcu.externaltools.gnu-tools-for-stm32.9-2020-q2-update.win32_2.0.0.202105311346/tools/bin/../lib/gcc/arm-none-eabi/9.3.1/../../../../arm-none-eabi/lib/thumb/v7e-m+fp/hard\libc_nano.a(lib_a-closer.o)
                0x000000000800a0c0                _close_r
 .text.std      0x000000000800a0e0       0x48 f:/stm32cubeide_1.7.0/stm32cubeide/stm32cubeide_1.7.0/stm32cubeide/plugins/com.st.stm32cube.ide.mcu.externaltools.gnu-tools-for-stm32.9-2020-q2-update.win32_2.0.0.202105311346/tools/bin/../lib/gcc/arm-none-eabi/9.3.1/../../../../arm-none-eabi/lib/thumb/v7e-m+fp/hard\libc_nano.a(lib_a-findfp.o)
 .text._cleanup_r
                0x000000000800a128        0xc f:/stm32cubeide_1.7.0/stm32cubeide/stm32cubeide_1.7.0/stm32cubeide/plugins/com.st.stm32cube.ide.mcu.externaltools.gnu-tools-for-stm32.9-2020-q2-update.win32_2.0.0.202105311346/tools/bin/../lib/gcc/arm-none-eabi/9.3.1/../../../../arm-none-eabi/lib/thumb/v7e-m+fp/hard\libc_nano.a(lib_a-findfp.o)
                0x000000000800a128                _cleanup_r
 .text.__sfmoreglue
                0x000000000800a134       0x2c f:/stm32cubeide_1.7.0/stm32cubeide/stm32cubeide_1.7.0/stm32cubeide/plugins/com.st.stm32cube.ide.mcu.externaltools.gnu-tools-for-stm32.9-2020-q2-update.win32_2.0.0.202105311346/tools/bin/../lib/gcc/arm-none-eabi/9.3.1/../../../../arm-none-eabi/lib/thumb/v7e-m+fp/hard\libc_nano.a(lib_a-findfp.o)
                0x000000000800a134                __sfmoreglue
 .text.__sfp_lock_acquire
                0x000000000800a160        0xc f:/stm32cubeide_1.7.0/stm32cubeide/stm32cubeide_1.7.0/stm32cubeide/plugins/com.st.stm32cube.ide.mcu.externaltools.gnu-tools-for-stm32.9-2020-q2-update.win32_2.0.0.202105311346/tools/bin/../lib/gcc/arm-none-eabi/9.3.1/../../../../arm-none-eabi/lib/thumb/v7e-m+fp/hard\libc_nano.a(lib_a-findfp.o)
                0x000000000800a160                __sfp_lock_acquire
 .text.__sfp_lock_release
                0x000000000800a16c        0xc f:/stm32cubeide_1.7.0/stm32cubeide/stm32cubeide_1.7.0/stm32cubeide/plugins/com.st.stm32cube.ide.mcu.externaltools.gnu-tools-for-stm32.9-2020-q2-update.win32_2.0.0.202105311346/tools/bin/../lib/gcc/arm-none-eabi/9.3.1/../../../../arm-none-eabi/lib/thumb/v7e-m+fp/hard\libc_nano.a(lib_a-findfp.o)
                0x000000000800a16c                __sfp_lock_release
 .text.__sinit_lock_acquire
                0x000000000800a178        0xc f:/stm32cubeide_1.7.0/stm32cubeide/stm32cubeide_1.7.0/stm32cubeide/plugins/com.st.stm32cube.ide.mcu.externaltools.gnu-tools-for-stm32.9-2020-q2-update.win32_2.0.0.202105311346/tools/bin/../lib/gcc/arm-none-eabi/9.3.1/../../../../arm-none-eabi/lib/thumb/v7e-m+fp/hard\libc_nano.a(lib_a-findfp.o)
                0x000000000800a178                __sinit_lock_acquire
 .text.__sinit_lock_release
                0x000000000800a184        0xc f:/stm32cubeide_1.7.0/stm32cubeide/stm32cubeide_1.7.0/stm32cubeide/plugins/com.st.stm32cube.ide.mcu.externaltools.gnu-tools-for-stm32.9-2020-q2-update.win32_2.0.0.202105311346/tools/bin/../lib/gcc/arm-none-eabi/9.3.1/../../../../arm-none-eabi/lib/thumb/v7e-m+fp/hard\libc_nano.a(lib_a-findfp.o)
                0x000000000800a184                __sinit_lock_release
 .text.__sinit  0x000000000800a190       0x70 f:/stm32cubeide_1.7.0/stm32cubeide/stm32cubeide_1.7.0/stm32cubeide/plugins/com.st.stm32cube.ide.mcu.externaltools.gnu-tools-for-stm32.9-2020-q2-update.win32_2.0.0.202105311346/tools/bin/../lib/gcc/arm-none-eabi/9.3.1/../../../../arm-none-eabi/lib/thumb/v7e-m+fp/hard\libc_nano.a(lib_a-findfp.o)
                0x000000000800a190                __sinit
 .text.__sfp    0x000000000800a200       0x8c f:/stm32cubeide_1.7.0/stm32cubeide/stm32cubeide_1.7.0/stm32cubeide/plugins/com.st.stm32cube.ide.mcu.externaltools.gnu-tools-for-stm32.9-2020-q2-update.win32_2.0.0.202105311346/tools/bin/../lib/gcc/arm-none-eabi/9.3.1/../../../../arm-none-eabi/lib/thumb/v7e-m+fp/hard\libc_nano.a(lib_a-findfp.o)
                0x000000000800a200                __sfp
 .text._fwalk_reent
                0x000000000800a28c       0x3e f:/stm32cubeide_1.7.0/stm32cubeide/stm32cubeide_1.7.0/stm32cubeide/plugins/com.st.stm32cube.ide.mcu.externaltools.gnu-tools-for-stm32.9-2020-q2-update.win32_2.0.0.202105311346/tools/bin/../lib/gcc/arm-none-eabi/9.3.1/../../../../arm-none-eabi/lib/thumb/v7e-m+fp/hard\libc_nano.a(lib_a-fwalk.o)
                0x000000000800a28c                _fwalk_reent
 .text.__retarget_lock_init_recursive
                0x000000000800a2ca        0x2 f:/stm32cubeide_1.7.0/stm32cubeide/stm32cubeide_1.7.0/stm32cubeide/plugins/com.st.stm32cube.ide.mcu.externaltools.gnu-tools-for-stm32.9-2020-q2-update.win32_2.0.0.202105311346/tools/bin/../lib/gcc/arm-none-eabi/9.3.1/../../../../arm-none-eabi/lib/thumb/v7e-m+fp/hard\libc_nano.a(lib_a-lock.o)
                0x000000000800a2ca                __retarget_lock_init_recursive
 .text.__retarget_lock_acquire_recursive
                0x000000000800a2cc        0x2 f:/stm32cubeide_1.7.0/stm32cubeide/stm32cubeide_1.7.0/stm32cubeide/plugins/com.st.stm32cube.ide.mcu.externaltools.gnu-tools-for-stm32.9-2020-q2-update.win32_2.0.0.202105311346/tools/bin/../lib/gcc/arm-none-eabi/9.3.1/../../../../arm-none-eabi/lib/thumb/v7e-m+fp/hard\libc_nano.a(lib_a-lock.o)
                0x000000000800a2cc                __retarget_lock_acquire_recursive
 .text.__retarget_lock_release_recursive
                0x000000000800a2ce        0x2 f:/stm32cubeide_1.7.0/stm32cubeide/stm32cubeide_1.7.0/stm32cubeide/plugins/com.st.stm32cube.ide.mcu.externaltools.gnu-tools-for-stm32.9-2020-q2-update.win32_2.0.0.202105311346/tools/bin/../lib/gcc/arm-none-eabi/9.3.1/../../../../arm-none-eabi/lib/thumb/v7e-m+fp/hard\libc_nano.a(lib_a-lock.o)
                0x000000000800a2ce                __retarget_lock_release_recursive
 .text._lseek_r
                0x000000000800a2d0       0x24 f:/stm32cubeide_1.7.0/stm32cubeide/stm32cubeide_1.7.0/stm32cubeide/plugins/com.st.stm32cube.ide.mcu.externaltools.gnu-tools-for-stm32.9-2020-q2-update.win32_2.0.0.202105311346/tools/bin/../lib/gcc/arm-none-eabi/9.3.1/../../../../arm-none-eabi/lib/thumb/v7e-m+fp/hard\libc_nano.a(lib_a-lseekr.o)
                0x000000000800a2d0                _lseek_r
 .text._malloc_r
                0x000000000800a2f4       0xb4 f:/stm32cubeide_1.7.0/stm32cubeide/stm32cubeide_1.7.0/stm32cubeide/plugins/com.st.stm32cube.ide.mcu.externaltools.gnu-tools-for-stm32.9-2020-q2-update.win32_2.0.0.202105311346/tools/bin/../lib/gcc/arm-none-eabi/9.3.1/../../../../arm-none-eabi/lib/thumb/v7e-m+fp/hard\libc_nano.a(lib_a-nano-mallocr.o)
                0x000000000800a2f4                _malloc_r
 .text.__ssputs_r
                0x000000000800a3a8       0xb6 f:/stm32cubeide_1.7.0/stm32cubeide/stm32cubeide_1.7.0/stm32cubeide/plugins/com.st.stm32cube.ide.mcu.externaltools.gnu-tools-for-stm32.9-2020-q2-update.win32_2.0.0.202105311346/tools/bin/../lib/gcc/arm-none-eabi/9.3.1/../../../../arm-none-eabi/lib/thumb/v7e-m+fp/hard\libc_nano.a(lib_a-nano-svfprintf.o)
                0x000000000800a3a8                __ssputs_r
 *fill*         0x000000000800a45e        0x2 
 .text._svfprintf_r
                0x000000000800a460      0x200 f:/stm32cubeide_1.7.0/stm32cubeide/stm32cubeide_1.7.0/stm32cubeide/plugins/com.st.stm32cube.ide.mcu.externaltools.gnu-tools-for-stm32.9-2020-q2-update.win32_2.0.0.202105311346/tools/bin/../lib/gcc/arm-none-eabi/9.3.1/../../../../arm-none-eabi/lib/thumb/v7e-m+fp/hard\libc_nano.a(lib_a-nano-svfprintf.o)
                0x000000000800a460                _svfiprintf_r
                0x000000000800a460                _svfprintf_r
 .text._sungetc_r
                0x000000000800a660       0x7a f:/stm32cubeide_1.7.0/stm32cubeide/stm32cubeide_1.7.0/stm32cubeide/plugins/com.st.stm32cube.ide.mcu.externaltools.gnu-tools-for-stm32.9-2020-q2-update.win32_2.0.0.202105311346/tools/bin/../lib/gcc/arm-none-eabi/9.3.1/../../../../arm-none-eabi/lib/thumb/v7e-m+fp/hard\libc_nano.a(lib_a-nano-svfscanf.o)
                0x000000000800a660                _sungetc_r
 .text.__ssrefill_r
                0x000000000800a6da       0x3a f:/stm32cubeide_1.7.0/stm32cubeide/stm32cubeide_1.7.0/stm32cubeide/plugins/com.st.stm32cube.ide.mcu.externaltools.gnu-tools-for-stm32.9-2020-q2-update.win32_2.0.0.202105311346/tools/bin/../lib/gcc/arm-none-eabi/9.3.1/../../../../arm-none-eabi/lib/thumb/v7e-m+fp/hard\libc_nano.a(lib_a-nano-svfscanf.o)
                0x000000000800a6da                __ssrefill_r
 .text.__ssvfscanf_r
                0x000000000800a714      0x2f0 f:/stm32cubeide_1.7.0/stm32cubeide/stm32cubeide_1.7.0/stm32cubeide/plugins/com.st.stm32cube.ide.mcu.externaltools.gnu-tools-for-stm32.9-2020-q2-update.win32_2.0.0.202105311346/tools/bin/../lib/gcc/arm-none-eabi/9.3.1/../../../../arm-none-eabi/lib/thumb/v7e-m+fp/hard\libc_nano.a(lib_a-nano-svfscanf.o)
                0x000000000800a714                __ssvfiscanf_r
                0x000000000800a714                __ssvfscanf_r
 .text.__sfputc_r
                0x000000000800aa04       0x2e f:/stm32cubeide_1.7.0/stm32cubeide/stm32cubeide_1.7.0/stm32cubeide/plugins/com.st.stm32cube.ide.mcu.externaltools.gnu-tools-for-stm32.9-2020-q2-update.win32_2.0.0.202105311346/tools/bin/../lib/gcc/arm-none-eabi/9.3.1/../../../../arm-none-eabi/lib/thumb/v7e-m+fp/hard\libc_nano.a(lib_a-nano-vfprintf.o)
 .text.__sfputs_r
                0x000000000800aa32       0x24 f:/stm32cubeide_1.7.0/stm32cubeide/stm32cubeide_1.7.0/stm32cubeide/plugins/com.st.stm32cube.ide.mcu.externaltools.gnu-tools-for-stm32.9-2020-q2-update.win32_2.0.0.202105311346/tools/bin/../lib/gcc/arm-none-eabi/9.3.1/../../../../arm-none-eabi/lib/thumb/v7e-m+fp/hard\libc_nano.a(lib_a-nano-vfprintf.o)
                0x000000000800aa32                __sfputs_r
 *fill*         0x000000000800aa56        0x2 
 .text._vfprintf_r
                0x000000000800aa58      0x260 f:/stm32cubeide_1.7.0/stm32cubeide/stm32cubeide_1.7.0/stm32cubeide/plugins/com.st.stm32cube.ide.mcu.externaltools.gnu-tools-for-stm32.9-2020-q2-update.win32_2.0.0.202105311346/tools/bin/../lib/gcc/arm-none-eabi/9.3.1/../../../../arm-none-eabi/lib/thumb/v7e-m+fp/hard\libc_nano.a(lib_a-nano-vfprintf.o)
                0x000000000800aa58                _vfprintf_r
                0x000000000800aa58                _vfiprintf_r
 .text._printf_common
                0x000000000800acb8       0xda f:/stm32cubeide_1.7.0/stm32cubeide/stm32cubeide_1.7.0/stm32cubeide/plugins/com.st.stm32cube.ide.mcu.externaltools.gnu-tools-for-stm32.9-2020-q2-update.win32_2.0.0.202105311346/tools/bin/../lib/gcc/arm-none-eabi/9.3.1/../../../../arm-none-eabi/lib/thumb/v7e-m+fp/hard\libc_nano.a(lib_a-nano-vfprintf_i.o)
                0x000000000800acb8                _printf_common
 *fill*         0x000000000800ad92        0x2 
 .text._printf_i
                0x000000000800ad94      0x24c f:/stm32cubeide_1.7.0/stm32cubeide/stm32cubeide_1.7.0/stm32cubeide/plugins/com.st.stm32cube.ide.mcu.externaltools.gnu-tools-for-stm32.9-2020-q2-update.win32_2.0.0.202105311346/tools/bin/../lib/gcc/arm-none-eabi/9.3.1/../../../../arm-none-eabi/lib/thumb/v7e-m+fp/hard\libc_nano.a(lib_a-nano-vfprintf_i.o)
                0x000000000800ad94                _printf_i
 .text._scanf_chars
                0x000000000800afe0       0xb0 f:/stm32cubeide_1.7.0/stm32cubeide/stm32cubeide_1.7.0/stm32cubeide/plugins/com.st.stm32cube.ide.mcu.externaltools.gnu-tools-for-stm32.9-2020-q2-update.win32_2.0.0.202105311346/tools/bin/../lib/gcc/arm-none-eabi/9.3.1/../../../../arm-none-eabi/lib/thumb/v7e-m+fp/hard\libc_nano.a(lib_a-nano-vfscanf_i.o)
                0x000000000800afe0                _scanf_chars
 .text._scanf_i
                0x000000000800b090      0x1e8 f:/stm32cubeide_1.7.0/stm32cubeide/stm32cubeide_1.7.0/stm32cubeide/plugins/com.st.stm32cube.ide.mcu.externaltools.gnu-tools-for-stm32.9-2020-q2-update.win32_2.0.0.202105311346/tools/bin/../lib/gcc/arm-none-eabi/9.3.1/../../../../arm-none-eabi/lib/thumb/v7e-m+fp/hard\libc_nano.a(lib_a-nano-vfscanf_i.o)
                0x000000000800b090                _scanf_i
 .text._read_r  0x000000000800b278       0x24 f:/stm32cubeide_1.7.0/stm32cubeide/stm32cubeide_1.7.0/stm32cubeide/plugins/com.st.stm32cube.ide.mcu.externaltools.gnu-tools-for-stm32.9-2020-q2-update.win32_2.0.0.202105311346/tools/bin/../lib/gcc/arm-none-eabi/9.3.1/../../../../arm-none-eabi/lib/thumb/v7e-m+fp/hard\libc_nano.a(lib_a-readr.o)
                0x000000000800b278                _read_r
 .text._sbrk_r  0x000000000800b29c       0x20 f:/stm32cubeide_1.7.0/stm32cubeide/stm32cubeide_1.7.0/stm32cubeide/plugins/com.st.stm32cube.ide.mcu.externaltools.gnu-tools-for-stm32.9-2020-q2-update.win32_2.0.0.202105311346/tools/bin/../lib/gcc/arm-none-eabi/9.3.1/../../../../arm-none-eabi/lib/thumb/v7e-m+fp/hard\libc_nano.a(lib_a-sbrkr.o)
                0x000000000800b29c                _sbrk_r
 .text.__sccl   0x000000000800b2bc       0x74 f:/stm32cubeide_1.7.0/stm32cubeide/stm32cubeide_1.7.0/stm32cubeide/plugins/com.st.stm32cube.ide.mcu.externaltools.gnu-tools-for-stm32.9-2020-q2-update.win32_2.0.0.202105311346/tools/bin/../lib/gcc/arm-none-eabi/9.3.1/../../../../arm-none-eabi/lib/thumb/v7e-m+fp/hard\libc_nano.a(lib_a-sccl.o)
                0x000000000800b2bc                __sccl
 .text._strtol_l.isra.0
                0x000000000800b330      0x108 f:/stm32cubeide_1.7.0/stm32cubeide/stm32cubeide_1.7.0/stm32cubeide/plugins/com.st.stm32cube.ide.mcu.externaltools.gnu-tools-for-stm32.9-2020-q2-update.win32_2.0.0.202105311346/tools/bin/../lib/gcc/arm-none-eabi/9.3.1/../../../../arm-none-eabi/lib/thumb/v7e-m+fp/hard\libc_nano.a(lib_a-strtol.o)
 .text._strtol_r
                0x000000000800b438        0x4 f:/stm32cubeide_1.7.0/stm32cubeide/stm32cubeide_1.7.0/stm32cubeide/plugins/com.st.stm32cube.ide.mcu.externaltools.gnu-tools-for-stm32.9-2020-q2-update.win32_2.0.0.202105311346/tools/bin/../lib/gcc/arm-none-eabi/9.3.1/../../../../arm-none-eabi/lib/thumb/v7e-m+fp/hard\libc_nano.a(lib_a-strtol.o)
                0x000000000800b438                _strtol_r
 .text._strtoul_l.isra.0
                0x000000000800b43c       0xf8 f:/stm32cubeide_1.7.0/stm32cubeide/stm32cubeide_1.7.0/stm32cubeide/plugins/com.st.stm32cube.ide.mcu.externaltools.gnu-tools-for-stm32.9-2020-q2-update.win32_2.0.0.202105311346/tools/bin/../lib/gcc/arm-none-eabi/9.3.1/../../../../arm-none-eabi/lib/thumb/v7e-m+fp/hard\libc_nano.a(lib_a-strtoul.o)
 .text._strtoul_r
                0x000000000800b534        0x4 f:/stm32cubeide_1.7.0/stm32cubeide/stm32cubeide_1.7.0/stm32cubeide/plugins/com.st.stm32cube.ide.mcu.externaltools.gnu-tools-for-stm32.9-2020-q2-update.win32_2.0.0.202105311346/tools/bin/../lib/gcc/arm-none-eabi/9.3.1/../../../../arm-none-eabi/lib/thumb/v7e-m+fp/hard\libc_nano.a(lib_a-strtoul.o)
                0x000000000800b534                _strtoul_r
 .text.__submore
                0x000000000800b538       0x74 f:/stm32cubeide_1.7.0/stm32cubeide/stm32cubeide_1.7.0/stm32cubeide/plugins/com.st.stm32cube.ide.mcu.externaltools.gnu-tools-for-stm32.9-2020-q2-update.win32_2.0.0.202105311346/tools/bin/../lib/gcc/arm-none-eabi/9.3.1/../../../../arm-none-eabi/lib/thumb/v7e-m+fp/hard\libc_nano.a(lib_a-ungetc.o)
                0x000000000800b538                __submore
 .text.__swbuf_r
                0x000000000800b5ac       0xa4 f:/stm32cubeide_1.7.0/stm32cubeide/stm32cubeide_1.7.0/stm32cubeide/plugins/com.st.stm32cube.ide.mcu.externaltools.gnu-tools-for-stm32.9-2020-q2-update.win32_2.0.0.202105311346/tools/bin/../lib/gcc/arm-none-eabi/9.3.1/../../../../arm-none-eabi/lib/thumb/v7e-m+fp/hard\libc_nano.a(lib_a-wbuf.o)
                0x000000000800b5ac                __swbuf_r
 .text.__swsetup_r
                0x000000000800b650       0xdc f:/stm32cubeide_1.7.0/stm32cubeide/stm32cubeide_1.7.0/stm32cubeide/plugins/com.st.stm32cube.ide.mcu.externaltools.gnu-tools-for-stm32.9-2020-q2-update.win32_2.0.0.202105311346/tools/bin/../lib/gcc/arm-none-eabi/9.3.1/../../../../arm-none-eabi/lib/thumb/v7e-m+fp/hard\libc_nano.a(lib_a-wsetup.o)
                0x000000000800b650                __swsetup_r
 .text.__sflush_r
                0x000000000800b72c      0x10c f:/stm32cubeide_1.7.0/stm32cubeide/stm32cubeide_1.7.0/stm32cubeide/plugins/com.st.stm32cube.ide.mcu.externaltools.gnu-tools-for-stm32.9-2020-q2-update.win32_2.0.0.202105311346/tools/bin/../lib/gcc/arm-none-eabi/9.3.1/../../../../arm-none-eabi/lib/thumb/v7e-m+fp/hard\libc_nano.a(lib_a-fflush.o)
                0x000000000800b72c                __sflush_r
 .text._fflush_r
                0x000000000800b838       0x78 f:/stm32cubeide_1.7.0/stm32cubeide/stm32cubeide_1.7.0/stm32cubeide/plugins/com.st.stm32cube.ide.mcu.externaltools.gnu-tools-for-stm32.9-2020-q2-update.win32_2.0.0.202105311346/tools/bin/../lib/gcc/arm-none-eabi/9.3.1/../../../../arm-none-eabi/lib/thumb/v7e-m+fp/hard\libc_nano.a(lib_a-fflush.o)
                0x000000000800b838                _fflush_r
 .text.__swhatbuf_r
                0x000000000800b8b0       0x48 f:/stm32cubeide_1.7.0/stm32cubeide/stm32cubeide_1.7.0/stm32cubeide/plugins/com.st.stm32cube.ide.mcu.externaltools.gnu-tools-for-stm32.9-2020-q2-update.win32_2.0.0.202105311346/tools/bin/../lib/gcc/arm-none-eabi/9.3.1/../../../../arm-none-eabi/lib/thumb/v7e-m+fp/hard\libc_nano.a(lib_a-makebuf.o)
                0x000000000800b8b0                __swhatbuf_r
 .text.__smakebuf_r
                0x000000000800b8f8       0x80 f:/stm32cubeide_1.7.0/stm32cubeide/stm32cubeide_1.7.0/stm32cubeide/plugins/com.st.stm32cube.ide.mcu.externaltools.gnu-tools-for-stm32.9-2020-q2-update.win32_2.0.0.202105311346/tools/bin/../lib/gcc/arm-none-eabi/9.3.1/../../../../arm-none-eabi/lib/thumb/v7e-m+fp/hard\libc_nano.a(lib_a-makebuf.o)
                0x000000000800b8f8                __smakebuf_r
 .text.memcpy   0x000000000800b978       0x1c f:/stm32cubeide_1.7.0/stm32cubeide/stm32cubeide_1.7.0/stm32cubeide/plugins/com.st.stm32cube.ide.mcu.externaltools.gnu-tools-for-stm32.9-2020-q2-update.win32_2.0.0.202105311346/tools/bin/../lib/gcc/arm-none-eabi/9.3.1/../../../../arm-none-eabi/lib/thumb/v7e-m+fp/hard\libc_nano.a(lib_a-memcpy-stub.o)
                0x000000000800b978                memcpy
 .text.memmove  0x000000000800b994       0x34 f:/stm32cubeide_1.7.0/stm32cubeide/stm32cubeide_1.7.0/stm32cubeide/plugins/com.st.stm32cube.ide.mcu.externaltools.gnu-tools-for-stm32.9-2020-q2-update.win32_2.0.0.202105311346/tools/bin/../lib/gcc/arm-none-eabi/9.3.1/../../../../arm-none-eabi/lib/thumb/v7e-m+fp/hard\libc_nano.a(lib_a-memmove.o)
                0x000000000800b994                memmove
 .text.__malloc_lock
                0x000000000800b9c8        0xc f:/stm32cubeide_1.7.0/stm32cubeide/stm32cubeide_1.7.0/stm32cubeide/plugins/com.st.stm32cube.ide.mcu.externaltools.gnu-tools-for-stm32.9-2020-q2-update.win32_2.0.0.202105311346/tools/bin/../lib/gcc/arm-none-eabi/9.3.1/../../../../arm-none-eabi/lib/thumb/v7e-m+fp/hard\libc_nano.a(lib_a-mlock.o)
                0x000000000800b9c8                __malloc_lock
 .text.__malloc_unlock
                0x000000000800b9d4        0xc f:/stm32cubeide_1.7.0/stm32cubeide/stm32cubeide_1.7.0/stm32cubeide/plugins/com.st.stm32cube.ide.mcu.externaltools.gnu-tools-for-stm32.9-2020-q2-update.win32_2.0.0.202105311346/tools/bin/../lib/gcc/arm-none-eabi/9.3.1/../../../../arm-none-eabi/lib/thumb/v7e-m+fp/hard\libc_nano.a(lib_a-mlock.o)
                0x000000000800b9d4                __malloc_unlock
 .text._free_r  0x000000000800b9e0       0xa0 f:/stm32cubeide_1.7.0/stm32cubeide/stm32cubeide_1.7.0/stm32cubeide/plugins/com.st.stm32cube.ide.mcu.externaltools.gnu-tools-for-stm32.9-2020-q2-update.win32_2.0.0.202105311346/tools/bin/../lib/gcc/arm-none-eabi/9.3.1/../../../../arm-none-eabi/lib/thumb/v7e-m+fp/hard\libc_nano.a(lib_a-nano-freer.o)
                0x000000000800b9e0                _free_r
 .text._realloc_r
                0x000000000800ba80       0x4c f:/stm32cubeide_1.7.0/stm32cubeide/stm32cubeide_1.7.0/stm32cubeide/plugins/com.st.stm32cube.ide.mcu.externaltools.gnu-tools-for-stm32.9-2020-q2-update.win32_2.0.0.202105311346/tools/bin/../lib/gcc/arm-none-eabi/9.3.1/../../../../arm-none-eabi/lib/thumb/v7e-m+fp/hard\libc_nano.a(lib_a-nano-reallocr.o)
                0x000000000800ba80                _realloc_r
 .text._fstat_r
                0x000000000800bacc       0x24 f:/stm32cubeide_1.7.0/stm32cubeide/stm32cubeide_1.7.0/stm32cubeide/plugins/com.st.stm32cube.ide.mcu.externaltools.gnu-tools-for-stm32.9-2020-q2-update.win32_2.0.0.202105311346/tools/bin/../lib/gcc/arm-none-eabi/9.3.1/../../../../arm-none-eabi/lib/thumb/v7e-m+fp/hard\libc_nano.a(lib_a-fstatr.o)
                0x000000000800bacc                _fstat_r
 .text._isatty_r
                0x000000000800baf0       0x20 f:/stm32cubeide_1.7.0/stm32cubeide/stm32cubeide_1.7.0/stm32cubeide/plugins/com.st.stm32cube.ide.mcu.externaltools.gnu-tools-for-stm32.9-2020-q2-update.win32_2.0.0.202105311346/tools/bin/../lib/gcc/arm-none-eabi/9.3.1/../../../../arm-none-eabi/lib/thumb/v7e-m+fp/hard\libc_nano.a(lib_a-isattyr.o)
                0x000000000800baf0                _isatty_r
 .text._malloc_usable_size_r
                0x000000000800bb10       0x10 f:/stm32cubeide_1.7.0/stm32cubeide/stm32cubeide_1.7.0/stm32cubeide/plugins/com.st.stm32cube.ide.mcu.externaltools.gnu-tools-for-stm32.9-2020-q2-update.win32_2.0.0.202105311346/tools/bin/../lib/gcc/arm-none-eabi/9.3.1/../../../../arm-none-eabi/lib/thumb/v7e-m+fp/hard\libc_nano.a(lib_a-nano-msizer.o)
                0x000000000800bb10                _malloc_usable_size_r
 *(.glue_7)
 .glue_7        0x000000000800bb20        0x0 linker stubs
 *(.glue_7t)
 .glue_7t       0x000000000800bb20        0x0 linker stubs
 *(.eh_frame)
 .eh_frame      0x000000000800bb20        0x0 f:/stm32cubeide_1.7.0/stm32cubeide/stm32cubeide_1.7.0/stm32cubeide/plugins/com.st.stm32cube.ide.mcu.externaltools.gnu-tools-for-stm32.9-2020-q2-update.win32_2.0.0.202105311346/tools/bin/../lib/gcc/arm-none-eabi/9.3.1/thumb/v7e-m+fp/hard/crtbegin.o
 *(.init)
 .init          0x000000000800bb20        0x4 f:/stm32cubeide_1.7.0/stm32cubeide/stm32cubeide_1.7.0/stm32cubeide/plugins/com.st.stm32cube.ide.mcu.externaltools.gnu-tools-for-stm32.9-2020-q2-update.win32_2.0.0.202105311346/tools/bin/../lib/gcc/arm-none-eabi/9.3.1/thumb/v7e-m+fp/hard/crti.o
                0x000000000800bb20                _init
 .init          0x000000000800bb24        0x8 f:/stm32cubeide_1.7.0/stm32cubeide/stm32cubeide_1.7.0/stm32cubeide/plugins/com.st.stm32cube.ide.mcu.externaltools.gnu-tools-for-stm32.9-2020-q2-update.win32_2.0.0.202105311346/tools/bin/../lib/gcc/arm-none-eabi/9.3.1/thumb/v7e-m+fp/hard/crtn.o
 *(.fini)
 .fini          0x000000000800bb2c        0x4 f:/stm32cubeide_1.7.0/stm32cubeide/stm32cubeide_1.7.0/stm32cubeide/plugins/com.st.stm32cube.ide.mcu.externaltools.gnu-tools-for-stm32.9-2020-q2-update.win32_2.0.0.202105311346/tools/bin/../lib/gcc/arm-none-eabi/9.3.1/thumb/v7e-m+fp/hard/crti.o
                0x000000000800bb2c                _fini
 .fini          0x000000000800bb30        0x8 f:/stm32cubeide_1.7.0/stm32cubeide/stm32cubeide_1.7.0/stm32cubeide/plugins/com.st.stm32cube.ide.mcu.externaltools.gnu-tools-for-stm32.9-2020-q2-update.win32_2.0.0.202105311346/tools/bin/../lib/gcc/arm-none-eabi/9.3.1/thumb/v7e-m+fp/hard/crtn.o
                0x000000000800bb38                . = ALIGN (0x4)
                0x000000000800bb38                _etext = .

.vfp11_veneer   0x000000000800bb38        0x0
 .vfp11_veneer  0x000000000800bb38        0x0 linker stubs

.v4_bx          0x000000000800bb38        0x0
 .v4_bx         0x000000000800bb38        0x0 linker stubs

.iplt           0x000000000800bb38        0x0
 .iplt          0x000000000800bb38        0x0 f:/stm32cubeide_1.7.0/stm32cubeide/stm32cubeide_1.7.0/stm32cubeide/plugins/com.st.stm32cube.ide.mcu.externaltools.gnu-tools-for-stm32.9-2020-q2-update.win32_2.0.0.202105311346/tools/bin/../lib/gcc/arm-none-eabi/9.3.1/thumb/v7e-m+fp/hard/crtbegin.o

.rodata         0x000000000800bb38      0x5f4
                0x000000000800bb38                . = ALIGN (0x4)
 *(.rodata)
 .rodata        0x000000000800bb38       0x22 ./Core/Src/clock.o
 *fill*         0x000000000800bb5a        0x2 
 .rodata        0x000000000800bb5c       0x1f ./Core/Src/flash.o
 *fill*         0x000000000800bb7b        0x1 
 .rodata        0x000000000800bb7c       0x20 ./Core/Src/handlers.o
 .rodata        0x000000000800bb9c       0xf1 ./Core/Src/main.o
 *fill*         0x000000000800bc8d        0x3 
 .rodata        0x000000000800bc90       0x3b ./Drivers/STM32F3xx_HAL_Driver/Src/stm32f3xx_hal_cortex.o
 *fill*         0x000000000800bccb        0x1 
 .rodata        0x000000000800bccc       0x39 ./Drivers/STM32F3xx_HAL_Driver/Src/stm32f3xx_hal_gpio.o
 *fill*         0x000000000800bd05        0x3 
 .rodata        0x000000000800bd08       0x38 ./Drivers/STM32F3xx_HAL_Driver/Src/stm32f3xx_hal_i2c.o
 .rodata        0x000000000800bd40       0x3b ./Drivers/STM32F3xx_HAL_Driver/Src/stm32f3xx_hal_i2c_ex.o
 *fill*         0x000000000800bd7b        0x1 
 .rodata        0x000000000800bd7c       0x38 ./Drivers/STM32F3xx_HAL_Driver/Src/stm32f3xx_hal_rcc.o
 .rodata        0x000000000800bdb4       0x5c ./Drivers/STM32F3xx_HAL_Driver/Src/stm32f3xx_hal_rcc_ex.o
 .rodata        0x000000000800be10       0x38 ./Drivers/STM32F3xx_HAL_Driver/Src/stm32f3xx_hal_rtc.o
 .rodata        0x000000000800be48       0x3b ./Drivers/STM32F3xx_HAL_Driver/Src/stm32f3xx_hal_rtc_ex.o
 *fill*         0x000000000800be83        0x1 
 .rodata        0x000000000800be84       0x38 ./Drivers/STM32F3xx_HAL_Driver/Src/stm32f3xx_hal_tim.o
 .rodata        0x000000000800bebc       0x3b ./Drivers/STM32F3xx_HAL_Driver/Src/stm32f3xx_hal_tim_ex.o
 *fill*         0x000000000800bef7        0x1 
 .rodata        0x000000000800bef8       0x39 ./Drivers/STM32F3xx_HAL_Driver/Src/stm32f3xx_hal_uart.o
 *fill*         0x000000000800bf31        0x3 
 .rodata        0x000000000800bf34        0xc f:/stm32cubeide_1.7.0/stm32cubeide/stm32cubeide_1.7.0/stm32cubeide/plugins/com.st.stm32cube.ide.mcu.externaltools.gnu-tools-for-stm32.9-2020-q2-update.win32_2.0.0.202105311346/tools/bin/../lib/gcc/arm-none-eabi/9.3.1/../../../../arm-none-eabi/lib/thumb/v7e-m+fp/hard\libc_nano.a(lib_a-nano-vfscanf_i.o)
 *(.rodata*)
 .rodata.AHBPrescTable
                0x000000000800bf40       0x10 ./Core/Src/system_stm32f3xx.o
                0x000000000800bf40                AHBPrescTable
 .rodata.APBPrescTable
                0x000000000800bf50        0x8 ./Core/Src/system_stm32f3xx.o
                0x000000000800bf50                APBPrescTable
 .rodata.aPLLMULFactorTable
                0x000000000800bf58       0x10 ./Drivers/STM32F3xx_HAL_Driver/Src/stm32f3xx_hal_rcc.o
                0x000000000800bf58                aPLLMULFactorTable
 .rodata.aPredivFactorTable
                0x000000000800bf68       0x10 ./Drivers/STM32F3xx_HAL_Driver/Src/stm32f3xx_hal_rcc.o
                0x000000000800bf68                aPredivFactorTable
 .rodata._global_impure_ptr
                0x000000000800bf78        0x4 f:/stm32cubeide_1.7.0/stm32cubeide/stm32cubeide_1.7.0/stm32cubeide/plugins/com.st.stm32cube.ide.mcu.externaltools.gnu-tools-for-stm32.9-2020-q2-update.win32_2.0.0.202105311346/tools/bin/../lib/gcc/arm-none-eabi/9.3.1/../../../../arm-none-eabi/lib/thumb/v7e-m+fp/hard\libc_nano.a(lib_a-impure.o)
                0x000000000800bf78                _global_impure_ptr
 .rodata.__sf_fake_stderr
                0x000000000800bf7c       0x20 f:/stm32cubeide_1.7.0/stm32cubeide/stm32cubeide_1.7.0/stm32cubeide/plugins/com.st.stm32cube.ide.mcu.externaltools.gnu-tools-for-stm32.9-2020-q2-update.win32_2.0.0.202105311346/tools/bin/../lib/gcc/arm-none-eabi/9.3.1/../../../../arm-none-eabi/lib/thumb/v7e-m+fp/hard\libc_nano.a(lib_a-findfp.o)
                0x000000000800bf7c                __sf_fake_stderr
 .rodata.__sf_fake_stdin
                0x000000000800bf9c       0x20 f:/stm32cubeide_1.7.0/stm32cubeide/stm32cubeide_1.7.0/stm32cubeide/plugins/com.st.stm32cube.ide.mcu.externaltools.gnu-tools-for-stm32.9-2020-q2-update.win32_2.0.0.202105311346/tools/bin/../lib/gcc/arm-none-eabi/9.3.1/../../../../arm-none-eabi/lib/thumb/v7e-m+fp/hard\libc_nano.a(lib_a-findfp.o)
                0x000000000800bf9c                __sf_fake_stdin
 .rodata.__sf_fake_stdout
                0x000000000800bfbc       0x20 f:/stm32cubeide_1.7.0/stm32cubeide/stm32cubeide_1.7.0/stm32cubeide/plugins/com.st.stm32cube.ide.mcu.externaltools.gnu-tools-for-stm32.9-2020-q2-update.win32_2.0.0.202105311346/tools/bin/../lib/gcc/arm-none-eabi/9.3.1/../../../../arm-none-eabi/lib/thumb/v7e-m+fp/hard\libc_nano.a(lib_a-findfp.o)
                0x000000000800bfbc                __sf_fake_stdout
 .rodata._svfprintf_r.str1.1
                0x000000000800bfdc       0x11 f:/stm32cubeide_1.7.0/stm32cubeide/stm32cubeide_1.7.0/stm32cubeide/plugins/com.st.stm32cube.ide.mcu.externaltools.gnu-tools-for-stm32.9-2020-q2-update.win32_2.0.0.202105311346/tools/bin/../lib/gcc/arm-none-eabi/9.3.1/../../../../arm-none-eabi/lib/thumb/v7e-m+fp/hard\libc_nano.a(lib_a-nano-svfprintf.o)
 .rodata.__ssvfscanf_r.str1.1
                0x000000000800bfed        0x4 f:/stm32cubeide_1.7.0/stm32cubeide/stm32cubeide_1.7.0/stm32cubeide/plugins/com.st.stm32cube.ide.mcu.externaltools.gnu-tools-for-stm32.9-2020-q2-update.win32_2.0.0.202105311346/tools/bin/../lib/gcc/arm-none-eabi/9.3.1/../../../../arm-none-eabi/lib/thumb/v7e-m+fp/hard\libc_nano.a(lib_a-nano-svfscanf.o)
 .rodata._vfprintf_r.str1.1
                0x000000000800bfed       0x11 f:/stm32cubeide_1.7.0/stm32cubeide/stm32cubeide_1.7.0/stm32cubeide/plugins/com.st.stm32cube.ide.mcu.externaltools.gnu-tools-for-stm32.9-2020-q2-update.win32_2.0.0.202105311346/tools/bin/../lib/gcc/arm-none-eabi/9.3.1/../../../../arm-none-eabi/lib/thumb/v7e-m+fp/hard\libc_nano.a(lib_a-nano-vfprintf.o)
 .rodata._printf_i.str1.1
                0x000000000800bfed       0x22 f:/stm32cubeide_1.7.0/stm32cubeide/stm32cubeide_1.7.0/stm32cubeide/plugins/com.st.stm32cube.ide.mcu.externaltools.gnu-tools-for-stm32.9-2020-q2-update.win32_2.0.0.202105311346/tools/bin/../lib/gcc/arm-none-eabi/9.3.1/../../../../arm-none-eabi/lib/thumb/v7e-m+fp/hard\libc_nano.a(lib_a-nano-vfprintf_i.o)
 .rodata.str1.1
                0x000000000800c00f        0x9 f:/stm32cubeide_1.7.0/stm32cubeide/stm32cubeide_1.7.0/stm32cubeide/plugins/com.st.stm32cube.ide.mcu.externaltools.gnu-tools-for-stm32.9-2020-q2-update.win32_2.0.0.202105311346/tools/bin/../lib/gcc/arm-none-eabi/9.3.1/../../../../arm-none-eabi/lib/thumb/v7e-m+fp/hard\libc_nano.a(lib_a-nano-vfscanf_i.o)
 .rodata._scanf_i.str1.1
                0x000000000800c018       0x12 f:/stm32cubeide_1.7.0/stm32cubeide/stm32cubeide_1.7.0/stm32cubeide/plugins/com.st.stm32cube.ide.mcu.externaltools.gnu-tools-for-stm32.9-2020-q2-update.win32_2.0.0.202105311346/tools/bin/../lib/gcc/arm-none-eabi/9.3.1/../../../../arm-none-eabi/lib/thumb/v7e-m+fp/hard\libc_nano.a(lib_a-nano-vfscanf_i.o)
 .rodata._ctype_
                0x000000000800c02a      0x101 f:/stm32cubeide_1.7.0/stm32cubeide/stm32cubeide_1.7.0/stm32cubeide/plugins/com.st.stm32cube.ide.mcu.externaltools.gnu-tools-for-stm32.9-2020-q2-update.win32_2.0.0.202105311346/tools/bin/../lib/gcc/arm-none-eabi/9.3.1/../../../../arm-none-eabi/lib/thumb/v7e-m+fp/hard\libc_nano.a(lib_a-ctype_.o)
                0x000000000800c02a                _ctype_
                0x000000000800c12c                . = ALIGN (0x4)
 *fill*         0x000000000800c12b        0x1 

.rel.dyn        0x000000000800c12c        0x0
 .rel.iplt      0x000000000800c12c        0x0 f:/stm32cubeide_1.7.0/stm32cubeide/stm32cubeide_1.7.0/stm32cubeide/plugins/com.st.stm32cube.ide.mcu.externaltools.gnu-tools-for-stm32.9-2020-q2-update.win32_2.0.0.202105311346/tools/bin/../lib/gcc/arm-none-eabi/9.3.1/thumb/v7e-m+fp/hard/crtbegin.o

.ARM.extab      0x000000000800c12c        0x0
                0x000000000800c12c                . = ALIGN (0x4)
 *(.ARM.extab* .gnu.linkonce.armextab.*)
                0x000000000800c12c                . = ALIGN (0x4)

.ARM            0x000000000800c12c        0x0
                0x000000000800c12c                . = ALIGN (0x4)
                0x000000000800c12c                __exidx_start = .
 *(.ARM.exidx*)
                0x000000000800c12c                __exidx_end = .
                0x000000000800c12c                . = ALIGN (0x4)

.preinit_array  0x000000000800c12c        0x0
                0x000000000800c12c                . = ALIGN (0x4)
                0x000000000800c12c                PROVIDE (__preinit_array_start = .)
 *(.preinit_array*)
                0x000000000800c12c                PROVIDE (__preinit_array_end = .)
                0x000000000800c12c                . = ALIGN (0x4)

.init_array     0x000000000800c12c        0x4
                0x000000000800c12c                . = ALIGN (0x4)
                0x000000000800c12c                PROVIDE (__init_array_start = .)
 *(SORT_BY_NAME(.init_array.*))
 *(.init_array*)
 .init_array    0x000000000800c12c        0x4 f:/stm32cubeide_1.7.0/stm32cubeide/stm32cubeide_1.7.0/stm32cubeide/plugins/com.st.stm32cube.ide.mcu.externaltools.gnu-tools-for-stm32.9-2020-q2-update.win32_2.0.0.202105311346/tools/bin/../lib/gcc/arm-none-eabi/9.3.1/thumb/v7e-m+fp/hard/crtbegin.o
                0x000000000800c130                PROVIDE (__init_array_end = .)
                0x000000000800c130                . = ALIGN (0x4)

.fini_array     0x000000000800c130        0x4
                0x000000000800c130                . = ALIGN (0x4)
                [!provide]                        PROVIDE (__fini_array_start = .)
 *(SORT_BY_NAME(.fini_array.*))
 *(.fini_array*)
 .fini_array    0x000000000800c130        0x4 f:/stm32cubeide_1.7.0/stm32cubeide/stm32cubeide_1.7.0/stm32cubeide/plugins/com.st.stm32cube.ide.mcu.externaltools.gnu-tools-for-stm32.9-2020-q2-update.win32_2.0.0.202105311346/tools/bin/../lib/gcc/arm-none-eabi/9.3.1/thumb/v7e-m+fp/hard/crtbegin.o
                [!provide]                        PROVIDE (__fini_array_end = .)
                0x000000000800c134                . = ALIGN (0x4)
                0x000000000800c134                _sidata = LOADADDR (.data)

.data           0x0000000020000000       0xec load address 0x000000000800c134
                0x0000000020000000                . = ALIGN (0x4)
                0x0000000020000000                _sdata = .
 *(.data)
 *(.data*)
 .data.port_hour
                0x0000000020000000       0x14 ./Core/Src/clock.o
 .data.pin_hour
                0x0000000020000014        0xa ./Core/Src/clock.o
 *fill*         0x000000002000001e        0x2 
 .data.port_minute_ones
                0x0000000020000020       0x10 ./Core/Src/clock.o
 .data.pin_minute_ones
                0x0000000020000030        0x8 ./Core/Src/clock.o
 .data.port_minute_tens
                0x0000000020000038        0xc ./Core/Src/clock.o
 .data.pin_minute_tens
                0x0000000020000044        0x6 ./Core/Src/clock.o
 *fill*         0x000000002000004a        0x2 
 .data.port_second_tens
                0x000000002000004c        0xc ./Core/Src/clock.o
 .data.pin_second_tens
                0x0000000020000058        0x6 ./Core/Src/clock.o
 *fill*         0x000000002000005e        0x2 
 .data.port_second_ones
                0x0000000020000060       0x10 ./Core/Src/clock.o
 .data.pin_second_ones
                0x0000000020000070        0x8 ./Core/Src/clock.o
 .data.clock_mode
                0x0000000020000078        0x1 ./Core/Src/main.o
                0x0000000020000078                clock_mode
 *fill*         0x0000000020000079        0x1 
 .data.time_on  0x000000002000007a        0x2 ./Core/Src/main.o
                0x000000002000007a                time_on
 .data.SystemCoreClock
                0x000000002000007c        0x4 ./Core/Src/system_stm32f3xx.o
                0x000000002000007c                SystemCoreClock
 .data.uwTickPrio
                0x0000000020000080        0x4 ./Drivers/STM32F3xx_HAL_Driver/Src/stm32f3xx_hal.o
                0x0000000020000080                uwTickPrio
 .data.uwTickFreq
                0x0000000020000084        0x1 ./Drivers/STM32F3xx_HAL_Driver/Src/stm32f3xx_hal.o
                0x0000000020000084                uwTickFreq
 *fill*         0x0000000020000085        0x3 
 .data._impure_ptr
                0x0000000020000088        0x4 f:/stm32cubeide_1.7.0/stm32cubeide/stm32cubeide_1.7.0/stm32cubeide/plugins/com.st.stm32cube.ide.mcu.externaltools.gnu-tools-for-stm32.9-2020-q2-update.win32_2.0.0.202105311346/tools/bin/../lib/gcc/arm-none-eabi/9.3.1/../../../../arm-none-eabi/lib/thumb/v7e-m+fp/hard\libc_nano.a(lib_a-impure.o)
                0x0000000020000088                _impure_ptr
 .data.impure_data
                0x000000002000008c       0x60 f:/stm32cubeide_1.7.0/stm32cubeide/stm32cubeide_1.7.0/stm32cubeide/plugins/com.st.stm32cube.ide.mcu.externaltools.gnu-tools-for-stm32.9-2020-q2-update.win32_2.0.0.202105311346/tools/bin/../lib/gcc/arm-none-eabi/9.3.1/../../../../arm-none-eabi/lib/thumb/v7e-m+fp/hard\libc_nano.a(lib_a-impure.o)
 *(.RamFunc)
 *(.RamFunc*)
                0x00000000200000ec                . = ALIGN (0x4)
                0x00000000200000ec                _edata = .
                0x000000000800c220                _siccmram = LOADADDR (.ccmram)

.igot.plt       0x00000000200000ec        0x0 load address 0x000000000800c220
 .igot.plt      0x00000000200000ec        0x0 f:/stm32cubeide_1.7.0/stm32cubeide/stm32cubeide_1.7.0/stm32cubeide/plugins/com.st.stm32cube.ide.mcu.externaltools.gnu-tools-for-stm32.9-2020-q2-update.win32_2.0.0.202105311346/tools/bin/../lib/gcc/arm-none-eabi/9.3.1/thumb/v7e-m+fp/hard/crtbegin.o

.ccmram         0x0000000010000000        0x0 load address 0x000000000800c220
                0x0000000010000000                . = ALIGN (0x4)
                0x0000000010000000                _sccmram = .
 *(.ccmram)
 *(.ccmram*)
                0x0000000010000000                . = ALIGN (0x4)
                0x0000000010000000                _eccmram = .
                0x0000000010000000                . = ALIGN (0x4)

.bss            0x00000000200000ec      0x950
                0x00000000200000ec                _sbss = .
                0x00000000200000ec                __bss_start__ = _sbss
 *(.bss)
 .bss           0x00000000200000ec       0x1c f:/stm32cubeide_1.7.0/stm32cubeide/stm32cubeide_1.7.0/stm32cubeide/plugins/com.st.stm32cube.ide.mcu.externaltools.gnu-tools-for-stm32.9-2020-q2-update.win32_2.0.0.202105311346/tools/bin/../lib/gcc/arm-none-eabi/9.3.1/thumb/v7e-m+fp/hard/crtbegin.o
 *(.bss*)
 .bss.counter   0x0000000020000108        0x4 ./Core/Src/flash.o
                0x0000000020000108                counter
 .bss.FlashTx_empty
                0x000000002000010c        0x1 ./Core/Src/flash.o
                0x000000002000010c                FlashTx_empty
 .bss.FlashTx_busy
                0x000000002000010d        0x1 ./Core/Src/flash.o
                0x000000002000010d                FlashTx_busy
 .bss.x1hzTime  0x000000002000010e        0x2 ./Core/Src/main.o
 .bss.x4hzTime  0x0000000020000110        0x2 ./Core/Src/main.o
 .bss.x1hz      0x0000000020000112        0x1 ./Core/Src/main.o
 .bss.x4hz      0x0000000020000113        0x1 ./Core/Src/main.o
 .bss.buttonMode
                0x0000000020000114        0x2 ./Core/Src/main.o
                0x0000000020000114                buttonMode
 .bss.Rx_empty  0x0000000020000116        0x2 ./Core/Src/main.o
                0x0000000020000116                Rx_empty
 .bss.Rx_busy   0x0000000020000118        0x2 ./Core/Src/main.o
                0x0000000020000118                Rx_busy
 .bss.Tx_empty  0x000000002000011a        0x2 ./Core/Src/main.o
                0x000000002000011a                Tx_empty
 .bss.Tx_busy   0x000000002000011c        0x2 ./Core/Src/main.o
                0x000000002000011c                Tx_busy
 .bss.Frame_busy
                0x000000002000011e        0x2 ./Core/Src/main.o
                0x000000002000011e                Frame_busy
 .bss.frameLength
                0x0000000020000120        0x2 ./Core/Src/main.o
                0x0000000020000120                frameLength
 .bss.frame_found
                0x0000000020000122        0x1 ./Core/Src/main.o
                0x0000000020000122                frame_found
 .bss.command_busy
                0x0000000020000123        0x1 ./Core/Src/main.o
                0x0000000020000123                command_busy
 .bss.data_busy
                0x0000000020000124        0x1 ./Core/Src/main.o
                0x0000000020000124                data_busy
 .bss.hour_displayed
                0x0000000020000125        0x1 ./Core/Src/main.o
                0x0000000020000125                hour_displayed
 *fill*         0x0000000020000126        0x2 
 .bss.sTime     0x0000000020000128       0x14 ./Core/Src/main.o
 .bss.sDate     0x000000002000013c        0x4 ./Core/Src/main.o
 .bss.hour_to_show
                0x0000000020000140        0x1 ./Core/Src/main.o
                0x0000000020000140                hour_to_show
 .bss.minute_to_show
                0x0000000020000141        0x1 ./Core/Src/main.o
                0x0000000020000141                minute_to_show
 .bss.second_to_show
                0x0000000020000142        0x1 ./Core/Src/main.o
                0x0000000020000142                second_to_show
 .bss.day_to_set
                0x0000000020000143        0x1 ./Core/Src/main.o
                0x0000000020000143                day_to_set
 .bss.month_to_set
                0x0000000020000144        0x1 ./Core/Src/main.o
                0x0000000020000144                month_to_set
 *fill*         0x0000000020000145        0x1 
 .bss.year_to_set
                0x0000000020000146        0x2 ./Core/Src/main.o
                0x0000000020000146                year_to_set
 .bss.hour_to_set
                0x0000000020000148        0x1 ./Core/Src/main.o
                0x0000000020000148                hour_to_set
 .bss.minute_to_set
                0x0000000020000149        0x1 ./Core/Src/main.o
                0x0000000020000149                minute_to_set
 .bss.blink_mode
                0x000000002000014a        0x1 ./Core/Src/main.o
                0x000000002000014a                blink_mode
 *fill*         0x000000002000014b        0x1 
 .bss.time_off  0x000000002000014c        0x2 ./Core/Src/main.o
                0x000000002000014c                time_off
 .bss.blink_count
                0x000000002000014e        0x2 ./Core/Src/main.o
                0x000000002000014e                blink_count
 .bss.timer_value
                0x0000000020000150        0x4 ./Core/Src/main.o
                0x0000000020000150                timer_value
 .bss.delayFlag
                0x0000000020000154        0x1 ./Core/Src/main.o
                0x0000000020000154                delayFlag
 *fill*         0x0000000020000155        0x1 
 .bss.delayTime
                0x0000000020000156        0x2 ./Core/Src/main.o
                0x0000000020000156                delayTime
 .bss.led_delay