22:22:02 **** Incremental Build of configuration Debug for project NUCLEO ****
make -j4 all 
arm-none-eabi-gcc "../Core/Src/main.c" -mcpu=cortex-m4 -std=gnu11 -g3 -DDEBUG -DUSE_HAL_DRIVER -DSTM32F303xE -c -I../Drivers/STM32F3xx_HAL_Driver/Inc -I../Drivers/CMSIS/Include -I../Core/Inc -I../Drivers/STM32F3xx_HAL_Driver/Inc/Legacy -I../Drivers/CMSIS/Device/ST/STM32F3xx/Include -O0 -ffunction-sections -fdata-sections -Wall -fstack-usage -MMD -MP -MF"Core/Src/main.d" -MT"Core/Src/main.o" --specs=nano.specs -mfpu=fpv4-sp-d16 -mfloat-abi=hard -mthumb -o "Core/Src/main.o"
../Core/Src/main.c: In function 'HAL_RTCEx_WakeUpTimerEventCallback':
../Core/Src/main.c:121:6: warning: assignment to 'uint16_t *' {aka 'short unsigned int *'} from incompatible pointer type 'int *' [-Wincompatible-pointer-types]
  121 |   hr = &hour;
      |      ^
../Core/Src/main.c:116:11: warning: unused variable 'hours' [-Wunused-variable]
  116 |   uint8_t hours = sTime.Hours;
      |           ^~~~~
../Core/Src/main.c:109:10: warning: variable 'size' set but not used [-Wunused-but-set-variable]
  109 |   size_t size;
      |          ^~~~
../Core/Src/main.c: In function 'HAL_UART_RxCpltCallback':
../Core/Src/main.c:178:22: warning: pointer targets in passing argument 2 of 'strcpy' differ in signedness [-Wpointer-sign]
  178 |      strcpy(command, Rx_data);
      |                      ^~~~~~~
      |                      |
      |                      uint8_t * {aka unsigned char *}
In file included from ../Core/Src/main.c:32:
f:\stm32cubeide_1.7.0\stm32cubeide\stm32cubeide_1.7.0\stm32cubeide\plugins\com.st.stm32cube.ide.mcu.externaltools.gnu-tools-for-stm32.9-2020-q2-update.win32_2.0.0.202105311346\tools\arm-none-eabi\include\string.h:38:8: note: expected 'const char * restrict' but argument is of type 'uint8_t *' {aka 'unsigned char *'}
   38 | char  *strcpy (char *__restrict, const char *__restrict);
      |        ^~~~~~
../Core/Src/main.c:197:15: warning: pointer targets in passing argument 1 of 'sprintf' differ in signedness [-Wpointer-sign]
  197 |       sprintf(Tx_data, "Niepoprawna komenda\n");
      |               ^~~~~~~
      |               |
      |               uint8_t * {aka unsigned char *}
In file included from ../Core/Src/main.c:29:
f:\stm32cubeide_1.7.0\stm32cubeide\stm32cubeide_1.7.0\stm32cubeide\plugins\com.st.stm32cube.ide.mcu.externaltools.gnu-tools-for-stm32.9-2020-q2-update.win32_2.0.0.202105311346\tools\arm-none-eabi\include\stdio.h:244:14: note: expected 'char * restrict' but argument is of type 'uint8_t *' {aka 'unsigned char *'}
  244 | int sprintf (char *__restrict, const char *__restrict, ...)
      |              ^
../Core/Src/main.c: In function 'main':
../Core/Src/main.c:259:3: warning: braces around scalar initializer
  259 |   static GPIO_TypeDef* leds0[2] = {{BIA_GPIO_Port}, {BRO_GPIO_Port}};
      |   ^~~~~~
../Core/Src/main.c:259:3: note: (near initialization for 'leds0[0]')
../Core/Src/main.c:259:3: warning: braces around scalar initializer
../Core/Src/main.c:259:3: note: (near initialization for 'leds0[1]')
../Core/Src/main.c:260:3: warning: braces around scalar initializer
  260 |   static uint16_t leds0_pins[2] = {{BIA_Pin}, {BRO_Pin}};
      |   ^~~~~~
../Core/Src/main.c:260:3: note: (near initialization for 'leds0_pins[0]')
../Core/Src/main.c:260:3: warning: braces around scalar initializer
../Core/Src/main.c:260:3: note: (near initialization for 'leds0_pins[1]')
../Core/Src/main.c:265:11: warning: unused variable 'size' [-Wunused-variable]
  265 |   uint8_t size;
      |           ^~~~
../Core/Src/main.c:264:8: warning: unused variable 'mess' [-Wunused-variable]
  264 |   char mess[50];
      |        ^~~~
../Core/Src/main.c:260:19: warning: unused variable 'leds0_pins' [-Wunused-variable]
  260 |   static uint16_t leds0_pins[2] = {{BIA_Pin}, {BRO_Pin}};
      |                   ^~~~~~~~~~
At top level:
../Core/Src/main.c:260:19: warning: 'leds0_pins' defined but not used [-Wunused-variable]
arm-none-eabi-gcc -o "NUCLEO.elf" @"objects.list"   -mcpu=cortex-m4 -T"F:\cube ide\NUCLEO\STM32F303RETX_FLASH.ld" --specs=nosys.specs -Wl,-Map="NUCLEO.map" -Wl,--gc-sections -static --specs=nano.specs -mfpu=fpv4-sp-d16 -mfloat-abi=hard -mthumb -Wl,--start-group -lc -lm -Wl,--end-group
Finished building target: NUCLEO.elf
 
arm-none-eabi-size   NUCLEO.elf 
arm-none-eabi-objdump -h -S  NUCLEO.elf  > "NUCLEO.list"
arm-none-eabi-objcopy  -O binary  NUCLEO.elf  "NUCLEO.bin"
   text	   data	    bss	    dec	    hex	filename
  25560	    128	   2104	  27792	   6c90	NUCLEO.elf
Finished building: default.size.stdout
 
Finished building: NUCLEO.bin
 
Finished building: NUCLEO.list
 

22:22:03 Build Finished. 0 errors, 13 warnings. (took 1s.847ms)

